当前日期: 2020/04/28 周二 
当前时间: 10:54:08.48


主机名:           DESKTOP-SUAN5I5
OS 名称:          Microsoft Windows 10 专业版
OS 版本:          10.0.18362 暂缺 Build 18362
OS 制造商:        Microsoft Corporation
OS 配置:          独立工作站
OS 构件类型:      Multiprocessor Free
注册的所有人:     Windows 用户
注册的组织:       
产品 ID:          00331-20300-00000-AA975
初始安装日期:     2019/9/20, 12:09:04
系统启动时间:     2020/4/28, 9:49:41
系统制造商:       MSI
系统型号:         MS-7A37
系统类型:         x64-based PC
处理器:           安装了 1 个处理器。
                  [01]: AMD64 Family 23 Model 1 Stepping 1 AuthenticAMD ~3600 Mhz
BIOS 版本:        American Megatrends Inc. 1.50, 2017/6/22
Windows 目录:     C:\WINDOWS
系统目录:         C:\WINDOWS\system32
启动设备:         \Device\HarddiskVolume2
系统区域设置:     zh-cn;中文(中国)
输入法区域设置:   zh-cn;中文(中国)
时区:             (UTC+08:00) 北京，重庆，香港特别行政区，乌鲁木齐
物理内存总量:     16,336 MB
可用的物理内存:   11,378 MB
虚拟内存: 最大值: 20,688 MB
虚拟内存: 可用:   12,661 MB
虚拟内存: 使用中: 8,027 MB
页面文件位置:     C:\pagefile.sys
域:               WORKGROUP
登录服务器:       \\DESKTOP-SUAN5I5
修补程序:         安装了 11 个修补程序。
                  [01]: KB4534132
                  [02]: KB4515383
                  [03]: KB4516115
                  [04]: KB4521863
                  [05]: KB4524569
                  [06]: KB4528759
                  [07]: KB4537759
                  [08]: KB4538674
                  [09]: KB4541338
                  [10]: KB4552152
                  [11]: KB4549951
网卡:             安装了 4 个 NIC。
                  [01]: VMware Virtual Ethernet Adapter for VMnet8
                      连接名:      VMware Network Adapter VMnet8
                      启用 DHCP:   否
                      IP 地址
                        [01]: 192.168.202.1
                        [02]: fe80::158d:2c5d:9b9c:b210
                  [02]: VMware Virtual Ethernet Adapter for VMnet1
                      连接名:      VMware Network Adapter VMnet1
                      启用 DHCP:   否
                      IP 地址
                        [01]: 192.168.186.1
                        [02]: fe80::680e:81dd:df14:1e3b
                  [03]: Sangfor SSL VPN CS Support System VNIC
                      连接名:      以太网 2
                      状态:        媒体连接已中断
                  [04]: Realtek PCIe GbE Family Controller
                      连接名:      以太网
                      启用 DHCP:   是
                      DHCP 服务器: 192.168.31.1
                      IP 地址
                        [01]: 192.168.31.178
                        [02]: fe80::3ce0:d9e9:d708:cbc6
Hyper-V 要求:     虚拟机监视器模式扩展: 是
                  固件中已启用虚拟化: 是
                  二级地址转换: 是
                  数据执行保护可用: 是


HKLM\System\CurrentControlSet\Services
   AarSvc
     %SystemRoot%\system32\svchost.exe -k AarSvcGroup -p
     Agent Activation Runtime: Runtime for activating conversational agent applications
     Microsoft Corporation
     10.0.18362.628
     c:\windows\system32\aarsvc.dll
     2002/4/9 23:29
   AarSvc_d5c10
     C:\WINDOWS\system32\svchost.exe -k AarSvcGroup -p
     Agent Activation Runtime_d5c10: Runtime for activating conversational agent applications
     Microsoft Corporation
     10.0.18362.1
     c:\windows\system32\svchost.exe
     1997/1/11 6:26
   AdobeARMservice
     "C:\Program Files (x86)\Common Files\Adobe\ARM\1.0\armsvc.exe"
     Adobe Acrobat Update Service: Adobe Acrobat Updater keeps your Adobe software up to date.
     Adobe Systems
     1.824.35.289
     c:\program files (x86)\common files\adobe\arm\1.0\armsvc.exe
     2019/9/11 14:08
   AdobeUpdateService
     "C:\Program Files (x86)\Common Files\Adobe\Adobe Desktop Common\ElevationManager\AdobeUpdateService.exe"
     AdobeUpdateService: Adobe Update Service
     Adobe Inc.
     4.7.0.400
     c:\program files (x86)\common files\adobe\adobe desktop common\elevationmanager\adobeupdateservice.exe
     2018/9/13 17:31
   AGMService
     "C:\Program Files (x86)\Common Files\Adobe\AdobeGCClient\AGMService.exe"
     Adobe Genuine Monitor Service: Adobe Genuine Monitor Service
     Adobe Systems, Incorporated
     6.3.0.73
     c:\program files (x86)\common files\adobe\adobegcclient\agmservice.exe
     2019/5/4 22:21
   AGSService
     "C:\Program Files (x86)\Common Files\Adobe\AdobeGCClient\AGSService.exe"
     Adobe Genuine Software Integrity Service: Adobe Genuine Software Integrity Service
     Adobe Systems, Incorporated
     6.3.0.73
     c:\program files (x86)\common files\adobe\adobegcclient\agsservice.exe
     2019/5/4 22:21
   AJRouter
     %SystemRoot%\system32\svchost.exe -k LocalServiceNetworkRestricted -p
     AllJoyn Router Service: 路由本地 AllJoyn 客户端的 AllJoyn 消息。如果停止此服务，则自身没有捆绑路由器的 AllJoyn 客户端将无法运行。
     Microsoft Corporation
     10.0.18362.1
     c:\windows\system32\ajrouter.dll
     1963/11/25 19:41
   ALG
     %SystemRoot%\System32\alg.exe
     Application Layer Gateway Service: 为 Internet 连接共享提供第三方协议插件的支持
     Microsoft Corporation
     10.0.18362.1
     c:\windows\system32\alg.exe
     1944/8/31 21:22
   AMD External Events Utility
     %SystemRoot%\System32\DriverStore\FileRepository\u0353575.inf_amd64_8e19095ae833d985\B353558\atiesrxx.exe
     AMD External Events Utility: AMD External Events Service Module
     AMD
     26.20.15029.20013
     c:\windows\system32\driverstore\filerepository\u0353575.inf_amd64_8e19095ae833d985\b353558\atiesrxx.exe
     2020/4/2 3:15
   AppIDSvc
     %SystemRoot%\system32\svchost.exe -k LocalServiceNetworkRestricted -p
     Application Identity: 确定并验证应用程序的标识。禁用此服务将阻止强制执行 AppLocker。
     Microsoft Corporation
     10.0.18362.1
     c:\windows\system32\appidsvc.dll
     1968/12/30 23:44
   Appinfo
     %SystemRoot%\system32\svchost.exe -k netsvcs -p
     Application Information: 使用辅助管理权限便于交互式应用程序的运行。如果停止此服务，用户将无法使用辅助管理权限启动应用程序，而执行所需用户任务可能需要这些权限。
     Microsoft Corporation
     10.0.18362.693
     c:\windows\system32\appinfo.dll
     1958/3/26 23:40
   AppMgmt
     %SystemRoot%\system32\svchost.exe -k netsvcs -p
     Application Management: 为通过组策略部署的软件处理安装、删除以及枚举请求。如果该服务被禁用，则用户将不能安装、删除或枚举通过组策略部署的软件。如果此服务被禁用，则直接依赖于它的所有服务都将无法启动。
     Microsoft Corporation
     10.0.18362.1
     c:\windows\system32\appmgmts.dll
     2018/10/26 21:07
   AppReadiness
     %SystemRoot%\System32\svchost.exe -k AppReadiness -p
     App Readiness: 当用户初次登录到这台电脑和添加新应用时，使应用进入就绪可用的状态。
     Microsoft Corporation
     10.0.18362.1
     c:\windows\system32\appreadiness.dll
     2031/1/25 18:43
   AppXSvc
     %systemroot%\system32\svchost.exe -k wsappx -p
     AppX Deployment Service (AppXSVC): 为部署 Microsoft Store 应用程序提供基础结构支持。此服务根据需要启动，如果已禁用的 Microsoft Store 应用程序未部署到系统，此服务可能无法正常工作。
     Microsoft Corporation
     10.0.18362.752
     c:\windows\system32\appxdeploymentserver.dll
     2007/9/19 11:56
   AssignedAccessManagerSvc
     %SystemRoot%\system32\svchost.exe -k AssignedAccessManagerSvc
     AssignedAccessManager 服务: AssignedAccessManager 服务支持 Windows 中的展台体验。
     Microsoft Corporation
     10.0.18362.387
     c:\windows\system32\assignedaccessmanagersvc.dll
     1930/11/17 0:04
   aswbIDSAgent
     "C:\Program Files\AVAST Software\Avast\aswidsagent.exe"
     aswbIDSAgent: Provides Identity Protection Against Cyber Crime.
     AVAST Software
     20.2.5130.0
     c:\program files\avast software\avast\aswidsagent.exe
     2020/3/29 16:56
   AudioEndpointBuilder
     %SystemRoot%\System32\svchost.exe -k LocalSystemNetworkRestricted -p
     Windows Audio Endpoint Builder: 管理 Windows 音频服务的音频设备。如果停止了此服务，音频设备和效果将无法正常工作。如果禁用了此服务，任何明确依赖它的服务将无法启动
     Microsoft Corporation
     10.0.18362.752
     c:\windows\system32\audioendpointbuilder.dll
     1921/1/25 6:18
   Audiosrv
     %SystemRoot%\System32\svchost.exe -k LocalServiceNetworkRestricted -p
     Windows Audio: 管理基于 Windows 的程序的音频。如果此服务被停止，音频设备和效果将不能正常工作。如果此服务被禁用，任何依赖它的服务将无法启动
     Microsoft Corporation
     10.0.18362.752
     c:\windows\system32\audiosrv.dll
     1970/6/6 5:46
   autotimesvc
     %SystemRoot%\system32\svchost.exe -k autoTimeSvc
     手机网络时间: 此服务基于移动网络中的 NITZ 消息设置时间
     Microsoft Corporation
     10.0.18362.1
     c:\windows\system32\autotimesvc.dll
     2028/12/14 16:15
   avast! Antivirus
     "C:\Program Files\AVAST Software\Avast\AvastSvc.exe" /runassvc
     Avast Antivirus: 管理并对此计算机部署 Avast 防病毒服务。这包括实时防护、病毒隔离区和计划程序。
     AVAST Software
     20.2.5130.0
     c:\program files\avast software\avast\avastsvc.exe
     2020/3/29 16:58
   avast! Firewall
     "C:\Program Files\AVAST Software\Avast\afwServ.exe"
     Avast Firewall Service: Implements main functionality for avast! Firewall
     AVAST Software
     20.2.5130.0
     c:\program files\avast software\avast\afwserv.exe
     2020/3/29 17:11
   AvastWscReporter
     "C:\Program Files\AVAST Software\Avast\wsc_proxy.exe" /runassvc /rpcserver
     AvastWscReporter: Avast remediation exe
     AVAST Software
     20.2.5130.0
     c:\program files\avast software\avast\wsc_proxy.exe
     2020/3/29 17:13
   AxInstSV
     %SystemRoot%\system32\svchost.exe -k AxInstSVGroup
     ActiveX Installer (AxInstSV): 为从 Internet 安装 ActiveX 控件提供用户帐户控制验证，并基于组策略设置启用对 ActiveX 控件安装的管理。此服务根据要求启动，是否禁用 ActiveX 控件的安装取决于默认浏览器设置。
     Microsoft Corporation
     10.0.18362.719
     c:\windows\system32\axinstsv.dll
     1945/5/3 10:58
   BcastDVRUserService
     %SystemRoot%\system32\svchost.exe -k BcastDVRUserService
     GameDVR 和广播用户服务: 此用户服务用于游戏录制和实况广播
     Microsoft Corporation
     10.0.18362.1
     c:\windows\system32\bcastdvruserservice.dll
     2029/5/7 22:06
   BcastDVRUserService_d5c10
     C:\WINDOWS\system32\svchost.exe -k BcastDVRUserService
     GameDVR 和广播用户服务_d5c10: 此用户服务用于游戏录制和实况广播
     Microsoft Corporation
     10.0.18362.1
     c:\windows\system32\svchost.exe
     1997/1/11 6:26
   BDESVC
     %SystemRoot%\System32\svchost.exe -k netsvcs -p
     BitLocker Drive Encryption Service: BDESVC 承载 BitLocker 驱动器加密服务。BitLocker 驱动器加密为操作系统提供安全启动保障，并为 OS、固定卷和可移动卷提供全卷加密功能。使用此服务，BitLocker 可以提示用户执行与已安装卷相关的各种操作，并自动解锁卷而无需用户交互。此外，它还会将恢复信息存储至 Active Directory (如果这种方法可用并且需要这样做)，并确保使用最新的恢复证书。停止或禁用该服务可以防止用户使用此功能。
     Microsoft Corporation
     10.0.18362.387
     c:\windows\system32\bdesvc.dll
     2027/7/14 8:40
   BEService
     "C:\Program Files (x86)\Common Files\BattlEye\BEService.exe"
     BattlEye Service: 
     c:\program files (x86)\common files\battleye\beservice.exe
     2018/7/31 10:00
   BFE
     %systemroot%\system32\svchost.exe -k LocalServiceNoNetworkFirewall -p
     Base Filtering Engine: 基本筛选引擎(BFE)是一种管理防火墙和 Internet 协议安全(IPsec)策略以及实施用户模式筛选的服务。停止或禁用 BFE 服务将大大降低系统的安全。还将造成 IPsec 管理和防火墙应用程序产生不可预知的行为。
     Microsoft Corporation
     10.0.18362.207
     c:\windows\system32\bfe.dll
     1981/3/21 16:18
   BITS
     %SystemRoot%\System32\svchost.exe -k netsvcs -p
     Background Intelligent Transfer Service: 使用空闲网络带宽在后台传送文件。如果该服务被禁用，则依赖于 BITS 的任何应用程序(如 Windows 更新或 MSN Explorer)将无法自动下载程序和其他信息。
     Microsoft Corporation
     7.8.18362.719
     c:\windows\system32\qmgr.dll
     1983/10/16 19:20
   BluetoothUserService
     %SystemRoot%\system32\svchost.exe -k BthAppGroup -p
     蓝牙用户支持服务: 蓝牙用户服务支持与每个用户会话相关的蓝牙功能的正确运行。
     Microsoft Corporation
     10.0.18362.449
     c:\windows\system32\microsoft.bluetooth.userservice.dll
     1953/4/13 18:50
   BluetoothUserService_d5c10
     C:\WINDOWS\system32\svchost.exe -k BthAppGroup -p
     蓝牙用户支持服务_d5c10: 蓝牙用户服务支持与每个用户会话相关的蓝牙功能的正确运行。
     Microsoft Corporation
     10.0.18362.1
     c:\windows\system32\svchost.exe
     1997/1/11 6:26
   BrokerInfrastructure
     %SystemRoot%\system32\svchost.exe -k DcomLaunch -p
     Background Tasks Infrastructure Service: 控制哪些后台任务可以在系统上运行的 Windows 基础结构服务。
     Microsoft Corporation
     10.0.18362.295
     c:\windows\system32\psmsrv.dll
     2025/9/30 8:40
   BTAGService
     %SystemRoot%\system32\svchost.exe -k LocalServiceNetworkRestricted
     蓝牙音频网关服务: 支持蓝牙免提规范音频网关角色的服务。
     Microsoft Corporation
     10.0.18362.752
     c:\windows\system32\btagservice.dll
     1949/5/21 17:08
   BthAvctpSvc
     %SystemRoot%\system32\svchost.exe -k LocalService -p
     AVCTP 服务: 这是音频视频控制传输协议服务
     Microsoft Corporation
     10.0.18362.1
     c:\windows\system32\bthavctpsvc.dll
     2004/9/21 18:03
   bthserv
     %SystemRoot%\system32\svchost.exe -k LocalService -p
     蓝牙支持服务: 蓝牙服务支持发现和关联远程蓝牙设备。停止或禁用此服务可能会导致已安装的蓝牙设备无法正常运行，并使新设备无法被发现或关联。
     Microsoft Corporation
     10.0.18362.1
     c:\windows\system32\bthserv.dll
     1995/5/20 9:01
   camsvc
     %SystemRoot%\system32\svchost.exe -k appmodel -p
     功能访问管理器服务: 提供设施，用于管理 UWP 应用对应用功能的访问权限以及检查应用的特定应用功能访问权限
     Microsoft Corporation
     10.0.18362.145
     c:\windows\system32\capabilityaccessmanager.dll
     1971/1/9 9:22
   CaptureService
     %SystemRoot%\system32\svchost.exe -k LocalService -p
     CaptureService: 为调用 Windows.Graphics.Capture API 的应用程序启用可选的屏幕捕获功能。
     Microsoft Corporation
     10.0.18362.1
     c:\windows\system32\captureservice.dll
     1986/2/3 11:44
   CaptureService_d5c10
     C:\WINDOWS\system32\svchost.exe -k LocalService -p
     CaptureService_d5c10: 为调用 Windows.Graphics.Capture API 的应用程序启用可选的屏幕捕获功能。
     Microsoft Corporation
     10.0.18362.1
     c:\windows\system32\svchost.exe
     1997/1/11 6:26
   cbdhsvc
     %SystemRoot%\system32\svchost.exe -k ClipboardSvcGroup -p
     剪贴板用户服务: 此用户服务用于剪贴板方案
     Microsoft Corporation
     10.0.18362.329
     c:\windows\system32\cbdhsvc.dll
     1962/1/22 14:00
   cbdhsvc_d5c10
     C:\WINDOWS\system32\svchost.exe -k ClipboardSvcGroup -p
     剪贴板用户服务_d5c10: 此用户服务用于剪贴板方案
     Microsoft Corporation
     10.0.18362.1
     c:\windows\system32\svchost.exe
     1997/1/11 6:26
   CDPSvc
     %SystemRoot%\system32\svchost.exe -k LocalService -p
     连接设备平台服务: 此服务用于连接设备平台方案
     Microsoft Corporation
     10.0.18362.657
     c:\windows\system32\cdpsvc.dll
     2028/11/5 9:38
   CDPUserSvc
     %SystemRoot%\system32\svchost.exe -k UnistackSvcGroup
     连接设备平台用户服务: 此用户服务用于连接设备平台方案
     Microsoft Corporation
     10.0.18362.449
     c:\windows\system32\cdpusersvc.dll
     2013/10/19 2:02
   CDPUserSvc_d5c10
     C:\WINDOWS\system32\svchost.exe -k UnistackSvcGroup
     连接设备平台用户服务_d5c10: 此用户服务用于连接设备平台方案
     Microsoft Corporation
     10.0.18362.1
     c:\windows\system32\svchost.exe
     1997/1/11 6:26
   CertPropSvc
     %SystemRoot%\system32\svchost.exe -k netsvcs
     Certificate Propagation: 将用户证书和根证书从智能卡复制到当前用户的证书存储，检测智能卡何时插入到智能卡读卡器中，并在需要时安装智能卡即插即用微型驱动器。
     Microsoft Corporation
     10.0.18362.1
     c:\windows\system32\certprop.dll
     1981/3/4 21:47
   ClickToRunSvc
     "C:\Program Files\Common Files\Microsoft Shared\ClickToRun\OfficeClickToRun.exe" /service
     Microsoft Office 即点即用服务: ‪管理 Microsoft Office 及其相关更新的资源协调、后台下载和系统集成。使用任何 Microsoft Office 程序、初始下载安装以及所有后续更新期间需要运行此服务。‬
     Microsoft Corporation
     16.0.12816.20006
     c:\program files\common files\microsoft shared\clicktorun\officeclicktorun.exe
     2020/4/21 4:52
   ClipSVC
     %SystemRoot%\System32\svchost.exe -k wsappx -p
     Client License Service (ClipSVC): 提供对 Microsoft Store 的基础结构支持。此服务按需启动，并且如果禁用了此服务，则使用 Windows Store 购买的应用程序将无法正常运行。
     Microsoft Corporation
     10.0.18362.693
     c:\windows\system32\clipsvc.dll
     2010/8/6 14:29
   COMSysApp
     %SystemRoot%\system32\dllhost.exe /Processid:{02D4B3F1-FD88-11D1-960D-00805FC79235}
     COM+ System Application: 管理基于组件对象模型 (COM+) 的组件的配置和跟踪。如果停止该服务，则大多数基于 COM+ 的组件将不能正常工作。如果禁用该服务，则任何明确依赖它的服务都将无法启动。
     Microsoft Corporation
     10.0.18362.1
     c:\windows\system32\dllhost.exe
     1954/11/21 4:34
   ConsentUxUserSvc
     %SystemRoot%\system32\svchost.exe -k DevicesFlow
     ConsentUX: 允许 ConnectUX 和电脑设置连接 WLAN 显示器和蓝牙设备并与其配对。
     Microsoft Corporation
     10.0.18362.1
     c:\windows\system32\consentuxclient.dll
     2029/6/16 6:36
   ConsentUxUserSvc_d5c10
     C:\WINDOWS\system32\svchost.exe -k DevicesFlow
     ConsentUX_d5c10: 允许 ConnectUX 和电脑设置连接 WLAN 显示器和蓝牙设备并与其配对。
     Microsoft Corporation
     10.0.18362.1
     c:\windows\system32\svchost.exe
     1997/1/11 6:26
   CoreMessagingRegistrar
     %SystemRoot%\system32\svchost.exe -k LocalServiceNoNetwork -p
     CoreMessaging: Manages communication between system components.
     Microsoft Corporation
     10.0.18362.1
     c:\windows\system32\coremessaging.dll
     1978/7/25 3:40
   CredentialEnrollmentManagerUserSvc
     %SystemRoot%\system32\CredentialEnrollmentManager.exe
     CredentialEnrollmentManagerUserSvc: 凭据注册管理器
     Microsoft Corporation
     10.0.18362.1
     c:\windows\system32\credentialenrollmentmanager.exe
     1951/7/19 13:52
   CredentialEnrollmentManagerUserSvc_d5c10
     C:\WINDOWS\system32\CredentialEnrollmentManager.exe
     CredentialEnrollmentManagerUserSvc_d5c10: 凭据注册管理器
     Microsoft Corporation
     10.0.18362.1
     c:\windows\system32\credentialenrollmentmanager.exe
     1951/7/19 13:52
   CryptSvc
     %SystemRoot%\system32\svchost.exe -k NetworkService -p
     Cryptographic Services: 提供三种管理服务: 编录数据库服务，用于确认 Windows 文件的签名和允许安装新程序；受保护的根服务，它从此计算机添加和删除受信任的根证书颁发机构的证书；自动根证书更新服务，用于从 Windows 更新中检索根证书和启用 SSL 等方案。如果此服务已停止，这些管理服务将无法正常运行。如果此服务已禁用，任何明确依赖它的服务将无法启动。
     Microsoft Corporation
     10.0.18362.1
     c:\windows\system32\cryptsvc.dll
     2036/1/12 17:07
   CscService
     %SystemRoot%\System32\svchost.exe -k LocalSystemNetworkRestricted -p
     Offline Files: 脱机文件服务在脱机文件缓存中执行维护活动，响应用户登录和注销事件，实现公共 API 的内部部分，并将相关的事件分配给关心脱机文件活动和缓存更改的用户。
     Microsoft Corporation
     10.0.18362.719
     c:\windows\system32\cscsvc.dll
     2002/4/22 18:24
   DcomLaunch
     %SystemRoot%\system32\svchost.exe -k DcomLaunch -p
     DCOM Server Process Launcher: DCOMLAUNCH 服务可启动 COM 和 DCOM 服务器，以响应对象激活请求。如果此服务被停用或禁用，则使用 COM 或 DCOM 的程序将无法正常工作。强烈建议你运行 DCOMLAUNCH 服务。
     Microsoft Corporation
     10.0.18362.752
     c:\windows\system32\rpcss.dll
     1942/9/3 2:10
   defragsvc
     %SystemRoot%\system32\svchost.exe -k defragsvc
     Optimize drives: 通过优化存储驱动器上的文件来帮助计算机更高效地运行。
     Microsoft Corporation
     10.0.18362.657
     c:\windows\system32\defragsvc.dll
     1903/4/15 1:37
   DeviceAssociationBrokerSvc
     %SystemRoot%\system32\svchost.exe -k DevicesFlow -p
     DeviceAssociationBroker: Enables apps to pair devices
     Microsoft Corporation
     10.0.18362.752
     c:\windows\system32\deviceaccess.dll
     1952/6/21 13:14
   DeviceAssociationBrokerSvc_d5c10
     C:\WINDOWS\system32\svchost.exe -k DevicesFlow -p
     DeviceAssociationBroker_d5c10: Enables apps to pair devices
     Microsoft Corporation
     10.0.18362.1
     c:\windows\system32\svchost.exe
     1997/1/11 6:26
   DeviceAssociationService
     %SystemRoot%\system32\svchost.exe -k LocalSystemNetworkRestricted -p
     Device Association Service: 在系统与有线或无线设备之间启用匹配。
     Microsoft Corporation
     10.0.18362.1
     c:\windows\system32\das.dll
     2012/9/16 19:48
   DeviceInstall
     %SystemRoot%\system32\svchost.exe -k DcomLaunch -p
     Device Install Service: 使计算机在极少或没有用户输入的情况下能识别并适应硬件的更改。终止或禁用此服务会造成系统不稳定。
     Microsoft Corporation
     10.0.18362.1
     c:\windows\system32\umpnpmgr.dll
     1947/11/16 17:19
   DevicePickerUserSvc
     %SystemRoot%\system32\svchost.exe -k DevicesFlow
     DevicePicker: 此用户服务用于管理 Miracast、DLNA 和拨号用户界面
     Microsoft Corporation
     10.0.18362.1
     c:\windows\system32\windows.devices.picker.dll
     1926/12/18 5:04
   DevicePickerUserSvc_d5c10
     C:\WINDOWS\system32\svchost.exe -k DevicesFlow
     DevicePicker_d5c10: 此用户服务用于管理 Miracast、DLNA 和拨号用户界面
     Microsoft Corporation
     10.0.18362.1
     c:\windows\system32\svchost.exe
     1997/1/11 6:26
   DevicesFlowUserSvc
     %SystemRoot%\system32\svchost.exe -k DevicesFlow
     DevicesFlow: 允许 ConnectUX 和电脑设置连接 WLAN 显示器和蓝牙设备并与其配对。
     Microsoft Corporation
     10.0.18362.449
     c:\windows\system32\devicesflowbroker.dll
     1993/9/29 2:23
   DevicesFlowUserSvc_d5c10
     C:\WINDOWS\system32\svchost.exe -k DevicesFlow
     DevicesFlow_d5c10: 允许 ConnectUX 和电脑设置连接 WLAN 显示器和蓝牙设备并与其配对。
     Microsoft Corporation
     10.0.18362.1
     c:\windows\system32\svchost.exe
     1997/1/11 6:26
   DevQueryBroker
     %SystemRoot%\system32\svchost.exe -k LocalSystemNetworkRestricted -p
     DevQuery Background Discovery Broker: 使应用能够发现具有后台任务的设备
     Microsoft Corporation
     10.0.18362.535
     c:\windows\system32\devquerybroker.dll
     2019/5/1 9:44
   Dhcp
     %SystemRoot%\system32\dhcpcore.dll
     DHCP Client: 为此计算机注册并更新 IP 地址。如果此服务停止，计算机将不能接收动态 IP 地址和 DNS 更新。如果此服务被禁用，所有明确依赖它的服务都将不能启动。
     Microsoft Corporation
     10.0.18362.267
     c:\windows\system32\dhcpcore.dll
     1921/5/26 1:01
   diagnosticshub.standardcollector.service
     %SystemRoot%\system32\DiagSvcs\DiagnosticsHub.StandardCollector.Service.exe
     Microsoft (R) 诊断中心标准收集器服务: 诊断中心标准收集器服务。运行时，此服务会收集实时 ETW 事件，并对其进行处理。
     Microsoft Corporation
     11.0.18362.719
     c:\windows\system32\diagsvcs\diagnosticshub.standardcollector.service.exe
     1960/12/18 14:06
   diagsvc
     %SystemRoot%\System32\svchost.exe -k diagnostics
     Diagnostic Execution Service: Executes diagnostic actions for troubleshooting support
     Microsoft Corporation
     10.0.18362.449
     c:\windows\system32\diagsvc.dll
     1975/9/23 6:11
   DiagTrack
     %SystemRoot%\System32\svchost.exe -k utcsvc -p
     Connected User Experiences and Telemetry: Connected User Experiences and Telemetry 服务所启用的功能支持应用程序中用户体验和连接的用户体验。此外，如果在“反馈和诊断”下启用诊断和使用情况隐私选项设置，则此服务可以根据事件来管理诊断和使用情况信息的收集和传输(用于改进 Windows 平台的体验和质量)。
     Microsoft Corporation
     10.0.18362.778
     c:\windows\system32\diagtrack.dll
     1929/9/20 0:11
   DispBrokerDesktopSvc
     %SystemRoot%\system32\svchost.exe -k LocalService -p
     显示策略服务: 管理本地和远程显示器的连接和配置
     Microsoft Corporation
     10.0.18362.628
     c:\windows\system32\dispbroker.desktop.dll
     1960/5/17 21:01
   DisplayEnhancementService
     %SystemRoot%\system32\svchost.exe -k LocalSystemNetworkRestricted -p
     显示增强服务: 用于管理显示增强(如亮度控制)的服务。
     Microsoft Corporation
     10.0.18362.693
     c:\windows\system32\microsoft.graphics.display.displayenhancementservice.dll
     1978/7/10 22:04
   DmEnrollmentSvc
     %systemroot%\system32\svchost.exe -k netsvcs -p
     设备管理注册服务: 为设备管理执行设备注册活动
     Microsoft Corporation
     10.0.18362.752
     c:\windows\system32\windows.internal.management.dll
     1998/9/1 18:45
   dmwappushservice
     %SystemRoot%\system32\svchost.exe -k netsvcs -p
     设备管理无线应用程序协议 (WAP) 推送消息路由服务: 路由设备收到的无线应用程序协议 (WAP) 推送消息并同步设备管理会话
     Microsoft Corporation
     10.0.18362.1
     c:\windows\system32\dmwappushsvc.dll
     2012/7/28 14:50
   Dnscache
     %SystemRoot%\system32\svchost.exe -k NetworkService -p
     DNS Client: DNS 客户端服务(dnscache)缓存域名系统(DNS)名称并注册该计算机的完整计算机名。如果该服务被停止，将继续解析 DNS 名称。然而，将不缓存 DNS 名称的查询结果，且不注册计算机名。如果该服务被禁用，则任何明确依赖于它的服务都将无法启动。
     Microsoft Corporation
     10.0.18362.267
     c:\windows\system32\dnsrslvr.dll
     1948/6/5 15:29
   DoSvc
     %SystemRoot%\system32\dosvc.dll
     Delivery Optimization: 执行内容传递优化任务
     Microsoft Corporation
     10.0.18362.778
     c:\windows\system32\dosvc.dll
     2018/2/1 7:49
   dot3svc
     %SystemRoot%\system32\svchost.exe -k LocalSystemNetworkRestricted -p
     Wired AutoConfig: 有线自动配置(DOT3SVC)服务负责对以太网接口执行 IEEE 802.1X 身份验证。如果当前有线网络部署强制执行 802.1X 身份验证，则应配置 DOT3SVC 服务运行以用于建立第 2 层连接性和/或用于提供对网络资源的访问权限。DOT3SVC 服务会影响到强制执行 802.1X 身份验证的有线网络。
     Microsoft Corporation
     10.0.18362.778
     c:\windows\system32\dot3svc.dll
     1930/2/9 1:46
   DPS
     %SystemRoot%\System32\svchost.exe -k LocalServiceNoNetwork -p
     Diagnostic Policy Service: 诊断策略服务启用了 Windows 组件的问题检测、疑难解答和解决方案。如果该服务被停止，诊断将不再运行。
     Microsoft Corporation
     10.0.18362.1
     c:\windows\system32\dps.dll
     2035/9/12 3:05
   DsmSvc
     %SystemRoot%\system32\svchost.exe -k netsvcs -p
     Device Setup Manager: 支持检测、下载和安装与设备相关的软件。如果此服务被禁用，则可能使用过期软件对设备进行配置，因此设备可能无法正常工作。
     Microsoft Corporation
     10.0.18362.1
     c:\windows\system32\devicesetupmanager.dll
     1993/9/3 13:55
   DsSvc
     %SystemRoot%\System32\svchost.exe -k LocalSystemNetworkRestricted -p
     Data Sharing Service: 提供应用程序之间的数据代理。
     Microsoft Corporation
     10.0.18362.657
     c:\windows\system32\dssvc.dll
     1961/11/23 23:10
   DusmSvc
     %SystemRoot%\System32\svchost.exe -k LocalServiceNetworkRestricted -p
     数据使用量: 网络数据使用量，流量上限，限制背景数据，按流量计费的网络。
     Microsoft Corporation
     10.0.18362.693
     c:\windows\system32\dusmsvc.dll
     1910/1/10 2:29
   Eaphost
     %SystemRoot%\System32\svchost.exe -k netsvcs -p
     Extensible Authentication Protocol: 可扩展的身份验证协议(EAP)服务在以下情况下提供网络身份验证: 802.1x 有线和无线、VPN 和网络访问保护(NAP)。EAP 在身份验证过程中也提供网络访问客户端使用的应用程序编程接口(API)，包括无线客户端和 VPN 客户端。如果禁用此服务，该计算机将无法访问需要 EAP 身份验证的网络。
     Microsoft Corporation
     10.0.18362.1
     c:\windows\system32\eapsvc.dll
     1941/6/28 16:34
   EFS
     %SystemRoot%\System32\lsass.exe
     Encrypting File System (EFS): 提供用于在 NTFS 文件系统卷上存储加密文件的核心文件加密技术。如果停止或禁用此服务，则应用程序将无法访问加密的文件。
     Microsoft Corporation
     10.0.18362.1
     c:\windows\system32\lsass.exe
     1947/7/4 6:51
   embeddedmode
     %SystemRoot%\System32\svchost.exe -k LocalSystemNetworkRestricted -p
     嵌入模式: 嵌入式服务启用与后台应用程序相关的方案。禁用此服务会阻止激活后台应用程序。
     Microsoft Corporation
     10.0.18362.1
     c:\windows\system32\embeddedmodesvc.dll
     2000/3/15 6:03
   EntAppSvc
     %systemroot%\system32\svchost.exe -k appmodel -p
     Enterprise App Management Service: 启用企业应用程序管理。
     Microsoft Corporation
     10.0.18362.1
     c:\windows\system32\enterpriseappmgmtsvc.dll
     1991/9/30 11:30
   EventLog
     %SystemRoot%\System32\wevtsvc.dll
     Windows Event Log: 此服务管理事件和事件日志。它支持日志记录事件、查询事件、订阅事件、归档事件日志以及管理事件元数据。它可以用 XML 和纯文本两种格式显示事件。停止该服务可能危及系统的安全性和可靠性。
     Microsoft Corporation
     10.0.18362.752
     c:\windows\system32\wevtsvc.dll
     1932/10/5 14:22
   EventSystem
     %SystemRoot%\system32\svchost.exe -k LocalService -p
     COM+ Event System: 支持系统事件通知服务 (SENS)，此服务为订阅的组件对象模型 (COM) 组件提供自动分布事件功能。如果停止此服务，SENS 将关闭，而且不能提供登录和注销通知。如果禁用此服务，显式依赖此服务的其他服务都将无法启动。
     Microsoft Corporation
     2001.12.10941.16384
     c:\windows\system32\es.dll
     1914/7/21 9:03
   Fax
     %systemroot%\system32\fxssvc.exe
     Fax: 利用计算机或网络上的可用传真资源发送和接收传真。
     Microsoft Corporation
     10.0.18362.1
     c:\windows\system32\fxssvc.exe
     2004/5/13 19:24
   fdPHost
     %SystemRoot%\system32\svchost.exe -k LocalService -p
     Function Discovery Provider Host: FDPHOST 服务承载功能发现(FD)网络发现提供程序。这些 FD 提供程序为简单服务发现协议(SSDP)和 Web 服务发现(WS-D)协议提供网络发现服务。使用 FD 时停止或禁用 FDPHOST 服务将禁用这些协议的网络发现。当该服务不可用时，使用 FD 和依靠这些发现协议的网络服务将无法找到网络服务或资源。
     Microsoft Corporation
     10.0.18362.1
     c:\windows\system32\fdphost.dll
     2010/1/30 1:22
   FDResPub
     %SystemRoot%\system32\svchost.exe -k LocalServiceAndNoImpersonation -p
     Function Discovery Resource Publication: 发布该计算机以及连接到该计算机的资源，以便能够在网络上发现这些资源。如果该服务被停止，将不再发布网络资源，网络上的其他计算机将无法发现这些资源。
     Microsoft Corporation
     10.0.18362.1
     c:\windows\system32\fdrespub.dll
     1965/6/24 17:03
   fhsvc
     %SystemRoot%\system32\svchost.exe -k LocalSystemNetworkRestricted -p
     File History Service: 将用户文件复制到备份位置以防意外丢失
     Microsoft Corporation
     10.0.18362.1
     c:\windows\system32\fhsvc.dll
     1918/8/27 12:39
   Flash Helper Service
     "C:\Windows\SysWOW64\Macromed\Flash\FlashHelperService.exe"
     Flash Helper Service: Flash Player更新辅助服务,确保使用最新版的 Flash Player 软件。会向重庆重橙网络科技有限公司发送匿名使用Flash相关数据以帮助改进 Flash Player。
     重庆重橙网络科技有限公司
     2.1.0.45
     c:\windows\syswow64\macromed\flash\flashhelperservice.exe
     2020/3/26 14:10
   FontCache
     %SystemRoot%\system32\svchost.exe -k LocalService -p
     Windows Font Cache Service: 通过缓存常用字体数据优化应用程序的性能。如果尚未运行该服务，则应用程序将启动该服务。也可以禁用该服务，但是这样做会降低应用程序性能。
     Microsoft Corporation
     10.0.18362.693
     c:\windows\system32\fntcache.dll
     1961/12/24 15:55
   FontCache3.0.0.0
     %systemroot%\Microsoft.Net\Framework64\v3.0\WPF\PresentationFontCache.exe
     Windows Presentation Foundation Font Cache 3.0.0.0: 通过缓存常用的字体数据来优化 Windows Presentation Foundation (WPF) 应用程序的性能。WPF 应用程序将启动此服务(如果尚未启动)。可以禁用此服务，尽管这样做会降低 WPF 应用程序的性能。
     Microsoft Corporation
     3.0.6920.9135
     c:\windows\microsoft.net\framework64\v3.0\wpf\presentationfontcache.exe
     2019/1/26 12:17
   FrameServer
     %SystemRoot%\System32\svchost.exe -k Camera
     Windows Camera Frame Server: 允许多个客户端从相机设备访问视频帧。
     Microsoft Corporation
     10.0.18362.628
     c:\windows\system32\frameserver.dll
     2027/7/25 17:08
   GoogleChromeElevationService
     "C:\Program Files (x86)\Google\Chrome\Application\81.0.4044.122\elevation_service.exe"
     Google Chrome Elevation Service: Google Chrome
     Google LLC
     81.0.4044.122
     c:\program files (x86)\google\chrome\application\81.0.4044.122\elevation_service.exe
     2020/4/21 3:34
   gpsvc
     %systemroot%\system32\svchost.exe -k netsvcs -p
     Group Policy Client: 此服务负责应用管理员通过组策略组件为计算机和用户配置的设置。如果禁用此服务，将不会应用这些设置，并且将无法通过组策略管理应用程序和组件。如果禁用此服务，依赖于组策略组件的所有组件或应用程序都将无法正常运行。
     Microsoft Corporation
     10.0.18362.1
     c:\windows\system32\gpsvc.dll
     1994/3/30 8:05
   GraphicsPerfSvc
     %SystemRoot%\System32\svchost.exe -k GraphicsPerfSvcGroup
     GraphicsPerfSvc: Graphics performance monitor service
     Microsoft Corporation
     10.0.18362.1
     c:\windows\system32\graphicsperfsvc.dll
     1946/4/24 11:01
   gupdate
     "C:\Program Files (x86)\Google\Update\GoogleUpdate.exe" /svc
     Google 更新服务 (gupdate): 请确保使用最新版的 Google 软件。如果停用或中断此服务，则您的 Google 软件就无法及时更新，这意味着无法修复潜在的安全漏洞，同时某些功能也无法正常运行。如果没有任何 Google 软件使用此服务，则此服务会自行卸载。
     Google Inc.
     1.3.33.5
     c:\program files (x86)\google\update\googleupdate.exe
     2017/4/22 9:31
   gupdatem
     "C:\Program Files (x86)\Google\Update\GoogleUpdate.exe" /medsvc
     Google 更新服务 (gupdatem): 请确保使用最新版的 Google 软件。如果停用或中断此服务，则您的 Google 软件就无法及时更新，这意味着无法修复潜在的安全漏洞，同时某些功能也无法正常运行。如果没有任何 Google 软件使用此服务，则此服务会自行卸载。
     Google Inc.
     1.3.33.5
     c:\program files (x86)\google\update\googleupdate.exe
     2017/4/22 9:31
   hidserv
     %SystemRoot%\system32\svchost.exe -k LocalSystemNetworkRestricted -p
     Human Interface Device Service: 激活键盘、遥控器和其他多媒体设备上的热按钮并继续使用这些按钮。建议你让此服务一直运行。
     Microsoft Corporation
     10.0.18362.1
     c:\windows\system32\hidserv.dll
     1916/12/9 8:17
   HvHost
     %SystemRoot%\system32\svchost.exe -k LocalSystemNetworkRestricted -p
     HV 主机服务: 为 Hyper-V 虚拟机监控程序提供接口，以便为主机操作系统提供单分区性能计数器。
     Microsoft Corporation
     10.0.18362.476
     c:\windows\system32\hvhostsvc.dll
     1959/4/13 4:03
   icssvc
     %SystemRoot%\system32\svchost.exe -k LocalServiceNetworkRestricted -p
     Windows 移动热点服务: 提供与其他设备共享手机网络数据连接的功能。
     Microsoft Corporation
     10.0.18362.387
     c:\windows\system32\tetheringservice.dll
     2036/9/22 20:13
   IKEEXT
     %systemroot%\system32\svchost.exe -k netsvcs -p
     IKE and AuthIP IPsec Keying Modules: IKEEXT 服务托管 Internet 密钥交换(IKE)和身份验证 Internet 协议(AuthIP)键控模块。这些键控模块用于 Internet 协议安全(IPSec)中的身份验证和密钥交换。停止或禁用 IKEEXT 服务将禁用与对等计算机的 IKE/AuthIP 密钥交换。通常将 IPSec 配置为使用 IKE 或 AuthIP，因此停止或禁用 IKEEXT 服务将导致 IPSec 故障并且危及系统的安全。强烈建议运行 IKEEXT 服务。
     Microsoft Corporation
     10.0.18362.207
     c:\windows\system32\ikeext.dll
     1902/3/3 6:37
   InstallService
     %SystemRoot%\System32\svchost.exe -k netsvcs -p
     Microsoft Store 安装服务: 为 Microsoft Store 提供基础结构支持。此服务按需启动，如被禁用，则安装将无法正常运行。
     Microsoft Corporation
     10.0.18362.778
     c:\windows\system32\installservice.dll
     1935/3/18 17:46
   IObitUnSvr
     C:\Program Files (x86)\IObit\IObit Uninstaller\IUService.exe
     IObit Uninstaller Service: IObit Uninstaller Service
     IObit
     9.0.0.1
     c:\program files (x86)\iobit\iobit uninstaller\iuservice.exe
     2019/8/23 16:04
   iphlpsvc
     %SystemRoot%\System32\svchost.exe -k NetSvcs -p
     IP Helper: 使用 IPv6 转换技术(6to4、ISATAP、端口代理和 Teredo)和 IP-HTTPS 提供隧道连接。如果停止该服务，则计算机将不具备这些技术提供的增强连接优势。
     Microsoft Corporation
     10.0.18362.476
     c:\windows\system32\iphlpsvc.dll
     1955/4/10 6:27
   IpOverUsbSvc
     "C:\Program Files (x86)\Common Files\Microsoft Shared\Phone Tools\CoreCon\11.0\bin\IpOverUsbSvc.exe"
     Windows Phone IP over USB Transport (IpOverUsbSvc): Enables communication between the Windows SDK and a Windows Device. If the service is stopped, application deployment and debugging will fail on device.
     Microsoft Corporation
     10.0.16299.15
     c:\program files (x86)\common files\microsoft shared\phone tools\corecon\11.0\bin\ipoverusbsvc.exe
     1958/10/12 4:41
   IpxlatCfgSvc
     %SystemRoot%\System32\svchost.exe -k LocalSystemNetworkRestricted -p
     IP 转换配置服务: 配置和启用从 v4 到 v6 的转换，反之亦然
     Microsoft Corporation
     10.0.18362.1
     c:\windows\system32\ipxlatcfg.dll
     2019/3/21 18:00
   KeyIso
     %SystemRoot%\system32\lsass.exe
     CNG Key Isolation: CNG 密钥隔离服务宿主在 LSA 进程中。如一般原则所要求，该服务为私钥和相关加密操作提供密钥进程隔离。该服务在与一般原则要求相一致的安全进程中存储和使用生存期长的密钥。
     Microsoft Corporation
     10.0.18362.1
     c:\windows\system32\lsass.exe
     1947/7/4 6:51
   KtmRm
     %SystemRoot%\System32\svchost.exe -k NetworkServiceAndNoImpersonation -p
     KtmRm for Distributed Transaction Coordinator: 协调分布式事务处理协调器(MSDTC)和内核事务管理器(KTM)之间的事务。如果不需要，建议保持该服务的停止状态。如果需要，MSDTC 和 KTM 将自动启动该服务。如果此服务已禁用，任何与内核资源管理器交互的 MSDTC 事务将失败，并且任何显式依赖它的服务将无法启动。
     Microsoft Corporation
     2001.12.10941.16384
     c:\windows\system32\msdtckrm.dll
     1986/1/17 21:44
   LanmanServer
     %SystemRoot%\system32\svchost.exe -k netsvcs -p
     Server: 支持此计算机通过网络的文件、打印、和命名管道共享。如果服务停止，这些功能不可用。如果服务被禁用，任何直接依赖于此服务的服务将无法启动。
     Microsoft Corporation
     10.0.18362.1
     c:\windows\system32\srvsvc.dll
     1927/12/31 11:11
   LanmanWorkstation
     %SystemRoot%\System32\svchost.exe -k NetworkService -p
     Workstation: 使用 SMB 协议创建并维护客户端网络与远程服务器之间的连接。如果此服务已停止，这些连接将无法使用。如果此服务已禁用，任何明确依赖它的服务将无法启动。
     Microsoft Corporation
     10.0.18362.267
     c:\windows\system32\wkssvc.dll
     1980/1/12 1:15
   lfsvc
     %SystemRoot%\system32\svchost.exe -k netsvcs -p
     Geolocation Service: 此服务将监视系统的当前位置并管理地理围栏(具有关联事件的地理位置)。如果你禁用此服务，应用程序将无法使用或接收有关地理位置或地理围栏的通知。
     Microsoft Corporation
     10.0.18362.1
     c:\windows\system32\lfsvc.dll
     1980/1/30 8:34
   LicenseManager
     %SystemRoot%\System32\svchost.exe -k LocalService -p
     Windows 许可证管理器服务: 为 Microsoft Store 提供基础结构支持。此服务按需启动，如果禁用此服务，则通过 Microsoft Store 获得的内容将无法正常运行。
     Microsoft Corporation
     10.0.18362.1
     c:\windows\system32\licensemanagersvc.dll
     2029/10/5 19:51
   lltdsvc
     %SystemRoot%\System32\svchost.exe -k LocalService -p
     Link-Layer Topology Discovery Mapper: 创建网络映射，它由电脑和设备拓扑(连接)信息以及说明每个电脑和设备的元数据组成。如果禁用此服务，则网络映射将不能正常工作。
     Microsoft Corporation
     10.0.18362.1
     c:\windows\system32\lltdsvc.dll
     1934/3/29 19:45
   lmhosts
     %SystemRoot%\System32\svchost.exe -k LocalServiceNetworkRestricted -p
     TCP/IP NetBIOS Helper: 提供 TCP/IP (NetBT) 服务上的 NetBIOS 和网络上客户端的 NetBIOS 名称解析的支持，从而使用户能够共享文件、打印和登录到网络。如果此服务被停用，这些功能可能不可用。如果此服务被禁用，任何依赖它的服务将无法启动。
     Microsoft Corporation
     10.0.18362.1
     c:\windows\system32\svchost.exe
     1997/1/11 6:26
   LSM
     %SystemRoot%\system32\svchost.exe -k DcomLaunch -p
     Local Session Manager: 管理本地用户会话的核心 Windows 服务。停止或禁用此服务将导致系统不稳定。
     Microsoft Corporation
     10.0.18362.1
     c:\windows\system32\lsm.dll
     1931/7/21 3:30
   LxpSvc
     %SystemRoot%\system32\svchost.exe -k netsvcs
     语言体验服务: 为部署和配置 Windows 本地化资源提供基础结构支持。此服务将按需启动，如果禁用，其他 Windows 语言将不会部署到系统，Windows 可能无法正常工作。
     Microsoft Corporation
     10.0.18362.1
     c:\windows\system32\languageoverlayserver.dll
     2035/1/24 21:50
   MapsBroker
     %SystemRoot%\System32\svchost.exe -k NetworkService -p
     Downloaded Maps Manager: 供应用程序访问已下载地图的 Windows 服务。此服务由访问已下载地图的应用程序按需启动。禁用此服务将阻止应用访问地图。
     Microsoft Corporation
     10.0.18362.1
     c:\windows\system32\moshost.dll
     2002/8/30 8:11
   MessagingService
     %SystemRoot%\system32\svchost.exe -k UnistackSvcGroup
     MessagingService: 支持短信及相关功能的服务。
     Microsoft Corporation
     10.0.18362.1
     c:\windows\system32\messagingservice.dll
     1946/5/2 4:09
   MessagingService_d5c10
     C:\WINDOWS\system32\svchost.exe -k UnistackSvcGroup
     MessagingService_d5c10: 支持短信及相关功能的服务。
     Microsoft Corporation
     10.0.18362.1
     c:\windows\system32\svchost.exe
     1997/1/11 6:26
   mpssvc
     %SystemRoot%\system32\svchost.exe -k LocalServiceNoNetworkFirewall -p
     Windows Defender Firewall: Windows Defender 防火墙通过阻止未授权用户通过 Internet 或网络访问你的计算机来帮助保护计算机。
     Microsoft Corporation
     10.0.18362.449
     c:\windows\system32\mpssvc.dll
     2000/5/24 14:40
   MSDTC
     %SystemRoot%\System32\msdtc.exe
     Distributed Transaction Coordinator: 协调跨多个数据库、消息队列、文件系统等资源管理器的事务。如果停止此服务，这些事务将会失败。如果禁用此服务，显式依赖此服务的其他服务将无法启动。
     Microsoft Corporation
     2001.12.10941.16384
     c:\windows\system32\msdtc.exe
     1966/9/5 6:27
   MSiSCSI
     %systemroot%\system32\svchost.exe -k netsvcs -p
     Microsoft iSCSI Initiator Service: 管理从这台计算机到远程 iSCSI 目标设备的 Internet SCSI (iSCSI)会话。如果该服务已停止，则该计算机将无法登录或访问 iSCSI 目标设备。如果该服务已禁用，则所有显式依赖于该服务的服务将不会启动。
     Microsoft Corporation
     10.0.18362.1
     c:\windows\system32\iscsiexe.dll
     1968/9/17 22:37
   msiserver
     %systemroot%\system32\msiexec.exe /V
     Windows Installer: 添加、修改和删除作为 Windows Installer 程序包(*.msi、*.msp)提供的应用程序。如果禁用此服务，则任何显式依赖它的服务均将无法启动。
     Microsoft Corporation
     5.0.18362.1
     c:\windows\system32\msiexec.exe
     2017/2/9 9:03
   MSSQL$SQLEXPRESS
     "C:\Program Files (x86)\Microsoft SQL Server\MSSQL.1\MSSQL\Binn\sqlservr.exe" -sSQLEXPRESS
     SQL Server (SQLEXPRESS): 提供数据的存储、处理和受控访问，并提供快速的事务处理。
     Microsoft Corporation
     2005.90.3042.0
     c:\program files (x86)\microsoft sql server\mssql.1\mssql\binn\sqlservr.exe
     2007/2/10 17:50
   NaturalAuthentication
     %SystemRoot%\system32\svchost.exe -k netsvcs -p
     自然身份验证: 信号聚合器服务，用于根据时间、网络、地理位置、蓝牙和 CDF 因素评估信号。支持的功能包括设备解锁、动态锁定和动态 MDM 策略
     Microsoft Corporation
     10.0.18362.1
     c:\windows\system32\naturalauth.dll
     1947/5/21 9:08
   NcaSvc
     %SystemRoot%\System32\svchost.exe -k NetSvcs -p
     Network Connectivity Assistant: 提供 UI 组件的 DirectAccess 状态通知
     Microsoft Corporation
     10.0.18362.356
     c:\windows\system32\ncasvc.dll
     1957/10/8 18:34
   NcbService
     %SystemRoot%\System32\svchost.exe -k LocalSystemNetworkRestricted -p
     Network Connection Broker: 允许 Windows 应用商店应用从 Internet 接收通知的代理连接。
     Microsoft Corporation
     10.0.18362.752
     c:\windows\system32\ncbservice.dll
     1919/10/18 19:26
   NcdAutoSetup
     %SystemRoot%\System32\svchost.exe -k LocalServiceNoNetwork -p
     Network Connected Devices Auto-Setup: 网络连接设备自动安装服务会监视和安装连接到合格网络的合格设备。停止或禁用此服务将阻止 Windows 自动发现和安装合格的网络连接设备。用户仍然可以通过用户界面将网络连接设备手动添加到电脑。
     Microsoft Corporation
     10.0.18362.1
     c:\windows\system32\ncdautosetup.dll
     1958/3/12 22:05
   Netlogon
     %systemroot%\system32\lsass.exe
     Netlogon: 为用户和服务身份验证维护此计算机和域控制器之间的安全通道。如果此服务被停用，计算机可能无法验证用户和服务身份并且域控制器无法注册 DNS 记录。如果此服务被禁用，任何依赖它的服务将无法启动。
     Microsoft Corporation
     10.0.18362.1
     c:\windows\system32\lsass.exe
     1947/7/4 6:51
   Netman
     %SystemRoot%\System32\svchost.exe -k LocalSystemNetworkRestricted -p
     Network Connections: 管理“网络和拨号连接”文件夹中对象，在其中你可以查看局域网和远程连接。
     Microsoft Corporation
     10.0.18362.719
     c:\windows\system32\netman.dll
     2021/4/16 4:08
   netprofm
     %SystemRoot%\System32\svchost.exe -k LocalService -p
     Network List Service: 识别计算机已连接的网络，收集和存储这些网络的属性，并在更改这些属性时通知应用程序。
     Microsoft Corporation
     10.0.18362.719
     c:\windows\system32\netprofmsvc.dll
     1962/4/12 18:25
   NetSetupSvc
     %SystemRoot%\System32\svchost.exe -k netsvcs -p
     Network Setup Service: 网络安装服务用于管理网络驱动程序的安装，并允许配置低级别网络设置。如果停止此服务，可能会取消正在进行的所有驱动程序安装。
     Microsoft Corporation
     10.0.18362.1
     c:\windows\system32\netsetupsvc.dll
     1937/3/2 14:41
   NgcCtnrSvc
     %SystemRoot%\system32\svchost.exe -k LocalServiceNetworkRestricted -p
     Microsoft Passport Container: 管理用于针对标识提供者及 TPM 虚拟智能卡为用户进行身份验证的本地用户标识密钥。如果禁用了此服务，则将无法访问本地用户标识密钥和 TPM 虚拟智能卡。建议你不要重新配置此服务。
     Microsoft Corporation
     10.0.18362.329
     c:\windows\system32\ngcctnrsvc.dll
     1943/10/4 7:37
   NgcSvc
     %SystemRoot%\system32\svchost.exe -k LocalSystemNetworkRestricted -p
     Microsoft Passport: 为用于对用户关联的标识提供者进行身份验证的加密密钥提供进程隔离。如果禁用了此服务，则这些密钥的所有使用和管理将无法进行，其中包括应用和网站的计算机登录和单一登录。此服务自动启动和停止。建议你不要重新配置此服务。
     Microsoft Corporation
     10.0.18362.267
     c:\windows\system32\ngcsvc.dll
     1920/8/10 11:41
   NlaSvc
     %SystemRoot%\System32\svchost.exe -k NetworkService -p
     Network Location Awareness: 收集和存储网络的配置信息，并在此信息被修改时向程序发出通知。如果停止此服务，则配置信息可能不可用；如果禁用此服务，则显式依赖此服务的所有服务都将无法启动。
     Microsoft Corporation
     10.0.18362.693
     c:\windows\system32\nlasvc.dll
     1916/6/30 19:48
   nsi
     %systemroot%\system32\svchost.exe -k LocalService -p
     Network Store Interface Service: 此服务向用户模式客户端发送网络通知(例如，添加/删除接口等)。停止此服务将导致丢失网络连接。如果禁用此服务，则显式依赖此服务的所有其他服务都将无法启动。
     Microsoft Corporation
     10.0.18362.1
     c:\windows\system32\svchost.exe
     1997/1/11 6:26
   OneSyncSvc
     %SystemRoot%\system32\svchost.exe -k UnistackSvcGroup
     同步主机: 此服务将同步邮件、联系人、日历和各种其他用户数据。此服务没有运行时，依赖于此功能的邮件和其他应用程序将无法正常工作。
     Microsoft Corporation
     10.0.18362.1
     c:\windows\system32\aphostservice.dll
     2034/1/31 4:05
   OneSyncSvc_d5c10
     C:\WINDOWS\system32\svchost.exe -k UnistackSvcGroup
     同步主机_d5c10: 此服务将同步邮件、联系人、日历和各种其他用户数据。此服务没有运行时，依赖于此功能的邮件和其他应用程序将无法正常工作。
     Microsoft Corporation
     10.0.18362.1
     c:\windows\system32\svchost.exe
     1997/1/11 6:26
   ose64
     "c:\Program Files\Common Files\Microsoft Shared\Source Engine\OSE.EXE"
     Office 64 Source Engine: Saves installation files used for updates and repairs and is required for the downloading of Setup updates and Watson error reports.
     Microsoft Corporation
     16.0.12816.20000
     c:\program files\common files\microsoft shared\source engine\ose.exe
     2020/4/16 10:17
   p2pimsvc
     %SystemRoot%\System32\svchost.exe -k LocalServicePeerNet
     Peer Networking Identity Manager: 向对等名称解析协议(PNRP)和对等分组服务提供标识服务。如果禁用该功能，对等名称解析协议和对等分组服务可能无法正常运行，且某些应用程序(如家庭组和远程协助)可能无法正常运行。
     Microsoft Corporation
     10.0.18362.295
     c:\windows\system32\pnrpsvc.dll
     1931/8/24 12:49
   p2psvc
     %SystemRoot%\System32\svchost.exe -k LocalServicePeerNet
     Peer Networking Grouping: 使用对等分组启用多方通信。如果禁用该功能，某些应用程序(如家庭组)可能无法正常运行。
     Microsoft Corporation
     10.0.18362.295
     c:\windows\system32\p2psvc.dll
     1962/10/28 3:24
   PcaSvc
     %systemroot%\system32\svchost.exe -k LocalSystemNetworkRestricted -p
     Program Compatibility Assistant Service: 此服务为程序兼容性助手(PCA)提供支持。PCA 监视由用户安装和运行的程序，并检测已知兼容性问题。如果停止此服务，PCA 将无法正常运行。
     Microsoft Corporation
     10.0.18362.752
     c:\windows\system32\pcasvc.dll
     2005/9/9 15:43
   PeerDistSvc
     %SystemRoot%\System32\svchost.exe -k PeerDist
     BranchCache: 此服务缓存来自本地子网上对等方的网络内容。
     Microsoft Corporation
     10.0.18362.1
     c:\windows\system32\peerdistsvc.dll
     1968/11/5 22:33
   perceptionsimulation
     %systemroot%\system32\PerceptionSimulation\PerceptionSimulationService.exe
     Windows 感知模拟服务: 实现空间感知模拟、虚拟相机管理和空间输入模拟。
     Microsoft Corporation
     10.0.18362.1
     c:\windows\system32\perceptionsimulation\perceptionsimulationservice.exe
     2016/9/14 22:45
   PerfHost
     %SystemRoot%\SysWow64\perfhost.exe
     Performance Counter DLL Host: 使远程用户和 64 位进程能够查询 32 位 DLL 提供的性能计数器。如果停止此服务，则只有本地用户和 32 位进程能够查询 32 位 DLL 提供的性能计数器。
     Microsoft Corporation
     10.0.18362.1
     c:\windows\syswow64\perfhost.exe
     2021/6/2 13:18
   PhoneSvc
     %SystemRoot%\system32\svchost.exe -k LocalService -p
     Phone Service: 在设备上管理电话服务状态
     Microsoft Corporation
     10.0.18362.1
     c:\windows\system32\phoneservice.dll
     1926/12/8 9:33
   PimIndexMaintenanceSvc
     %SystemRoot%\system32\svchost.exe -k UnistackSvcGroup
     Contact Data: 为联系人数据编制索引以进行快速联系人搜索。如果停止或禁用此服务，你的搜索结果中可能会缺少联系人。
     Microsoft Corporation
     10.0.18362.1
     c:\windows\system32\pimindexmaintenance.dll
     2010/6/21 3:59
   PimIndexMaintenanceSvc_d5c10
     C:\WINDOWS\system32\svchost.exe -k UnistackSvcGroup
     Contact Data_d5c10: 为联系人数据编制索引以进行快速联系人搜索。如果停止或禁用此服务，你的搜索结果中可能会缺少联系人。
     Microsoft Corporation
     10.0.18362.1
     c:\windows\system32\svchost.exe
     1997/1/11 6:26
   pla
     %SystemRoot%\System32\svchost.exe -k LocalServiceNoNetwork -p
     Performance Logs & Alerts: 性能日志和警报根据预配置的计划参数从本地或远程计算机收集性能数据，然后将该数据写入日志或触发警报。如果停止此服务，将不收集性能信息。如果禁用此服务，则明确依赖它的所有服务将无法启动。
     Microsoft Corporation
     10.0.18362.1
     c:\windows\system32\pla.dll
     2017/4/22 13:35
   PlugPlay
     %SystemRoot%\system32\svchost.exe -k DcomLaunch -p
     Plug and Play: 使计算机在极少或没有用户输入的情况下能识别并适应硬件的更改。终止或禁用此服务会造成系统不稳定。
     Microsoft Corporation
     10.0.18362.1
     c:\windows\system32\umpnpmgr.dll
     1947/11/16 17:19
   PNRPAutoReg
     %SystemRoot%\System32\svchost.exe -k LocalServicePeerNet
     PNRP Machine Name Publication Service: 此服务使用对等名称解析协议发布计算机名称。配置是通过 Netsh 上下文“p2p pnrp peer”管理的
     Microsoft Corporation
     10.0.18362.1
     c:\windows\system32\pnrpauto.dll
     2008/8/4 7:29
   PNRPsvc
     %SystemRoot%\System32\svchost.exe -k LocalServicePeerNet
     Peer Name Resolution Protocol: 使用对等名称解析协议(PNRP)在 Internet 上启用无服务器对等名称解析。如果禁用该功能，则某些对等应用程序和协作应用程序(如远程协助)可能无法运行。
     Microsoft Corporation
     10.0.18362.295
     c:\windows\system32\pnrpsvc.dll
     1931/8/24 12:49
   PolicyAgent
     %SystemRoot%\system32\svchost.exe -k NetworkServiceNetworkRestricted -p
     IPsec Policy Agent: Internet 协议安全(IPsec)支持网络级别的对等身份验证、数据原始身份验证、数据完整性、数据机密性(加密)以及重播保护。此服务强制执行通过 IP 安全策略管理单元或命令行工具 "netsh ipsec" 创建的 IPsec 策略。停止此服务时，如果策略需要连接使用 IPsec，可能会遇到网络连接问题。同样，此服务停止时，Windows Defender 防火墙的远程管理也不再可用。
     Microsoft Corporation
     10.0.18362.1
     c:\windows\system32\ipsecsvc.dll
     1996/1/12 23:46
   Power
     %SystemRoot%\system32\svchost.exe -k DcomLaunch -p
     Power: 管理电源策略和电源策略通知传递。
     Microsoft Corporation
     10.0.18362.778
     c:\windows\system32\umpo.dll
     1944/8/23 9:25
   PrintNotify
     %SystemRoot%\system32\svchost.exe -k print
     Printer Extensions and Notifications: 此服务可打开自定义打印机对话框并处理来自远程打印服务器或打印机的通知。如果你关闭此服务，将无法看到打印机扩展或通知。
     Microsoft Corporation
     0.3.18362.145
     c:\windows\system32\spool\drivers\x64\3\printconfig.dll
     1963/10/1 2:55
   PrintWorkflowUserSvc
     %SystemRoot%\system32\svchost.exe -k PrintWorkflow
     PrintWorkflow: 打印工作流
     Microsoft Corporation
     10.0.18362.1
     c:\windows\system32\printworkflowservice.dll
     1996/5/3 23:56
   PrintWorkflowUserSvc_d5c10
     C:\WINDOWS\system32\svchost.exe -k PrintWorkflow
     PrintWorkflow_d5c10: 打印工作流
     Microsoft Corporation
     10.0.18362.1
     c:\windows\system32\svchost.exe
     1997/1/11 6:26
   ProfSvc
     %systemroot%\system32\svchost.exe -k netsvcs -p
     User Profile Service: 此服务负责加载和卸载用户配置文件。如果已停止或禁用此服务，用户将无法再成功登录或注销，应用在获取用户数据时可能会出问题，而且为接收配置文件事件通知注册的组件将无法接收这些通知。
     Microsoft Corporation
     10.0.18362.693
     c:\windows\system32\profsvc.dll
     1962/12/27 17:07
   PushToInstall
     %SystemRoot%\System32\svchost.exe -k netsvcs -p
     Windows PushToInstall 服务: 为 Microsoft Store 提供基础结构支持。此服务自动启动，如果禁用，则远程安装将无法正常运行。
     Microsoft Corporation
     10.0.18362.1
     c:\windows\system32\pushtoinstall.dll
     2002/5/8 8:07
   QPCore
     "C:\Program Files (x86)\Common Files\Tencent\QQProtect\Bin\QQProtect.exe"
     QPCore Service: 腾讯安全服务
     Tencent
     4.5.0.9406
     c:\program files (x86)\common files\tencent\qqprotect\bin\qqprotect.exe
     2019/11/20 17:31
   QWAVE
     %windir%\system32\svchost.exe -k LocalServiceAndNoImpersonation -p
     Quality Windows Audio Video Experience: 优质 Windows 音频视频体验(qWave)是用于 IP 家庭网络上的音频视频(AV)流应用程序的网络平台。通过确保 AV 应用程序的网络服务质量(QoS)，qWave 增强了 AV 流的性能和可靠性。它提供了许可控制机制、运行时监视和实施、应用程序反馈以及流量优先顺序。
     Microsoft Corporation
     10.0.18362.1
     c:\windows\system32\qwave.dll
     1976/9/4 3:49
   RasAuto
     %SystemRoot%\System32\svchost.exe -k netsvcs -p
     Remote Access Auto Connection Manager: 无论什么时候，当某个程序引用一个远程 DNS 或者 NetBIOS 名称或者地址，就创建一个到远程的连接。
     Microsoft Corporation
     10.0.18362.1
     c:\windows\system32\rasauto.dll
     1949/11/12 0:08
   RasMan
     %SystemRoot%\System32\svchost.exe -k netsvcs
     Remote Access Connection Manager: 管理从这台计算机到 Internet 或其他远程网络的拨号和虚拟专用网络(VPN)连接。如果禁用该项服务，则明确依赖该服务的任何服务都将无法启动。
     Microsoft Corporation
     10.0.18362.752
     c:\windows\system32\rasmans.dll
     1929/5/18 11:32
   RetailDemo
     %SystemRoot%\System32\svchost.exe -k rdxgroup
     零售演示服务: 当设备处于零售演示模式时，零售演示服务将控制设备活动。
     Microsoft Corporation
     10.0.18362.387
     c:\windows\system32\rdxservice.dll
     1984/1/9 2:38
   RmSvc
     %SystemRoot%\System32\svchost.exe -k LocalServiceNetworkRestricted
     无线电管理服务: 无线电管理和飞行模式服务
     Microsoft Corporation
     10.0.18362.449
     c:\windows\system32\rmapi.dll
     1964/9/10 12:07
   rpcapd
     "C:\Program Files (x86)\WinPcap\rpcapd.exe" -d -f "C:\Program Files (x86)\WinPcap\rpcapd.ini"
     Remote Packet Capture Protocol v.0 (experimental): Allows to capture traffic on this machine from a remote machine.
     Riverbed Technology, Inc.
     4.1.0.2980
     c:\program files (x86)\winpcap\rpcapd.exe
     2013/3/1 9:28
   RpcEptMapper
     %SystemRoot%\system32\svchost.exe -k RPCSS -p
     RPC Endpoint Mapper: 解析 RPC 接口标识符以传输端点。如果此服务被停止或禁用，使用远程过程调用(RPC)服务的程序将无法正常运行。
     Microsoft Corporation
     10.0.18362.1
     c:\windows\system32\rpcepmap.dll
     1979/5/14 20:53
   RpcLocator
     %SystemRoot%\system32\locator.exe
     Remote Procedure Call (RPC) Locator: 在 Windows 2003 和 Windows 的早期版本中，远程过程调用(RPC)定位器服务可管理 RPC 名称服务数据库。在 Windows Vista 和 Windows 的更新版本中，此服务不提供任何功能，但可用于应用程序兼容性。
     Microsoft Corporation
     10.0.18362.1
     c:\windows\system32\locator.exe
     2029/10/6 11:23
   RpcSs
     %SystemRoot%\system32\svchost.exe -k rpcss -p
     Remote Procedure Call (RPC): RPCSS 服务是 COM 和 DCOM 服务器的服务控制管理器。它执行 COM 和 DCOM 服务器的对象激活请求、对象导出程序解析和分布式垃圾回收。如果此服务被停用或禁用，则使用 COM 或 DCOM 的程序将无法正常工作。强烈建议你运行 RPCSS 服务。
     Microsoft Corporation
     10.0.18362.752
     c:\windows\system32\rpcss.dll
     1942/9/3 2:10
   SamSs
     %SystemRoot%\system32\lsass.exe
     Security Accounts Manager: 启动此服务将向其他服务发出信号: 安全帐户管理器(SAM)已准备就绪，可以接受请求。禁用此服务将导致在 SAM 准备就绪时，无法通知系统中的其他服务，从而可能导致这些服务无法正确启动。不应禁用此服务。
     Microsoft Corporation
     10.0.18362.1
     c:\windows\system32\lsass.exe
     1947/7/4 6:51
   SangforSP
     "C:\Program Files (x86)\Sangfor\SSL\Promote\SangforPromoteService.exe"
     SangforSP: Promote Service
     Sangfor Technologies Inc.
     7.6.7.1
     c:\program files (x86)\sangfor\ssl\promote\sangforpromoteservice.exe
     2019/4/8 10:31
   SCardSvr
     %SystemRoot%\system32\svchost.exe -k LocalServiceAndNoImpersonation
     Smart Card: 管理此计算机对智能卡的取读访问。如果此服务被终止，此计算机将无法取读智能卡。如果此服务被禁用，任何依赖它的服务将无法启动。
     Microsoft Corporation
     10.0.18362.1
     c:\windows\system32\scardsvr.dll
     1967/4/24 22:28
   ScDeviceEnum
     %SystemRoot%\system32\svchost.exe -k LocalSystemNetworkRestricted
     Smart Card Device Enumeration Service: 为给定会话可访问的所有智能卡读卡器创建软件设备节点。如果已禁用此服务，则 WinRT API 将无法枚举智能卡读卡器。
     Microsoft Corporation
     10.0.18362.1
     c:\windows\system32\scdeviceenum.dll
     2030/9/9 1:33
   Schedule
     %systemroot%\system32\svchost.exe -k netsvcs -p
     Task Scheduler: 使用户可以在此计算机上配置和计划自动任务。此服务还托管多个 Windows 系统关键任务。如果此服务被停止或禁用，这些任务将无法在计划的时间运行。如果此服务被禁用，则明确依赖它的所有服务将无法启动。
     Microsoft Corporation
     10.0.18362.387
     c:\windows\system32\schedsvc.dll
     2008/6/3 19:18
   SCPolicySvc
     %SystemRoot%\system32\svchost.exe -k netsvcs
     Smart Card Removal Policy: 允许系统配置为移除智能卡时锁定用户桌面
     Microsoft Corporation
     10.0.18362.1
     c:\windows\system32\certprop.dll
     1981/3/4 21:47
   SDRSVC
     %SystemRoot%\system32\svchost.exe -k SDRSVC
     Windows 备份: 提供 Windows 备份和还原功能。
     Microsoft Corporation
     10.0.18362.657
     c:\windows\system32\sdrsvc.dll
     1961/10/5 20:21
   seclogon
     %windir%\system32\svchost.exe -k netsvcs -p
     Secondary Logon: 在不同凭据下启用启动过程。如果此服务被停止，这种类型的登录访问将不可用。如果此服务被禁用，任何明确依赖它的服务都将不能启动。
     Microsoft Corporation
     10.0.18362.1
     c:\windows\system32\seclogon.dll
     1970/10/19 13:44
   SecurityHealthService
     %SystemRoot%\system32\SecurityHealthService.exe
     Windows 安全中心服务: Windows 安全中心服务处理统一的设备保护和运行状况信息
     Microsoft Corporation
     4.18.1901.16384
     c:\windows\system32\securityhealthservice.exe
     2000/3/2 17:11
   SEMgrSvc
     %SystemRoot%\system32\svchost.exe -k LocalService -p
     付款和 NFC/SE 管理器: 管理付款和基于近场通信(NFC)的安全元件。
     Microsoft Corporation
     10.0.18362.1
     c:\windows\system32\semgrsvc.dll
     1968/8/12 16:27
   SENS
     %SystemRoot%\system32\svchost.exe -k netsvcs -p
     System Event Notification Service: 监视系统事件并通知订户这些事件的 COM+ 事件系统。
     Microsoft Corporation
     10.0.18362.1
     c:\windows\system32\sens.dll
     1904/9/2 8:13
   Sense
     "%ProgramFiles%\Windows Defender Advanced Threat Protection\MsSense.exe"
     Windows Defender Advanced Threat Protection Service: Windows Defender 高级威胁防护服务通过监视和报告计算机上发生的安全事件来防范高级威胁。
     Microsoft Corporation
     10.6940.18362.778
     c:\program files\windows defender advanced threat protection\mssense.exe
     1992/10/28 16:45
   SensorDataService
     %SystemRoot%\System32\SensorDataService.exe
     Sensor Data Service: 从各种传感器传送数据
     Microsoft Corporation
     10.0.18362.1
     c:\windows\system32\sensordataservice.exe
     1942/8/7 16:25
   SensorService
     %SystemRoot%\system32\svchost.exe -k LocalSystemNetworkRestricted -p
     Sensor Service: 一项用于管理各种传感器的功能的传感器服务。管理传感器的简单设备方向(SDO)和历史记录。加载对设备方向变化进行报告的 SDO 传感器。如果停止或禁用了此服务，则将不会加载 SDO 传感器，因此不会发生自动旋转。来自传感器的历史记录收集也将停止。
     Microsoft Corporation
     10.0.18362.1
     c:\windows\system32\sensorservice.dll
     1950/12/14 15:08
   SensrSvc
     %SystemRoot%\system32\svchost.exe -k LocalServiceAndNoImpersonation -p
     Sensor Monitoring Service: 监视各种传感器，以公开数据和适应系统和用户状态。如果此服务停止或禁用，显示器亮度将不根据照明条件进行调节。停止此服务还可能会影响其他系统功能和特性。
     Microsoft Corporation
     10.0.18362.1
     c:\windows\system32\sensrsvc.dll
     1966/2/15 3:36
   SessionEnv
     %SystemRoot%\System32\svchost.exe -k netsvcs -p
     Remote Desktop Configuration: 远程桌面配置服务(RDCS)负责需要 SYSTEM 上下文的所有远程桌面服务和远程桌面相关的配置和会话维护活动。这些包括每会话临时文件夹、RD 主题和 RD 证书。
     Microsoft Corporation
     10.0.18362.387
     c:\windows\system32\sessenv.dll
     1961/3/18 7:45
   SgrmBroker
     %SystemRoot%\system32\SgrmBroker.exe
     System Guard 运行时监视器代理: 监视并证明 Windows 平台的完整性。
     Microsoft Corporation
     10.0.18362.1
     c:\windows\system32\sgrmbroker.exe
     2017/3/29 16:40
   SharedAccess
     %SystemRoot%\System32\svchost.exe -k netsvcs -p
     Internet Connection Sharing (ICS): 为家庭和小型办公网络提供网络地址转换、寻址、名称解析和/或入侵保护服务。
     Microsoft Corporation
     10.0.18362.778
     c:\windows\system32\ipnathlp.dll
     1908/7/1 4:13
   SharedRealitySvc
     %SystemRoot%\system32\svchost.exe -k LocalService -p
     空间数据服务: 此服务用于空间感知方案
     Microsoft Corporation
     10.0.18362.239
     c:\windows\system32\sharedrealitysvc.dll
     1930/8/19 8:55
   ShellHWDetection
     %SystemRoot%\System32\svchost.exe -k netsvcs -p
     Shell Hardware Detection: 为自动播放硬件事件提供通知。
     Microsoft Corporation
     10.0.18362.1
     c:\windows\system32\shsvcs.dll
     1909/6/9 6:37
   smphost
     %SystemRoot%\System32\svchost.exe -k smphost
     Microsoft Storage Spaces SMP: Microsoft 存储空间管理提供程序的主机服务。如果阻止或禁用这项服务，则无法管理存储空间。
     Microsoft Corporation
     10.0.18362.1
     c:\windows\system32\smphost.dll
     1915/12/23 5:06
   SmsRouter
     %SystemRoot%\system32\svchost.exe -k LocalServiceNetworkRestricted -p
     Microsoft Windows SMS 路由器服务。: 根据规则将消息路由到相应客户端。
     Microsoft Corporation
     10.0.18362.387
     c:\windows\system32\smsroutersvc.dll
     1956/9/18 20:16
   SNMPTRAP
     %SystemRoot%\System32\snmptrap.exe
     SNMP 陷阱: 接收本地或远程简单网络管理协议 (SNMP) 代理程序生成的陷阱消息并将消息转发到此计算机上运行的 SNMP 管理程序。如果此服务被停用，此计算机上基于 SNMP 的程序将不会接收 SNMP trap 消息。如果此服务被禁用，任何依赖它的服务将无法启动。
     Microsoft Corporation
     10.0.18362.1
     c:\windows\system32\snmptrap.exe
     1966/2/25 0:50
   SogouSvc
     "C:\Program Files (x86)\SogouInput\9.3.0.3129\SogouSvc.exe"
     搜狗输入法基础服务: 为搜狗输入法提供基础服务，如果禁用此服务，则输入法的某些功能无法正常使用。
     Sogou.com Inc.
     9.3.0.3129
     c:\program files (x86)\sogouinput\9.3.0.3129\sogousvc.exe
     2019/5/31 12:27
   spectrum
     %systemroot%\system32\spectrum.exe
     Windows 感知服务: 启用空间感知、空间输入和全息绘制。
     Microsoft Corporation
     10.0.18362.239
     c:\windows\system32\spectrum.exe
     2026/9/7 5:52
   Spooler
     %SystemRoot%\System32\spoolsv.exe
     Print Spooler: 该服务在后台执行打印作业并处理与打印机的交互。如果关闭该服务，则无法进行打印或查看打印机。
     Microsoft Corporation
     10.0.18362.476
     c:\windows\system32\spoolsv.exe
     1976/8/6 20:51
   sppsvc
     %SystemRoot%\system32\sppsvc.exe
     Software Protection: 启用 Windows 和 Windows 应用程序的数字许可证的下载、安装和实施。如果禁用该服务，操作系统和许可的应用程序可能以通知模式运行。强烈建议你不要禁用软件保护服务。
     Microsoft Corporation
     10.0.18362.778
     c:\windows\system32\sppsvc.exe
     1962/2/1 13:44
   SQLWriter
     "C:\Program Files\Microsoft SQL Server\90\Shared\sqlwriter.exe"
     SQL Server VSS Writer: 提供通过 Windows VSS 基础结构备份/还原 Microsoft SQL server 的接口。
     Microsoft Corporation
     2005.90.3042.0
     c:\program files\microsoft sql server\90\shared\sqlwriter.exe
     2007/2/10 15:34
   SSDPSRV
     %SystemRoot%\system32\svchost.exe -k LocalServiceAndNoImpersonation -p
     SSDP Discovery: 当发现了使用 SSDP 协议的网络设备和服务，如 UPnP 设备，同时还报告了运行在本地计算机上使用的 SSDP 设备和服务。如果停止此服务，基于 SSDP 的设备将不会被发现。如果禁用此服务，任何依赖此服务的服务都无法正常启动。
     Microsoft Corporation
     10.0.18362.295
     c:\windows\system32\ssdpsrv.dll
     1978/2/19 12:52
   SstpSvc
     %SystemRoot%\system32\svchost.exe -k LocalService -p
     Secure Socket Tunneling Protocol Service: 提供使用 VPN 连接到远程计算机的安全套接字隧道协议(SSTP)的支持。如果该服务被禁用，则用户将无法使用 SSTP 访问远程服务器。
     Microsoft Corporation
     10.0.18362.1
     c:\windows\system32\sstpsvc.dll
     1927/7/22 11:29
   StateRepository
     %SystemRoot%\system32\svchost.exe -k appmodel -p
     State Repository Service: 为应用程序模型提供所需的基础结构支持。
     Microsoft Corporation
     10.0.18362.1
     c:\windows\system32\windows.staterepository.dll
     1940/11/26 22:44
   Steam Client Service
     "C:\Program Files (x86)\Common Files\Steam\SteamService.exe" /RunAsService
     Steam Client Service: Steam Client Service monitors and updates Steam content
     Valve Corporation
     5.79.39.85
     c:\program files (x86)\common files\steam\steamservice.exe
     2020/4/4 8:37
   stisvc
     %SystemRoot%\system32\svchost.exe -k imgsvc
     Windows Image Acquisition (WIA): 为扫描仪和照相机提供图像采集服务
     Microsoft Corporation
     10.0.18362.592
     c:\windows\system32\wiaservc.dll
     1950/12/15 22:51
   StorSvc
     %SystemRoot%\System32\svchost.exe -k LocalSystemNetworkRestricted -p
     Storage Service: 为存储设置和外部存储扩展提供启用服务
     Microsoft Corporation
     10.0.18362.778
     c:\windows\system32\storsvc.dll
     1978/9/4 20:43
   STR
     D:\foobaka\foobaka-tools\WTR\SetTimerResolutionService.exe
     Set Timer Resolution Service:  
     2.1.0.0
     d:\foobaka\foobaka-tools\wtr\settimerresolutionservice.exe
     2013/3/25 1:06
   svsvc
     %SystemRoot%\system32\svchost.exe -k LocalSystemNetworkRestricted -p
     Spot Verifier: 验证潜在的文件系统损坏。
     Microsoft Corporation
     10.0.18362.1
     c:\windows\system32\svsvc.dll
     1988/12/23 19:29
   swprv
     %SystemRoot%\System32\svchost.exe -k swprv
     Microsoft Software Shadow Copy Provider: 管理卷影复制服务制作的基于软件的卷影副本。如果该服务被停止，将无法管理基于软件的卷影副本。如果该服务被禁用，任何依赖它的服务将无法启动。
     Microsoft Corporation
     10.0.18362.1
     c:\windows\system32\swprv.dll
     1926/8/4 8:29
   SysMain
     %systemroot%\system32\svchost.exe -k LocalSystemNetworkRestricted -p
     SysMain: 维护和提高一段时间内的系统性能。
     Microsoft Corporation
     10.0.18362.657
     c:\windows\system32\sysmain.dll
     1965/3/1 0:35
   SystemEventsBroker
     %SystemRoot%\system32\svchost.exe -k DcomLaunch -p
     System Events Broker: 协调执行 WinRT 应用程序的后台作业。如果停止或禁用此服务，则可能不会触发后台作业。
     Microsoft Corporation
     10.0.18362.387
     c:\windows\system32\systemeventsbrokerserver.dll
     1982/10/12 3:38
   TabletInputService
     %SystemRoot%\System32\svchost.exe -k LocalSystemNetworkRestricted -p
     Touch Keyboard and Handwriting Panel Service: 启用触摸键盘和手写面板笔和墨迹功能
     Microsoft Corporation
     10.0.18362.1
     c:\windows\system32\tabsvc.dll
     2004/1/17 21:43
   TapiSrv
     %SystemRoot%\System32\svchost.exe -k NetworkService -p
     Telephony: 提供电话服务 API (TAPI)支持，以便各程序控制本地计算机上的电话服务设备以及通过 LAN 同样运行该服务的服务器上的设备。
     Microsoft Corporation
     10.0.18362.657
     c:\windows\system32\tapisrv.dll
     1932/8/9 8:10
   TermService
     %SystemRoot%\System32\svchost.exe -k NetworkService
     Remote Desktop Services: 允许用户以交互方式连接到远程计算机。远程桌面和远程桌面会话主机服务器依赖此服务。若要防止远程使用此计算机，请清除“系统”属性控制面板项目的“远程”选项卡上的复选框。
     Microsoft Corporation
     10.0.18362.657
     c:\windows\system32\termsrv.dll
     1938/6/29 10:28
   Themes
     %SystemRoot%\System32\svchost.exe -k netsvcs -p
     Themes: 为用户提供使用主题管理的体验。
     Microsoft Corporation
     10.0.18362.1
     c:\windows\system32\themeservice.dll
     2000/11/28 8:56
   TieringEngineService
     %SystemRoot%\system32\TieringEngineService.exe
     Storage Tiers Management: 优化系统中所有分层存储空间的存储层中的数据放置。
     Microsoft Corporation
     10.0.18362.1
     c:\windows\system32\tieringengineservice.exe
     2034/7/6 0:35
   TimeBrokerSvc
     %SystemRoot%\system32\svchost.exe -k LocalServiceNetworkRestricted -p
     Time Broker: 协调执行 WinRT 应用程序的后台作业。如果停止或禁用此服务，则可能不会触发后台作业。
     Microsoft Corporation
     10.0.18362.1
     c:\windows\system32\timebrokerserver.dll
     1934/7/17 0:54
   TokenBroker
     %SystemRoot%\system32\svchost.exe -k netsvcs -p
     Web 帐户管理器: Web 帐户管理器利用此服务实现应用和服务的单一登录。
     Microsoft Corporation
     10.0.18362.752
     c:\windows\system32\tokenbroker.dll
     1930/5/9 5:31
   TrkWks
     %SystemRoot%\System32\trkwks.dll
     Distributed Link Tracking Client: 维护某个计算机内或某个网络中的计算机的 NTFS 文件之间的链接。
     Microsoft Corporation
     10.0.18362.1
     c:\windows\system32\trkwks.dll
     2028/12/6 8:29
   TroubleshootingSvc
     %systemroot%\system32\svchost.exe -k netsvcs -p
     建议疑难解答服务: 通过应用建议疑难解答启用针对已知问题的自动缓解。如果停止，你的设备将不会获得针对设备上问题的建议疑难解答。
     Microsoft Corporation
     10.0.18362.1
     c:\windows\system32\mitigationclient.dll
     1965/8/3 2:20
   TrustedInstaller
     %SystemRoot%\servicing\TrustedInstaller.exe
     Windows Modules Installer: 启用 Windows 更新和可选组件的安装、修改和移除。如果此服务被禁用，则此计算机的 Windows 更新的安装或卸载可能会失败。
     Microsoft Corporation
     10.0.18362.719
     c:\windows\servicing\trustedinstaller.exe
     1929/5/31 23:09
   tzautoupdate
     %SystemRoot%\system32\svchost.exe -k LocalService -p
     自动时区更新程序: 自动设置系统时区。
     Microsoft Corporation
     10.0.18362.267
     c:\windows\system32\tzautoupdate.dll
     1947/1/31 9:12
   UmRdpService
     %SystemRoot%\System32\svchost.exe -k LocalSystemNetworkRestricted -p
     Remote Desktop Services UserMode Port Redirector: 允许为 RDP 连接重定向打印机/驱动程序/端口
     Microsoft Corporation
     10.0.18362.1
     c:\windows\system32\umrdp.dll
     1967/3/6 16:19
   UnistoreSvc
     %SystemRoot%\System32\svchost.exe -k UnistackSvcGroup
     User Data Storage: 处理结构化用户数据(包括联系人信息、日历、消息和其他内容)的存储。如果停止或禁用此服务，使用此数据的应用可能无法正常工作。
     Microsoft Corporation
     10.0.18362.356
     c:\windows\system32\unistore.dll
     1965/4/22 6:55
   UnistoreSvc_d5c10
     C:\WINDOWS\System32\svchost.exe -k UnistackSvcGroup
     User Data Storage_d5c10: 处理结构化用户数据(包括联系人信息、日历、消息和其他内容)的存储。如果停止或禁用此服务，使用此数据的应用可能无法正常工作。
     Microsoft Corporation
     10.0.18362.1
     c:\windows\system32\svchost.exe
     1997/1/11 6:26
   upnphost
     %SystemRoot%\system32\svchost.exe -k LocalServiceAndNoImpersonation -p
     UPnP Device Host: 允许 UPnP 设备宿主在此计算机上。如果停止此服务，则所有宿主的 UPnP 设备都将停止工作，并且不能添加其他宿主设备。如果禁用此服务，则任何显式依赖于它的服务将都无法启动。
     Microsoft Corporation
     10.0.18362.719
     c:\windows\system32\upnphost.dll
     1960/6/24 10:24
   UserDataSvc
     %SystemRoot%\system32\svchost.exe -k UnistackSvcGroup
     User Data Access: 提供对结构化用户数据(包括联系人信息、日历、消息和其他内容)的应用访问。如果停止或禁用此服务，使用此数据的应用可能无法正常工作。
     Microsoft Corporation
     10.0.18362.1
     c:\windows\system32\userdataservice.dll
     1936/4/12 7:12
   UserDataSvc_d5c10
     C:\WINDOWS\system32\svchost.exe -k UnistackSvcGroup
     User Data Access_d5c10: 提供对结构化用户数据(包括联系人信息、日历、消息和其他内容)的应用访问。如果停止或禁用此服务，使用此数据的应用可能无法正常工作。
     Microsoft Corporation
     10.0.18362.1
     c:\windows\system32\svchost.exe
     1997/1/11 6:26
   UserManager
     %SystemRoot%\system32\svchost.exe -k netsvcs -p
     User Manager: 用户管理器提供多用户交互所需要的运行时组件。如果停止此服务，某些应用程序可能无法正确运行。
     Microsoft Corporation
     10.0.18362.1
     c:\windows\system32\usermgr.dll
     1976/4/10 20:30
   UsoSvc
     %systemroot%\system32\svchost.exe -k netsvcs -p
     更新 Orchestrator 服务: 管理 Windows 更新。如果停止，你的设备将无法下载和安装最新更新。
     Microsoft Corporation
     10.0.18362.719
     c:\windows\system32\usosvc.dll
     2002/11/7 10:12
   VacSvc
     %SystemRoot%\System32\svchost.exe -k LocalServiceNetworkRestricted -p
     立体音频组合器服务: 用于混合现实音频仿真的主机空间分析。
     Microsoft Corporation
     10.0.18362.1
     c:\windows\system32\vac.dll
     1940/1/5 23:41
   VaultSvc
     %SystemRoot%\system32\lsass.exe
     Credential Manager: 为用户、应用程序和安全服务包提供凭据的安全存储和检索。
     Microsoft Corporation
     10.0.18362.1
     c:\windows\system32\lsass.exe
     1947/7/4 6:51
   vds
     %SystemRoot%\System32\vds.exe
     Virtual Disk: 提供用于磁盘、卷、文件系统和存储阵列的管理服务。
     Microsoft Corporation
     10.0.18362.267
     c:\windows\system32\vds.exe
     2011/1/18 3:53
   VMAuthdService
     "C:\Program Files (x86)\VMware\VMware Workstation\vmware-authd.exe"
     VMware Authorization Service: 用于启动和访问虚拟机的授权及身份验证服务。
     VMware, Inc.
     15.1.0.46741
     c:\program files (x86)\vmware\vmware workstation\vmware-authd.exe
     2019/5/5 14:18
   vmicguestinterface
     %systemroot%\system32\svchost.exe -k LocalSystemNetworkRestricted -p
     Hyper-V Guest Service Interface: 为 Hyper-V 主机提供一个接口，以便与虚拟机内运行的特定服务进行交互。
     Microsoft Corporation
     10.0.18362.1
     c:\windows\system32\icsvc.dll
     2016/5/7 21:17
   vmicheartbeat
     %systemroot%\system32\svchost.exe -k ICService -p
     Hyper-V Heartbeat Service: 通过定期报告检测信号来监视此虚拟机的状态。此服务有助于你识别哪些运行的虚拟机已停止响应。
     Microsoft Corporation
     10.0.18362.1
     c:\windows\system32\icsvc.dll
     2016/5/7 21:17
   vmickvpexchange
     %systemroot%\system32\svchost.exe -k LocalSystemNetworkRestricted -p
     Hyper-V Data Exchange Service: 提供一种机制，用于在虚拟机和运行在物理计算机上的操作系统之间交换数据。
     Microsoft Corporation
     10.0.18362.1
     c:\windows\system32\icsvc.dll
     2016/5/7 21:17
   vmicrdv
     %systemroot%\system32\svchost.exe -k ICService -p
     Hyper-V 远程桌面虚拟化服务: 提供一个平台以在虚拟机和物理计算机上运行的操作系统之间进行通信。
     Microsoft Corporation
     10.0.18362.1
     c:\windows\system32\icsvcext.dll
     2000/1/10 21:52
   vmicshutdown
     %systemroot%\system32\svchost.exe -k LocalSystemNetworkRestricted -p
     Hyper-V Guest Shutdown Service: 提供一种机制，用于从物理计算机上的管理界面关闭此虚拟机的操作系统。
     Microsoft Corporation
     10.0.18362.1
     c:\windows\system32\icsvc.dll
     2016/5/7 21:17
   vmictimesync
     %systemroot%\system32\svchost.exe -k LocalServiceNetworkRestricted -p
     Hyper-V Time Synchronization Service: 将此虚拟机的系统时间与物理计算机的系统时间同步。
     Microsoft Corporation
     10.0.18362.1
     c:\windows\system32\icsvc.dll
     2016/5/7 21:17
   vmicvmsession
     %systemroot%\system32\svchost.exe -k LocalSystemNetworkRestricted -p
     Hyper-V PowerShell Direct Service: 提供了一种在不使用虚拟网络的情况下，通过 VM 会话使用 PowerShell 管理虚拟机的机制。
     Microsoft Corporation
     10.0.18362.1
     c:\windows\system32\icsvc.dll
     2016/5/7 21:17
   vmicvss
     %systemroot%\system32\svchost.exe -k LocalSystemNetworkRestricted -p
     Hyper-V 卷影复制请求程序: 协调使用卷影复制服务所需的通讯，以从物理计算机上的操作系统备份此虚拟机上的应用程序和数据。
     Microsoft Corporation
     10.0.18362.1
     c:\windows\system32\icsvcext.dll
     2000/1/10 21:52
   VMnetDHCP
     C:\WINDOWS\SysWOW64\vmnetdhcp.exe
     VMware DHCP Service: DHCP service for virtual networks.
     VMware, Inc.
     15.1.0.46741
     c:\windows\syswow64\vmnetdhcp.exe
     2019/5/5 14:29
   VMUSBArbService
     "C:\Program Files (x86)\Common Files\VMware\USB\vmware-usbarbitrator64.exe"
     VMware USB Arbitration Service: Arbitration and enumeration of USB devices for virtual machines
     VMware, Inc.
     18.1.2.0
     c:\program files (x86)\common files\vmware\usb\vmware-usbarbitrator64.exe
     2018/11/2 20:21
   VMware NAT Service
     C:\WINDOWS\SysWOW64\vmnat.exe
     VMware NAT Service: Network address translation for virtual networks.
     VMware, Inc.
     15.1.0.46741
     c:\windows\syswow64\vmnat.exe
     2019/5/5 14:29
   VMwareHostd
     "C:\Program Files (x86)\VMware\VMware Workstation\vmware-hostd.exe" -u "C:\ProgramData\VMware\hostd\config.xml"
     VMware Workstation Server: 用于虚拟机注册和管理的远程访问服务。
     c:\program files (x86)\vmware\vmware workstation\vmware-hostd.exe
     2019/5/5 14:18
   VSS
     %systemroot%\system32\vssvc.exe
     Volume Shadow Copy: 管理并执行用于备份和其它用途的卷影复制。如果此服务被终止，备份将没有卷影复制，并且备份会失败。如果此服务被禁用，任何依赖它的服务将无法启动。
     Microsoft Corporation
     10.0.18362.1
     c:\windows\system32\vssvc.exe
     2028/5/9 18:50
   VSStandardCollectorService150
     "C:\Program Files (x86)\Microsoft Visual Studio\Shared\Common\DiagnosticsHub.Collection.Service\StandardCollector.Service.exe"
     Visual Studio Standard Collector Service 150: Visual Studio Data Collection Service. When running, this service collects real-time ETW events and processes them.
     Microsoft Corporation
     15.9.18214.2
     c:\program files (x86)\microsoft visual studio\shared\common\diagnosticshub.collection.service\standardcollector.service.exe
     2018/8/3 5:38
   W32Time
     %SystemRoot%\system32\svchost.exe -k LocalService
     Windows Time: 维护在网络上的所有客户端和服务器的时间和日期同步。如果此服务被停止，时间和日期的同步将不可用。如果此服务被禁用，任何明确依赖它的服务都将不能启动。
     Microsoft Corporation
     10.0.18362.1
     c:\windows\system32\w32time.dll
     1975/9/25 18:00
   WaaSMedicSvc
     %systemroot%\system32\svchost.exe -k wusvcs -p
     Windows Update Medic Service: Enables remediation and protection of Windows Update components.
     Microsoft Corporation
     10.0.18362.778
     c:\windows\system32\waasmedicsvc.dll
     2035/10/23 14:30
   WalletService
     %SystemRoot%\System32\svchost.exe -k appmodel -p
     WalletService: 电子钱包客户端使用的主机对象
     Microsoft Corporation
     10.0.18362.1
     c:\windows\system32\walletservice.dll
     1944/8/6 21:56
   WarpJITSvc
     %SystemRoot%\System32\svchost.exe -k LocalServiceNetworkRestricted
     WarpJITSvc: Provides a JIT out of process service for WARP when running with ACG enabled.
     Microsoft Corporation
     10.0.18362.1
     c:\windows\system32\windows.warp.jitservice.dll
     1968/5/8 22:03
   wbengine
     "%systemroot%\system32\wbengine.exe"
     Block Level Backup Engine Service: Windows 备份使用 WBENGINE 服务执行备份和恢复操作。如果用户停止了此服务，这可能会导致当前运行的备份或恢复操作失败。使用此计算机上的 Windows 备份禁用此服务可能会禁用备份和恢复操作。
     Microsoft Corporation
     10.0.18362.657
     c:\windows\system32\wbengine.exe
     1981/4/21 12:40
   WbioSrvc
     %SystemRoot%\system32\svchost.exe -k WbioSvcGroup
     Windows Biometric Service: Windows 生物识别服务使客户端应用程序能够捕获、比较、操纵和存储生物特征数据，而无需直接访问任何生物识别硬件或示例。该服务宿主在某个特权 SVCHOST 进程中。
     Microsoft Corporation
     10.0.18362.1
     c:\windows\system32\wbiosrvc.dll
     1927/8/16 13:17
   Wcmsvc
     %SystemRoot%\system32\svchost.exe -k LocalServiceNetworkRestricted -p
     Windows Connection Manager: 根据电脑当前可用的网络连接选项做出自动连接/断开连接决策，并根据“组策略”设置启用网络连接管理。
     Microsoft Corporation
     10.0.18362.693
     c:\windows\system32\wcmsvc.dll
     2021/1/18 10:01
   wcncsvc
     %SystemRoot%\System32\svchost.exe -k LocalServiceAndNoImpersonation -p
     Windows Connect Now - Config Registrar: WCNCSVC 承载 Windows 立即连接配置，该配置是 Microsoft 执行的无线保护设置(WPS)协议。该配置用于配置接入点(AP)或无线设备的无线 LAN 设置。该服务根据需要有计划地启动。
     Microsoft Corporation
     10.0.18362.1
     c:\windows\system32\wcncsvc.dll
     1930/11/5 3:02
   WdiServiceHost
     %SystemRoot%\System32\svchost.exe -k LocalService -p
     Diagnostic Service Host: 诊断服务主机被诊断策略服务用来承载需要在本地服务上下文中运行的诊断。如果停止该服务，则依赖于该服务的任何诊断将不再运行。
     Microsoft Corporation
     10.0.18362.1
     c:\windows\system32\wdi.dll
     1940/5/29 21:41
   WdiSystemHost
     %SystemRoot%\System32\svchost.exe -k LocalSystemNetworkRestricted -p
     Diagnostic System Host: 诊断系统主机被诊断策略服务用来承载需要在本地系统上下文中运行的诊断。如果停止该服务，则依赖于该服务的任何诊断将不再运行。
     Microsoft Corporation
     10.0.18362.1
     c:\windows\system32\wdi.dll
     1940/5/29 21:41
   WdNisSvc
     "%ProgramFiles%\Windows Defender\NisSrv.exe"
     Windows Defender Antivirus Network Inspection Service: 帮助防止针对网络协议中的已知和新发现的漏洞发起的入侵企图
     Microsoft Corporation
     4.18.1902.5
     c:\program files\windows defender\nissrv.exe
     1967/10/29 23:25
   WebClient
     %SystemRoot%\system32\svchost.exe -k LocalService -p
     WebClient: 使基于 Windows 的程序能创建、访问和修改基于 Internet 的文件。如果此服务被停止，这些功能将不可用。如果此服务被禁用，则明确依赖该服务的任何服务都将无法启动。
     Microsoft Corporation
     10.0.18362.1
     c:\windows\system32\webclnt.dll
     1977/11/11 7:54
   Wecsvc
     %SystemRoot%\system32\svchost.exe -k NetworkService -p
     Windows Event Collector: 此服务将管理对支持 WS-Management 协议的远程源中事件的永久订阅。这包括 Windows Vista 事件日志、硬件以及启用 IPMI 的事件源。该服务将转发的事件存储在本地活动日志中。如果停止或禁用此服务，将无法创建事件订阅，并且无法接受转发的事件。
     Microsoft Corporation
     10.0.18362.1
     c:\windows\system32\wecsvc.dll
     2014/8/12 0:34
   WEPHOSTSVC
     %systemroot%\system32\svchost.exe -k WepHostSvcGroup
     Windows Encryption Provider Host Service: Windows Encryption Provider 主机服务代理加密相关功能 - 从第三方加密提供程序到需要评估和应用 EAS 策略的进程。停止此服务将损害连接的邮件帐户已经建立的合规检查
     Microsoft Corporation
     10.0.18362.1
     c:\windows\system32\wephostsvc.dll
     2025/2/6 2:37
   wercplsupport
     %SystemRoot%\System32\svchost.exe -k netsvcs -p
     Problem Reports and Solutions Control Panel Support: 此服务为查看、发送和删除“问题报告和解决方案”控制面板的系统级问题报告提供支持。
     Microsoft Corporation
     10.0.18362.719
     c:\windows\system32\wercplsupport.dll
     2033/9/8 12:52
   WerSvc
     %SystemRoot%\System32\svchost.exe -k WerSvcGroup
     Windows Error Reporting Service: 允许在程序停止运行或停止响应时报告错误，并允许提供现有解决方案。还允许为诊断和修复服务生成日志。如果此服务被停止，则错误报告将无法正确运行，而且可能不显示诊断服务和修复的结果。
     Microsoft Corporation
     10.0.18362.657
     c:\windows\system32\wersvc.dll
     1932/10/14 1:07
   WFDSConMgrSvc
     %SystemRoot%\system32\svchost.exe -k LocalServiceNetworkRestricted -p
     WLAN Direct 服务连接管理器服务: 管理与无线服务(包括无线显示和插接)的连接。
     Microsoft Corporation
     10.0.18362.1
     c:\windows\system32\wfdsconmgrsvc.dll
     1963/1/20 5:08
   WiaRpc
     %SystemRoot%\system32\svchost.exe -k LocalSystemNetworkRestricted -p
     Still Image Acquisition Events: 启动与静态映像获取事件关联的应用程序。
     Microsoft Corporation
     10.0.18362.592
     c:\windows\system32\wiarpc.dll
     1976/10/12 23:50
   WinDefend
     "%ProgramFiles%\Windows Defender\MsMpEng.exe"
     Windows Defender Antivirus Service: 帮助用户防止恶意软件及其他潜在的垃圾软件。
     Microsoft Corporation
     4.18.1902.5
     c:\program files\windows defender\msmpeng.exe
     1943/10/30 12:45
   WinHttpAutoProxySvc
     %SystemRoot%\system32\svchost.exe -k LocalServiceNetworkRestricted -p
     WinHTTP Web Proxy Auto-Discovery Service: WinHTTP 实现了客户端 HTTP 堆栈并向开发人员提供 Win32 API 和 COM 自动化组件以供发送 HTTP 请求和接收响应。此外，通过执行 Web 代理自动发现(WPAD)协议，WinHTTP 还提供对自动发现代理服务器配置的支持。
     Microsoft Corporation
     10.0.18362.778
     c:\windows\system32\winhttp.dll
     1927/4/19 20:41
   Winmgmt
     %systemroot%\system32\svchost.exe -k netsvcs -p
     Windows Management Instrumentation: 提供共同的界面和对象模式以便访问有关操作系统、设备、应用程序和服务的管理信息。如果此服务被终止，多数基于 Windows 的软件将无法正常运行。如果此服务被禁用，任何依赖它的服务将无法启动。
     Microsoft Corporation
     10.0.18362.1
     c:\windows\system32\wbem\wmisvc.dll
     1991/7/1 18:04
   WinRM
     %SystemRoot%\System32\svchost.exe -k NetworkService -p
     Windows Remote Management (WS-Management): Windows 远程管理(WinRM)服务执行 WS-Management 协议来实现远程管理。WS-Management 是用于远程软件和硬件管理的标准 Web 服务协议。WinRM 服务侦听网络上的 WS-Management 请求并对它们进行处理。通过组策略或使用 winrm.cmd 命令行工具的侦听程序，来配置 WinRM 服务，以使其可通过网络侦听。WinRM 服务提供对 WMI 数据的访问并启用事件集合。事件集合及对事件的订阅需要服务处于运行状态。传输 WinRM 消息时使用 HTTP 和 HTTPS 协议。WinRM 服务不依赖于 IIS ，但在同一计算机上预配置为与 IIS 共享端口。WinRM 服务保留 /wsman URL 前缀。若要防止与 IIS 发生冲突，管理员应确保 IIS 上承载的所有网站均不使用 /wsman URL 前缀。
     Microsoft Corporation
     10.0.18362.693
     c:\windows\system32\wsmsvc.dll
     2002/8/1 10:21
   wisvc
     %systemroot%\system32\svchost.exe -k netsvcs -p
     Windows 预览体验成员服务: 为 Windows 预览体验计划提供基础结构支持。此服务必须保持启用状态，Windows 预览体验计划才能正常运行。
     Microsoft Corporation
     10.0.18362.752
     c:\windows\system32\flightsettings.dll
     1954/1/6 22:28
   WlanSvc
     %SystemRoot%\system32\svchost.exe -k LocalSystemNetworkRestricted -p
     WLAN AutoConfig: WLANSVC 服务提供配置、发现、连接、断开与 IEEE 802.11 标准定义的无线局域网(WLAN)的连接所需的逻辑。它还包含将计算机变成软件访问点的逻辑，以便其他设备或计算机可以使用支持它的 WLAN 适配器无线连接到计算机。停止或禁用 WLANSVC 服务将使得计算机上的所有 WLAN 适配器无法访问 Windows 网络连接 UI。强烈建议: 如果你的计算机具有 WLAN 适配器，则运行 WLANSVC 服务。
     Microsoft Corporation
     10.0.18362.239
     c:\windows\system32\wlansvc.dll
     1954/3/18 16:41
   wlidsvc
     %SystemRoot%\system32\svchost.exe -k netsvcs -p
     Microsoft Account Sign-in Assistant: 支持用户通过 Microsoft 帐户标识服务登录。如果此服务已停止，用户将无法使用其 Microsoft 帐户登录到此计算机。
     Microsoft Corporation
     10.0.18362.693
     c:\windows\system32\wlidsvc.dll
     1915/11/20 13:18
   wlpasvc
     %SystemRoot%\system32\svchost.exe -k LocalServiceNetworkRestricted -p
     本地配置文件助手服务: 此服务为订户标识模块提供配置文件管理
     Microsoft Corporation
     10.0.18362.1
     c:\windows\system32\lpasvc.dll
     1906/10/6 4:19
   WManSvc
     %systemroot%\system32\svchost.exe -k netsvcs -p
     Windows 管理服务: 执行包括预配和注册活动的管理操作
     Microsoft Corporation
     10.0.18362.752
     c:\windows\system32\windows.management.service.dll
     1966/1/5 20:52
   wmiApSrv
     %systemroot%\system32\wbem\WmiApSrv.exe
     WMI Performance Adapter: 向网络上的客户端提供 Windows Management Instrumentation (WMI) 提供程序中的性能库信息。只有在激活了性能数据助手时，才会运行此服务。
     Microsoft Corporation
     10.0.18362.1
     c:\windows\system32\wbem\wmiapsrv.exe
     1928/8/7 14:09
   WMPNetworkSvc
     "%PROGRAMFILES%\Windows Media Player\wmpnetwk.exe"
     Windows Media Player Network Sharing Service: 使用通用即插即用设备与其他网络播放机和媒体设备共享 Windows Media Player 媒体库
     Microsoft Corporation
     12.0.18362.1
     c:\program files\windows media player\wmpnetwk.exe
     2031/8/28 3:43
   workfolderssvc
     %SystemRoot%\System32\svchost.exe -k LocalService -p
     Work Folders: 此服务将与工作文件夹服务器同步文件，从而使你能够使用已设置工作文件夹的任何电脑和设备上的文件。
     Microsoft Corporation
     10.0.18362.778
     c:\windows\system32\workfolderssvc.dll
     1960/6/12 22:22
   WpcMonSvc
     %SystemRoot%\system32\svchost.exe -k LocalService
     家长控制: 对 Windows 中的子帐户强制执行家长控制。如果此服务被停止或禁用，家长控制可能无法强制执行。
     Microsoft Corporation
     10.0.18362.778
     c:\windows\system32\wpcdesktopmonsvc.dll
     1967/4/27 0:38
   WPDBusEnum
     %SystemRoot%\system32\svchost.exe -k LocalSystemNetworkRestricted
     Portable Device Enumerator Service: 强制可移动大容量存储设备的组策略。使应用程序(如 Windows Media Player 和图像导入向导)能够使用可移动大容量存储设备传输和同步内容。
     Microsoft Corporation
     10.0.18362.387
     c:\windows\system32\wpdbusenum.dll
     1984/8/24 13:59
   WpnService
     %systemroot%\system32\svchost.exe -k netsvcs -p
     Windows 推送通知系统服务: 此服务在会话 0 中运行，并托管通知平台和连接提供程序(用于处理设备与 WNS 服务器之间的连接)。
     Microsoft Corporation
     10.0.18362.693
     c:\windows\system32\wpnservice.dll
     1940/2/6 11:29
   WpnUserService
     %SystemRoot%\system32\svchost.exe -k UnistackSvcGroup
     Windows Push Notifications User Service: 此服务托管为本地通知和推送通知提供支持的 Windows 通知平台。支持的通知为磁贴、Toast 和 Raw。
     Microsoft Corporation
     10.0.18362.1
     c:\windows\system32\wpnuserservice.dll
     1958/5/7 10:58
   WpnUserService_d5c10
     C:\WINDOWS\system32\svchost.exe -k UnistackSvcGroup
     Windows Push Notifications User Service_d5c10: 此服务托管为本地通知和推送通知提供支持的 Windows 通知平台。支持的通知为磁贴、Toast 和 Raw。
     Microsoft Corporation
     10.0.18362.1
     c:\windows\system32\svchost.exe
     1997/1/11 6:26
   wscsvc
     %SystemRoot%\System32\svchost.exe -k LocalServiceNetworkRestricted -p
     Security Center: WSCSVC(Windows 安全中心)服务监视并报告计算机上的安全健康设置。健康设置包括防火墙(打开/关闭)、防病毒(打开/关闭/过期)、反间谍软件(打开/关闭/过期)、Windows 更新(自动/手动下载并安装更新)、用户帐户控制(打开/关闭)以及 Internet 设置(推荐/不推荐)。该服务为独立软件供应商提供 COM API 以便向安全中心服务注册并记录其产品的状态。安全和维护 UI 使用该服务在“安全和维护”控制面板中提供 systray 警报和安全健康状况的图形视图。网络访问保护(NAP)使用该服务向 NAP 网络策略服务器报告客户端的安全健康状况，以便进行网络隔离决策。该服务还提供一个公共 API，以允许外部客户以编程方式检索系统的聚合安全健康状况。
     Microsoft Corporation
     10.0.18362.449
     c:\windows\system32\wscsvc.dll
     1944/7/4 7:31
   WSearch
     %systemroot%\system32\SearchIndexer.exe /Embedding
     Windows Search: 为文件、电子邮件和其他内容提供内容索引、属性缓存和搜索结果。
     Microsoft Corporation
     7.0.18362.719
     c:\windows\system32\searchindexer.exe
     2026/8/15 13:20
   wuauserv
     %systemroot%\system32\svchost.exe -k netsvcs -p
     Windows Update: 启用检测、下载和安装 Windows 和其他程序的更新。如果此服务被禁用，这台计算机的用户将无法使用 Windows 更新或其自动更新功能， 并且这些程序将无法使用 Windows 更新代理(WUA) API。
     Microsoft Corporation
     10.0.18362.778
     c:\windows\system32\wuaueng.dll
     1926/7/16 20:52
   WwanSvc
     %SystemRoot%\system32\svchost.exe -k LocalSystemNetworkRestricted -p
     WWAN AutoConfig: 该服务管理移动宽带(GSM 和 CDMA)数据卡/嵌入式模块适配器和自动配置网络的连接。强烈建议: 保持运行此服务，以便获取移动宽带设备的最佳用户体验。
     Microsoft Corporation
     10.0.18362.752
     c:\windows\system32\wwansvc.dll
     1990/8/12 1:51
   XblAuthManager
     %SystemRoot%\system32\svchost.exe -k netsvcs -p
     Xbox Live 身份验证管理器: 提供用于与 Xbox Live 进行交互的身份验证和授权服务，如果此服务被停止，可能会造成某些应用程序无法正确操作。
     Microsoft Corporation
     10.0.18362.1
     c:\windows\system32\xblauthmanager.dll
     2011/11/17 11:03
   XblGameSave
     %SystemRoot%\system32\svchost.exe -k netsvcs -p
     Xbox Live 游戏保存: 此服务为 Xbox Live 可保存游戏同步保存数据。如果此服务被停止，游戏保存数据将不会上传至 Xbox Live 或从 Xbox Live 下载。
     Microsoft Corporation
     10.0.18362.1
     c:\windows\system32\xblgamesave.dll
     1977/8/24 18:08
   XboxGipSvc
     %SystemRoot%\system32\svchost.exe -k netsvcs -p
     Xbox Accessory Management Service: This service manages connected Xbox Accessories.
     Microsoft Corporation
     10.0.18362.1
     c:\windows\system32\xboxgipsvc.dll
     2007/1/3 23:50
   XboxNetApiSvc
     %SystemRoot%\system32\svchost.exe -k netsvcs -p
     Xbox Live 网络服务: 此服务支持 Windows.Networking.XboxLive 应用程序编程接口。
     Microsoft Corporation
     10.0.18362.1
     c:\windows\system32\xboxnetapisvc.dll
     2002/5/30 4:01
   XMPService
     C:\WINDOWS\System32\svchost.exe -k XMPService
     XMPService: 迅雷影音基础服务，为迅雷影音本地播放正常运行提供支持，保障解码器完整、更新，修复解码器和播放故障。
     深圳市迅雷网络技术有限公司
     1.0.0.2
     c:\users\public\thunder network\pusher\xmpsvc\xmpservice.dll
     2017/4/12 16:36

HKLM\System\CurrentControlSet\Services
   1394ohci
     \SystemRoot\System32\drivers\1394ohci.sys
     1394 OHCI Compliant Host Controller: 1394 OpenHCI Driver
     Microsoft Corporation
     10.0.18362.1
     c:\windows\system32\drivers\1394ohci.sys
     1990/3/13 8:46
   3ware
     System32\drivers\3ware.sys
     3ware: LSI 3ware SCSI Storport Driver
     LSI
     5.1.0.51
     c:\windows\system32\drivers\3ware.sys
     2015/5/19 6:28
   ACPI
     System32\drivers\ACPI.sys
     Microsoft ACPI Driver: 用于 NT 的 ACPI 驱动程序
     Microsoft Corporation
     10.0.18362.329
     c:\windows\system32\drivers\acpi.sys
     1910/11/4 12:58
   AcpiDev
     \SystemRoot\System32\drivers\AcpiDev.sys
     ACPI 设备驱动程序: ACPI Devices Driver
     Microsoft Corporation
     10.0.18362.1
     c:\windows\system32\drivers\acpidev.sys
     1975/4/13 15:30
   acpiex
     System32\Drivers\acpiex.sys
     Microsoft ACPIEx Driver: ACPIEx Driver
     Microsoft Corporation
     10.0.18362.1
     c:\windows\system32\drivers\acpiex.sys
     1993/3/1 19:04
   acpipagr
     \SystemRoot\System32\drivers\acpipagr.sys
     ACPI 处理器聚合器驱动程序: ACPI Processor Aggregator Device Driver
     Microsoft Corporation
     10.0.18362.1
     c:\windows\system32\drivers\acpipagr.sys
     1902/4/23 3:29
   AcpiPmi
     \SystemRoot\System32\drivers\acpipmi.sys
     ACPI 电源表驱动程序: ACPI Power Metering Driver
     Microsoft Corporation
     10.0.18362.1
     c:\windows\system32\drivers\acpipmi.sys
     2005/6/19 13:27
   acpitime
     \SystemRoot\System32\drivers\acpitime.sys
     ACPI 唤醒警报驱动程序: ACPI Wake Alarm
     Microsoft Corporation
     10.0.18362.1
     c:\windows\system32\drivers\acpitime.sys
     1952/2/14 3:01
   Acx01000
     system32\drivers\Acx01000.sys
     Acx01000: Audio KMDF Class Extension
     Microsoft Corporation
     10.0.18362.693
     c:\windows\system32\drivers\acx01000.sys
     1974/12/3 20:23
   ADP80XX
     System32\drivers\ADP80XX.SYS
     ADP80XX: PMC-Sierra Storport  Driver For SPC8x6G SAS/SATA controller
     PMC-Sierra
     1.3.0.10769
     c:\windows\system32\drivers\adp80xx.sys
     2015/4/10 4:49
   AFD
     \SystemRoot\system32\drivers\afd.sys
     Ancillary Function Driver for Winsock: Ancillary Function Driver for Winsock
     Microsoft Corporation
     10.0.18362.693
     c:\windows\system32\drivers\afd.sys
     1932/1/7 21:23
   afunix
     \SystemRoot\system32\drivers\afunix.sys
     afunix: AF_UNIX socket provider
     Microsoft Corporation
     10.0.18362.693
     c:\windows\system32\drivers\afunix.sys
     1917/8/5 9:58
   ahcache
     system32\DRIVERS\ahcache.sys
     Application Compatibility Cache: Cache Compatibility Data and Attributes for Individual PE File
     Microsoft Corporation
     10.0.18362.693
     c:\windows\system32\drivers\ahcache.sys
     1987/8/7 0:06
   amdgpio2
     \SystemRoot\System32\drivers\amdgpio2.sys
     AMD GPIO Client Driver: AMD GPIO Controller Driver
     Advanced Micro Devices, Inc
     2.2.0.121
     c:\windows\system32\drivers\amdgpio2.sys
     2019/9/30 11:56
   amdgpio3
     \SystemRoot\System32\drivers\amdgpio3.sys
     AMD GPIO Client Driver: AMD GPIO Driver
     Advanced Micro Devices, Inc
     2.0.1.0
     c:\windows\system32\drivers\amdgpio3.sys
     2016/3/14 18:19
   amdi2c
     \SystemRoot\System32\drivers\amdi2c.sys
     AMD I2C Controller Service: AMD I2C Controller Driver
     Advanced Micro Devices, Inc
     1.2.0.94
     c:\windows\system32\drivers\amdi2c.sys
     2018/6/13 13:25
   AmdK8
     \SystemRoot\System32\drivers\amdk8.sys
     AMD K8 Processor Driver: Processor Device Driver
     Microsoft Corporation
     10.0.18362.693
     c:\windows\system32\drivers\amdk8.sys
     1924/9/3 11:58
   amdkmdag
     \SystemRoot\System32\DriverStore\FileRepository\u0353575.inf_amd64_8e19095ae833d985\B353558\atikmdag.sys
     amdkmdag: ATI Radeon Kernel Mode Driver
     Advanced Micro Devices, Inc.
     26.20.15029.20013
     c:\windows\system32\driverstore\filerepository\u0353575.inf_amd64_8e19095ae833d985\b353558\atikmdag.sys
     2020/4/2 3:32
   amdkmdap
     \SystemRoot\System32\DriverStore\FileRepository\u0353575.inf_amd64_8e19095ae833d985\B353558\atikmpag.sys
     amdkmdap: AMD multi-vendor Miniport Driver
     Advanced Micro Devices, Inc.
     26.20.15029.20013
     c:\windows\system32\driverstore\filerepository\u0353575.inf_amd64_8e19095ae833d985\b353558\atikmpag.sys
     2020/4/2 3:18
   amdkmpfd
     System32\drivers\amdkmpfd.sys
     AMD PCI Root Bus Lower Filter: AMD PCI Root Bus Lower Filter
     Advanced Micro Devices, Inc.
     19.20.1.0
     c:\windows\system32\drivers\amdkmpfd.sys
     2019/3/20 21:28
   AMDPCIDev
     \SystemRoot\System32\drivers\AMDPCIDev.sys
     AMD PCI: AMD PCI Device driver
     Advanced Micro Devices
     1.0.0.55
     c:\windows\system32\drivers\amdpcidev.sys
     2018/4/12 14:14
   AmdPPM
     \SystemRoot\System32\drivers\amdppm.sys
     AMD Processor Driver: Processor Device Driver
     Microsoft Corporation
     10.0.18362.693
     c:\windows\system32\drivers\amdppm.sys
     1999/4/24 23:19
   amdpsp
     System32\drivers\amdpsp.sys
     AMD PSP Service: amdpsp sys
     Advanced Micro Devices, Inc. 
     4.9.0.0
     c:\windows\system32\drivers\amdpsp.sys
     2018/9/11 5:42
   amdsata
     System32\drivers\amdsata.sys
     amdsata: AHCI 1.3 Device Driver
     Advanced Micro Devices
     1.1.3.277
     c:\windows\system32\drivers\amdsata.sys
     2015/5/14 20:14
   amdsbs
     System32\drivers\amdsbs.sys
     amdsbs: AMD Technology AHCI Compatible Controller Driver for Windows - AMD64 platform
     AMD Technologies Inc.
     3.7.1540.43
     c:\windows\system32\drivers\amdsbs.sys
     2012/12/12 5:21
   amdxata
     System32\drivers\amdxata.sys
     amdxata: Storage Filter Driver
     Advanced Micro Devices
     1.1.3.277
     c:\windows\system32\drivers\amdxata.sys
     2015/5/1 8:55
   AppID
     system32\drivers\appid.sys
     AppID 驱动程序: 标识应用程序并强制执行软件限制策略。
     Microsoft Corporation
     10.0.18362.449
     c:\windows\system32\drivers\appid.sys
     2035/7/14 19:15
   AppleLowerFilter
     \SystemRoot\System32\drivers\AppleLowerFilter.sys
     Apple Lower Filter Driver: Apple Mobile Device USB Device
     Apple Inc.
     423.36.0.0
     c:\windows\system32\drivers\applelowerfilter.sys
     2018/5/8 12:16
   applockerfltr
     system32\drivers\applockerfltr.sys
     Smartlocker 筛选器驱动程序: 标识由授权的安装程序创建的文件。
     Microsoft Corporation
     10.0.18362.449
     c:\windows\system32\drivers\applockerfltr.sys
     1925/10/24 2:54
   AppvStrm
     \SystemRoot\system32\drivers\AppvStrm.sys
     AppvStrm: Microsoft App-V Streaming Mini-Filter Driver
     Microsoft Corporation
     10.0.18362.628
     c:\windows\system32\drivers\appvstrm.sys
     1924/8/25 9:43
   AppvVemgr
     \SystemRoot\system32\drivers\AppvVemgr.sys
     AppvVemgr: Microsoft App-V Virtual Environment Manager Driver
     Microsoft Corporation
     10.0.18362.628
     c:\windows\system32\drivers\appvvemgr.sys
     1973/1/19 13:24
   AppvVfs
     \SystemRoot\system32\drivers\AppvVfs.sys
     AppvVfs: Microsoft App-V VFS Mini-Filter Driver
     Microsoft Corporation
     10.0.18362.628
     c:\windows\system32\drivers\appvvfs.sys
     1977/5/12 6:53
   arcsas
     System32\drivers\arcsas.sys
     Adaptec SAS/SATA-II RAID Storport's Miniport Driver: Adaptec SAS RAID WS03 Driver
     PMC-Sierra, Inc.
     7.5.0.32048
     c:\windows\system32\drivers\arcsas.sys
     2015/4/10 3:12
   aswArPot
     system32\drivers\aswArPot.sys
     aswArPot: Avast anti rootkit
     AVAST Software
     20.2.53.0
     c:\windows\system32\drivers\aswarpot.sys
     2020/3/26 19:49
   aswbidsdriver
     system32\drivers\aswbidsdriver.sys
     aswbidsdriver: Avast IDS Application Activity Monitor Driver.
     AVAST Software
     20.2.53.0
     c:\windows\system32\drivers\aswbidsdriver.sys
     2020/3/26 19:49
   aswbidsh
     system32\drivers\aswbidsh.sys
     aswbidsh: Avast Application Activity Monitor Helper Driver
     AVAST Software
     20.2.53.0
     c:\windows\system32\drivers\aswbidsh.sys
     2020/3/26 19:50
   aswbuniv
     system32\drivers\aswbuniv.sys
     aswbuniv: Avast Universal Driver
     AVAST Software
     20.2.53.0
     c:\windows\system32\drivers\aswbuniv.sys
     2020/3/26 19:49
   aswElam
     system32\drivers\aswElam.sys
     aswElam: Avast ELAM Driver
     AVAST Software
     20.1.33.0
     c:\windows\system32\drivers\aswelam.sys
     2020/1/20 20:24
   aswKbd
     system32\drivers\aswKbd.sys
     aswKbd: Avast Keyboard Filter Driver
     AVAST Software
     20.2.53.0
     c:\windows\system32\drivers\aswkbd.sys
     2020/3/26 19:49
   aswMonFlt
     system32\drivers\aswMonFlt.sys
     aswMonFlt: Avast File System Minifilter for Windows 2003/Vista
     AVAST Software
     20.2.53.0
     c:\windows\system32\drivers\aswmonflt.sys
     2020/3/26 19:49
   aswNetHub
     system32\drivers\aswNetHub.sys
     aswNetHub: Avast Antivirus  Network Security Driver
     AVAST Software
     20.2.63.0
     c:\windows\system32\drivers\aswnethub.sys
     2020/4/17 21:24
   aswRdr
     system32\drivers\aswRdr2.sys
     aswRdr: Avast WFP Redirect Driver
     AVAST Software
     20.2.53.0
     c:\windows\system32\drivers\aswrdr2.sys
     2020/3/26 19:49
   aswRvrt
     system32\drivers\aswRvrt.sys
     aswRvrt: Avast Antivirus  Revert
     AVAST Software
     20.2.53.0
     c:\windows\system32\drivers\aswrvrt.sys
     2020/3/26 19:49
   aswSnx
     system32\drivers\aswSnx.sys
     aswSnx: Avast Virtualization Driver
     AVAST Software
     20.2.53.0
     c:\windows\system32\drivers\aswsnx.sys
     2020/3/26 19:49
   aswSP
     system32\drivers\aswSP.sys
     aswSP: Avast self protection module
     AVAST Software
     20.2.60.0
     c:\windows\system32\drivers\aswsp.sys
     2020/4/15 15:45
   aswStm
     system32\drivers\aswStm.sys
     aswStm: Stream Filter
     AVAST Software
     20.2.53.0
     c:\windows\system32\drivers\aswstm.sys
     2020/3/26 19:49
   aswTap
     \SystemRoot\System32\drivers\aswTap.sys
     avast! SecureLine TAP Adapter v3: TAP-Windows Virtual Network Driver
     The OpenVPN Project
     9.0.0.10
     c:\windows\system32\drivers\aswtap.sys
     2016/12/9 20:36
   aswVmm
     system32\drivers\aswVmm.sys
     aswVmm: Avast Antivirus  VM Monitor
     AVAST Software
     20.2.53.0
     c:\windows\system32\drivers\aswvmm.sys
     2020/3/26 19:49
   AsyncMac
     \SystemRoot\System32\drivers\asyncmac.sys
     RAS 异步媒体驱动程序: RAS 异步媒体驱动程序
     Microsoft Corporation
     10.0.18362.1
     c:\windows\system32\drivers\asyncmac.sys
     1935/9/6 9:45
   atapi
     System32\drivers\atapi.sys
     IDE 通道: ATAPI IDE Miniport Driver
     Microsoft Corporation
     10.0.18362.693
     c:\windows\system32\drivers\atapi.sys
     1902/5/1 17:54
   AtiHDAudioService
     \SystemRoot\system32\drivers\AtihdWT6.sys
     AMD Function Driver for HD Audio Service: AMD High Definition Audio Function Driver
     Advanced Micro Devices
     10.0.1.12
     c:\windows\system32\drivers\atihdwt6.sys
     2019/11/15 22:55
   b06bdrv
     System32\drivers\bxvbda.sys
     QLogic 网络适配器 VBD: QLogic Gigabit Ethernet VBD
     QLogic Corporation
     7.12.31.105
     c:\windows\system32\drivers\bxvbda.sys
     2016/5/25 15:03
   bam
     system32\drivers\bam.sys
     Background Activity Moderator Driver: Controls activity of background applications
     Microsoft Corporation
     10.0.18362.1
     c:\windows\system32\drivers\bam.sys
     1988/2/17 20:13
   BasicDisplay
     \SystemRoot\System32\DriverStore\FileRepository\basicdisplay.inf_amd64_307898c750ba9e44\BasicDisplay.sys
     BasicDisplay: Microsoft Basic Display Driver
     Microsoft Corporation
     10.0.18362.329
     c:\windows\system32\driverstore\filerepository\basicdisplay.inf_amd64_307898c750ba9e44\basicdisplay.sys
     2011/9/12 21:15
   BasicRender
     \SystemRoot\System32\DriverStore\FileRepository\basicrender.inf_amd64_ba2a8de08ea0d469\BasicRender.sys
     BasicRender: Microsoft Basic Render Driver
     Microsoft Corporation
     10.0.18362.329
     c:\windows\system32\driverstore\filerepository\basicrender.inf_amd64_ba2a8de08ea0d469\basicrender.sys
     1903/5/14 21:33
   bcmfn2
     \SystemRoot\System32\drivers\bcmfn2.sys
     bcmfn2 Service: BCM Function 2  Device Driver
     Windows (R) Win 7 DDK provider
     6.3.9600.17336
     c:\windows\system32\drivers\bcmfn2.sys
     2016/11/1 10:09
   Beep
     Beep
     Beep: BEEP Driver
     Microsoft Corporation
     10.0.18362.1
     c:\windows\system32\drivers\beep.sys
     2013/11/22 10:31
   bindflt
     \SystemRoot\system32\drivers\bindflt.sys
     Windows Bind Filter Driver: Binds filesystem namespaces to different locations and hides this remapping from the user
     Microsoft Corporation
     10.0.18362.628
     c:\windows\system32\drivers\bindflt.sys
     1910/1/18 22:50
   bowser
     system32\DRIVERS\bowser.sys
     浏览器: NT Lan 管理器数据报接收器驱动程序
     Microsoft Corporation
     10.0.18362.1
     c:\windows\system32\drivers\bowser.sys
     1946/5/5 16:03
   BthA2dp
     \SystemRoot\System32\drivers\BthA2dp.sys
     Microsoft Bluetooth A2dp driver: Bluetooth A2DP Driver
     Microsoft Corporation
     10.0.18362.356
     c:\windows\system32\drivers\btha2dp.sys
     1904/10/18 10:10
   BthEnum
     \SystemRoot\System32\drivers\BthEnum.sys
     蓝牙枚举器服务: 蓝牙总线扩展器
     Microsoft Corporation
     10.0.18362.693
     c:\windows\system32\drivers\bthenum.sys
     1985/6/27 14:16
   BthHFEnum
     \SystemRoot\System32\drivers\bthhfenum.sys
     Microsoft Bluetooth 免提配置文件驱动程序: Bluetooth Hands-Free Audio and Call Control HID Enumerator
     Microsoft Corporation
     10.0.18362.1
     c:\windows\system32\drivers\bthhfenum.sys
     1961/1/5 10:52
   BthLEEnum
     \SystemRoot\System32\drivers\Microsoft.Bluetooth.Legacy.LEEnumerator.sys
     蓝牙低能耗驱动程序: Legacy Bluetooth LE Bus Enumerator
     Microsoft Corporation
     10.0.18362.1
     c:\windows\system32\drivers\microsoft.bluetooth.legacy.leenumerator.sys
     1910/3/25 21:02
   BthMini
     \SystemRoot\System32\drivers\BTHMINI.sys
     蓝牙无线收发器驱动程序: Bluetooth Transport Extensibility Miniport Driver
     Microsoft Corporation
     10.0.18362.693
     c:\windows\system32\drivers\bthmini.sys
     1942/5/22 0:25
   BTHMODEM
     \SystemRoot\System32\drivers\bthmodem.sys
     蓝牙调制解调器通信驱动程序: Bluetooth Communications Driver
     Microsoft Corporation
     10.0.18362.1
     c:\windows\system32\drivers\bthmodem.sys
     1966/1/27 20:38
   BTHPORT
     \SystemRoot\System32\drivers\BTHport.sys
     蓝牙端口驱动程序: 蓝牙总线驱动程序
     Microsoft Corporation
     10.0.18362.693
     c:\windows\system32\drivers\bthport.sys
     1924/5/9 12:35
   BTHUSB
     \SystemRoot\System32\drivers\BTHUSB.sys
     蓝牙无线电收发器 USB 驱动程序: 蓝牙微型端口驱动程序
     Microsoft Corporation
     10.0.18362.693
     c:\windows\system32\drivers\bthusb.sys
     1990/5/12 16:22
   bttflt
     System32\drivers\bttflt.sys
     Microsoft Hyper-V VHDPMEM BTT 筛选器: VHD BTT Filter Driver
     Microsoft Corporation
     10.0.18362.1
     c:\windows\system32\drivers\bttflt.sys
     1967/11/8 20:14
   buttonconverter
     \SystemRoot\System32\drivers\buttonconverter.sys
     针对便携式设备控制装置的服务: Button Converter Driver
     Microsoft Corporation
     10.0.18362.1
     c:\windows\system32\drivers\buttonconverter.sys
     1938/6/18 22:09
   CAD
     \SystemRoot\System32\drivers\CAD.sys
     充电均衡驱动程序: Charge Arbiration Driver
     Microsoft Corporation
     10.0.18362.1
     c:\windows\system32\drivers\cad.sys
     2016/2/25 10:45
   cdrom
     \SystemRoot\System32\drivers\cdrom.sys
     CD-ROM Driver: SCSI CD-ROM Driver
     Microsoft Corporation
     10.0.18362.1
     c:\windows\system32\drivers\cdrom.sys
     1918/8/27 23:55
   cht4iscsi
     System32\drivers\cht4sx64.sys
     cht4iscsi: Chelsio iSCSI VMiniport Driver
     Chelsio Communications
     6.9.12.400
     c:\windows\system32\drivers\cht4sx64.sys
     2018/5/8 21:27
   cht4vbd
     \SystemRoot\System32\drivers\cht4vx64.sys
     Chelsio 虚拟总线驱动程序: Virtual Bus Driver for Chelsio ® T5/T6 Chipset
     Chelsio Communications
     6.9.12.400
     c:\windows\system32\drivers\cht4vx64.sys
     2018/5/8 21:23
   circlass
     \SystemRoot\System32\drivers\circlass.sys
     Consumer IR Devices: Consumer IR Class Driver for eHome
     Microsoft Corporation
     10.0.18362.1
     c:\windows\system32\drivers\circlass.sys
     1952/9/6 23:34
   CldFlt
     system32\drivers\cldflt.sys
     Windows Cloud Files Filter Driver: Cloud Files Mini Filter Driver
     Microsoft Corporation
     10.0.18362.693
     c:\windows\system32\drivers\cldflt.sys
     1962/12/21 6:23
   CLFS
     System32\drivers\CLFS.sys
     Common Log (CLFS): General-purpose logging service
     Microsoft Corporation
     10.0.18362.657
     c:\windows\system32\drivers\clfs.sys
     1967/8/8 5:02
   CmBatt
     \SystemRoot\System32\drivers\CmBatt.sys
     Microsoft ACPI 控制方法电池驱动程序: Control Method Battery Driver
     Microsoft Corporation
     10.0.18362.1
     c:\windows\system32\drivers\cmbatt.sys
     1981/7/12 17:27
   CNG
     System32\Drivers\cng.sys
     CNG: Kernel Cryptography, Next Generation
     Microsoft Corporation
     10.0.18362.295
     c:\windows\system32\drivers\cng.sys
     2014/10/20 15:11
   CompositeBus
     \SystemRoot\System32\DriverStore\FileRepository\compositebus.inf_amd64_43ac632006e874bb\CompositeBus.sys
     复合总线枚举器驱动程序: Multi-Transport Composite Bus Enumerator
     Microsoft Corporation
     10.0.18362.329
     c:\windows\system32\driverstore\filerepository\compositebus.inf_amd64_43ac632006e874bb\compositebus.sys
     1961/8/30 18:10
   condrv
     System32\drivers\condrv.sys
     Console Driver: Console Driver
     Microsoft Corporation
     10.0.18362.1
     c:\windows\system32\drivers\condrv.sys
     1926/11/21 4:40
   CSC
     system32\drivers\csc.sys
     Offline Files Driver: 允许在本地计算机处于脱机状态时使用网络文件。
     Microsoft Corporation
     10.0.18362.693
     c:\windows\system32\drivers\csc.sys
     1999/10/24 6:39
   dam
     system32\drivers\dam.sys
     Desktop Activity Moderator Driver: Controls activity of desktop applications
     Microsoft Corporation
     10.0.18362.1
     c:\windows\system32\drivers\dam.sys
     2008/12/16 23:45
   dc1-controller
     \SystemRoot\System32\drivers\dc1-controller.sys
     Xbox 外设驱动程序: KMDF driver for DC1 Controller
     Microsoft Corp.
     1.0.0.1
     c:\windows\system32\drivers\dc1-controller.sys
     1963/1/23 22:50
   Dfsc
     System32\Drivers\dfsc.sys
     DFS Namespace Client Driver: 用于访问 DFS 命名空间的客户端驱动程序
     Microsoft Corporation
     10.0.18362.1
     c:\windows\system32\drivers\dfsc.sys
     1967/3/17 13:19
   disk
     System32\drivers\disk.sys
     磁盘驱动程序: PnP Disk Driver
     Microsoft Corporation
     10.0.18362.1
     c:\windows\system32\drivers\disk.sys
     1999/12/10 2:07
   dmvsc
     \SystemRoot\System32\drivers\dmvsc.sys
     dmvsc: 动态内存
     Microsoft Corporation
     10.0.18362.1
     c:\windows\system32\drivers\dmvsc.sys
     1905/6/27 21:25
   drmkaud
     \SystemRoot\System32\drivers\drmkaud.sys
     Microsoft Trusted Audio Drivers: Microsoft Trusted Audio Drivers
     Microsoft Corporation
     10.0.18362.1
     c:\windows\system32\drivers\drmkaud.sys
     2000/9/24 9:00
   DXGKrnl
     \SystemRoot\System32\drivers\dxgkrnl.sys
     LDDM Graphics Subsystem: Controls the underlying video driver stacks to provide fully-featured display capabilities.
     Microsoft Corporation
     10.0.18362.778
     c:\windows\system32\drivers\dxgkrnl.sys
     2006/9/7 9:02
   ebdrv
     System32\drivers\evbda.sys
     QLogic 10 Gigabit Ethernet Adapter VBD: QLogic 10 GigE VBD
     QLogic Corporation
     7.13.65.105
     c:\windows\system32\drivers\evbda.sys
     2016/5/25 15:01
   EhStorClass
     System32\drivers\EhStorClass.sys
     Enhanced Storage Filter Driver: Enhanced Storage Filter Driver
     Microsoft Corporation
     10.0.18362.1
     c:\windows\system32\drivers\ehstorclass.sys
     2013/10/27 15:34
   EhStorTcgDrv
     System32\drivers\EhStorTcgDrv.sys
     支持 IEEE 1667 和 TCG 协议的 Microsoft 存储设备驱动程序: Microsoft driver for storage devices supporting IEEE 1667 and TCG protocols
     Microsoft Corporation
     10.0.18362.1
     c:\windows\system32\drivers\ehstortcgdrv.sys
     1902/1/20 16:37
   ErrDev
     \SystemRoot\System32\drivers\errdev.sys
     Microsoft Hardware Error Device Driver: Error Device Driver
     Microsoft Corporation
     10.0.18362.1
     c:\windows\system32\drivers\errdev.sys
     1931/9/30 23:40
   exfat
     exfat
     exFAT File System Driver: exFAT File System Driver
     Microsoft Corporation
     10.0.18362.535
     c:\windows\system32\drivers\exfat.sys
     1946/12/3 0:52
   fastfat
     fastfat
     FAT12/16/32 File System Driver: Note - dependance on CDROM.SYS only if required to read/write DVD-RAM media (which appears as CD class device). (Core) (All pieces)
     Microsoft Corporation
     10.0.18362.535
     c:\windows\system32\drivers\fastfat.sys
     1990/11/5 12:17
   fdc
     \SystemRoot\System32\drivers\fdc.sys
     软盘控制器驱动程序: Floppy Disk Controller Driver
     Microsoft Corporation
     10.0.18362.1
     c:\windows\system32\drivers\fdc.sys
     1931/12/14 2:50
   FileCrypt
     system32\drivers\filecrypt.sys
     FileCrypt: Windows sandboxing and encryption filter.
     Microsoft Corporation
     10.0.18362.1
     c:\windows\system32\drivers\filecrypt.sys
     2011/10/30 23:56
   FileInfo
     System32\drivers\fileinfo.sys
     File Information FS MiniFilter: Collects information about files in memory to be consumed by other system services.
     Microsoft Corporation
     10.0.18362.1
     c:\windows\system32\drivers\fileinfo.sys
     1989/7/13 9:15
   Filetrace
     system32\drivers\filetrace.sys
     Filetrace: ETW File Trace Filter
     Microsoft Corporation
     10.0.18362.1
     c:\windows\system32\drivers\filetrace.sys
     1990/12/29 7:44
   flpydisk
     \SystemRoot\System32\drivers\flpydisk.sys
     软盘驱动程序: Floppy Driver
     Microsoft Corporation
     10.0.18362.752
     c:\windows\system32\drivers\flpydisk.sys
     1977/2/24 14:22
   FltMgr
     system32\drivers\fltmgr.sys
     FltMgr: 文件系统筛选器管理器驱动程序
     Microsoft Corporation
     10.0.18362.267
     c:\windows\system32\drivers\fltmgr.sys
     1902/1/3 4:50
   FsDepends
     System32\drivers\FsDepends.sys
     File System Dependency Minifilter: This minifilter tracks the dependencies associated with the various nested volumes/filesystems
     Microsoft Corporation
     10.0.18362.1
     c:\windows\system32\drivers\fsdepends.sys
     1961/8/30 11:45
   fvevol
     System32\DRIVERS\fvevol.sys
     BitLocker Drive Encryption Filter Driver: BitLocker Drive Encryption Filter Driver
     Microsoft Corporation
     10.0.18362.267
     c:\windows\system32\drivers\fvevol.sys
     1946/12/27 3:43
   gencounter
     \SystemRoot\System32\drivers\vmgencounter.sys
     Microsoft Hyper-V 生成计数器: Virtual Machine Generation Counter
     Microsoft Corporation
     10.0.18362.1
     c:\windows\system32\drivers\vmgencounter.sys
     1943/12/2 9:53
   genericusbfn
     \SystemRoot\System32\DriverStore\FileRepository\genericusbfn.inf_amd64_b9c53b80e63af230\genericusbfn.sys
     通用 USB 函数类: Generic USB Function Class Driver
     Microsoft Corporation
     10.0.18362.329
     c:\windows\system32\driverstore\filerepository\genericusbfn.inf_amd64_b9c53b80e63af230\genericusbfn.sys
     1917/11/26 9:10
   GPIOClx0101
     System32\Drivers\msgpioclx.sys
     Microsoft GPIO Class Extension Driver: GPIO Class Extension Driver
     Microsoft Corporation
     10.0.18362.329
     c:\windows\system32\drivers\msgpioclx.sys
     1980/5/14 6:06
   GpuEnergyDrv
     System32\drivers\gpuenergydrv.sys
     GPU Energy Driver: Computes energy consumed by GPU
     Microsoft Corporation
     10.0.18362.1
     c:\windows\system32\drivers\gpuenergydrv.sys
     1976/10/13 20:27
   GUBootStartup
     \??\C:\WINDOWS\System32\drivers\GUBootStartup.sys
     GUBootStartup: The driver for the Startup Manager tool
     Glarysoft Ltd
     1.2.0.264
     c:\windows\system32\drivers\gubootstartup.sys
     2018/6/22 17:42
   hcmon
     \SystemRoot\system32\DRIVERS\hcmon.sys
     VMware hcmon: VMware USB Host Controller Monitor
     VMware, Inc.
     8.11.6.0
     c:\windows\system32\drivers\hcmon.sys
     2018/8/31 12:19
   HdAudAddService
     \SystemRoot\System32\drivers\HdAudio.sys
     用于 High Definition Audio 服务的 Microsoft 1.1 UAA 函数驱动程序: High Definition Audio Function Driver
     Microsoft Corporation
     10.0.18362.356
     c:\windows\system32\drivers\hdaudio.sys
     2009/5/19 7:56
   HDAudBus
     \SystemRoot\System32\drivers\HDAudBus.sys
     用于 High Definition Audio 的 Microsoft UAA 总线驱动程序: High Definition Audio Bus Driver
     Microsoft Corporation
     10.0.18362.693
     c:\windows\system32\drivers\hdaudbus.sys
     1918/6/10 3:14
   HidBatt
     \SystemRoot\System32\drivers\HidBatt.sys
     HID UPS 电池驱动程序: Hid Battery Driver
     Microsoft Corporation
     10.0.18362.1
     c:\windows\system32\drivers\hidbatt.sys
     1912/3/24 2:34
   HidBth
     \SystemRoot\System32\drivers\hidbth.sys
     Microsoft Bluetooth HID Miniport: HID 设备的蓝牙微型端口驱动程序
     Microsoft Corporation
     10.0.18362.1
     c:\windows\system32\drivers\hidbth.sys
     2034/2/26 14:20
   hidi2c
     \SystemRoot\System32\drivers\hidi2c.sys
     Microsoft I2C HID 微型端口驱动程序: I2C HID Miniport Driver
     Microsoft Corporation
     10.0.18362.1
     c:\windows\system32\drivers\hidi2c.sys
     2004/1/22 5:52
   hidinterrupt
     \SystemRoot\System32\drivers\hidinterrupt.sys
     通过中断实施的 HID 按钮的通用驱动程序: HID Button over Interrupt Driver
     Microsoft Corporation
     10.0.18362.1
     c:\windows\system32\drivers\hidinterrupt.sys
     1908/1/30 15:32
   HidIr
     \SystemRoot\System32\drivers\hidir.sys
     Microsoft Infrared HID Driver: Infrared Miniport Driver for Input Devices
     Microsoft Corporation
     10.0.18362.1
     c:\windows\system32\drivers\hidir.sys
     1989/11/4 17:38
   hidspi
     \SystemRoot\System32\drivers\hidspi.sys
     Microsoft SPI HID 微型端口驱动程序: SPI HID Miniport Driver
     Microsoft Corporation
     10.0.18362.387
     c:\windows\system32\drivers\hidspi.sys
     1942/9/2 7:28
   HidUsb
     \SystemRoot\System32\drivers\hidusb.sys
     Microsoft HID Class Driver: USB Miniport Driver for Input Devices
     Microsoft Corporation
     10.0.18362.175
     c:\windows\system32\drivers\hidusb.sys
     2035/9/11 23:00
   HpSAMD
     System32\drivers\HpSAMD.sys
     HpSAMD: Smart Array SAS/SATA Controller Media Driver
     Hewlett-Packard Company
     8.0.4.0
     c:\windows\system32\drivers\hpsamd.sys
     2013/3/27 5:36
   HTTP
     system32\drivers\HTTP.sys
     HTTP Service: HTTP Service
     Microsoft Corporation
     10.0.18362.752
     c:\windows\system32\drivers\http.sys
     1969/5/19 10:25
   hvservice
     system32\drivers\hvservice.sys
     Hypervisor/Virtual Machine Support Driver: Hypervisor/Virtual Machine Support Driver
     Microsoft Corporation
     10.0.18362.752
     c:\windows\system32\drivers\hvservice.sys
     1982/6/12 20:22
   HwNClx0101
     System32\Drivers\mshwnclx.sys
     Microsoft Hardware Notifications Class Extension Driver: Hardware Notification Class Extension Driver
     Microsoft Corporation
     10.0.18362.1
     c:\windows\system32\drivers\mshwnclx.sys
     2030/11/16 3:49
   hwpolicy
     System32\drivers\hwpolicy.sys
     Hardware Policy Driver: Contains Processor and other policies
     Microsoft Corporation
     10.0.18362.752
     c:\windows\system32\drivers\hwpolicy.sys
     1959/1/11 7:49
   hyperkbd
     \SystemRoot\System32\drivers\hyperkbd.sys
     hyperkbd: Microsoft VMBus Synthetic Keyboard Driver
     Microsoft Corporation
     10.0.18362.1
     c:\windows\system32\drivers\hyperkbd.sys
     1938/3/3 2:46
   HyperVideo
     \SystemRoot\System32\drivers\HyperVideo.sys
     HyperVideo: Microsoft VMBus Video Device Miniport Driver
     Microsoft Corporation
     10.0.18362.1
     c:\windows\system32\drivers\hypervideo.sys
     2010/2/1 3:36
   i8042prt
     \SystemRoot\System32\drivers\i8042prt.sys
     i8042 键盘和 PS/2 鼠标端口驱动程序: i8042 端口驱动程序
     Microsoft Corporation
     10.0.18362.1
     c:\windows\system32\drivers\i8042prt.sys
     1955/10/24 11:52
   iagpio
     \SystemRoot\System32\drivers\iagpio.sys
     Intel 串行 IO GPIO 控制器驱动程序: Intel(R) Serial IO GPIO Controller Driver
     Intel(R) Corporation
     1.1.1.0
     c:\windows\system32\drivers\iagpio.sys
     2018/7/23 17:04
   iai2c
     \SystemRoot\System32\drivers\iai2c.sys
     Intel(R) 串行 IO I2C 主机控制器: Intel(R) Serial IO I2C Driver
     Intel(R) Corporation
     1.1.1.0
     c:\windows\system32\drivers\iai2c.sys
     2018/7/23 17:04
   iaLPSS2i_GPIO2
     \SystemRoot\System32\drivers\iaLPSS2i_GPIO2.sys
     Intel(R) 串行 IO GPIO 驱动程序 v2: Intel(R) Serial IO GPIO Driver v2
     Intel Corporation
     30.100.1816.3
     c:\windows\system32\drivers\ialpss2i_gpio2.sys
     2018/4/19 15:53
   iaLPSS2i_GPIO2_BXT_P
     \SystemRoot\System32\drivers\iaLPSS2i_GPIO2_BXT_P.sys
     Intel(R) 串行 IO GPIO 驱动程序 v2: Intel(R) Serial IO GPIO Driver v2
     Intel Corporation
     30.100.1816.1
     c:\windows\system32\drivers\ialpss2i_gpio2_bxt_p.sys
     2018/4/17 17:25
   iaLPSS2i_GPIO2_CNL
     \SystemRoot\System32\drivers\iaLPSS2i_GPIO2_CNL.sys
     Intel(R) 串行 IO GPIO 驱动程序 v2: Intel(R) Serial IO GPIO Driver v2
     Intel Corporation
     30.100.1816.3
     c:\windows\system32\drivers\ialpss2i_gpio2_cnl.sys
     2018/4/17 15:07
   iaLPSS2i_GPIO2_GLK
     \SystemRoot\System32\drivers\iaLPSS2i_GPIO2_GLK.sys
     Intel(R) 串行 IO GPIO 驱动程序 v2: Intel(R) Serial IO GPIO Driver v2
     Intel Corporation
     30.100.1820.1
     c:\windows\system32\drivers\ialpss2i_gpio2_glk.sys
     2018/5/16 13:46
   iaLPSS2i_I2C
     \SystemRoot\System32\drivers\iaLPSS2i_I2C.sys
     Intel(R) 串行 IO I2C 驱动程序 v2: Intel(R) Serial IO I2C Driver v2
     Intel Corporation
     30.100.1816.3
     c:\windows\system32\drivers\ialpss2i_i2c.sys
     2018/4/19 15:52
   iaLPSS2i_I2C_BXT_P
     \SystemRoot\System32\drivers\iaLPSS2i_I2C_BXT_P.sys
     Intel(R) 串行 IO I2C 驱动程序 v2: Intel(R) Serial IO I2C Driver v2
     Intel Corporation
     30.100.1816.1
     c:\windows\system32\drivers\ialpss2i_i2c_bxt_p.sys
     2018/4/17 17:24
   iaLPSS2i_I2C_CNL
     \SystemRoot\System32\drivers\iaLPSS2i_I2C_CNL.sys
     Intel(R) 串行 IO I2C 驱动程序 v2: Intel(R) Serial IO I2C Driver v2
     Intel Corporation
     30.100.1816.3
     c:\windows\system32\drivers\ialpss2i_i2c_cnl.sys
     2018/4/17 15:06
   iaLPSS2i_I2C_GLK
     \SystemRoot\System32\drivers\iaLPSS2i_I2C_GLK.sys
     Intel(R) 串行 IO I2C 驱动程序 v2: Intel(R) Serial IO I2C Driver v2
     Intel Corporation
     30.100.1820.1
     c:\windows\system32\drivers\ialpss2i_i2c_glk.sys
     2018/5/16 13:46
   iaLPSSi_GPIO
     \SystemRoot\System32\drivers\iaLPSSi_GPIO.sys
     Intel(R) 串行 IO GPIO 主机控制器驱动程序: Intel(R) Serial IO GPIO Controller Driver
     Intel Corporation
     1.1.250.0
     c:\windows\system32\drivers\ialpssi_gpio.sys
     2015/2/2 17:00
   iaLPSSi_I2C
     \SystemRoot\System32\drivers\iaLPSSi_I2C.sys
     Intel(R) 串行 IO I2C 控制器驱动程序: Intel(R) Serial IO I2C Controller Driver
     Intel Corporation
     1.1.253.0
     c:\windows\system32\drivers\ialpssi_i2c.sys
     2015/2/24 23:52
   iaStorAVC
     System32\drivers\iaStorAVC.sys
     Intel Chipset SATA RAID 控制器: Intel(R) Rapid Storage Technology driver (inbox) - x64
     Intel Corporation
     15.44.0.1010
     c:\windows\system32\drivers\iastoravc.sys
     2018/2/7 19:53
   iaStorV
     System32\drivers\iaStorV.sys
     Intel RAID Controller Windows 7: Intel Matrix Storage Manager driver - x64
     Intel Corporation
     8.6.2.1019
     c:\windows\system32\drivers\iastorv.sys
     2011/4/12 2:48
   ibbus
     \SystemRoot\System32\drivers\ibbus.sys
     Mellanox InfiniBand 总线/AL (筛选器驱动程序): InfiniBand Fabric Bus Driver
     Mellanox
     5.50.14643.0
     c:\windows\system32\drivers\ibbus.sys
     2018/4/26 0:29
   IDMWFP
     \SystemRoot\system32\DRIVERS\idmwfp.sys
     IDMWFP: Internet Download Manager WFP Driver
     Tonec Inc.
     6.32.3.80
     c:\windows\system32\drivers\idmwfp.sys
     2018/12/19 22:52
   IndirectKmd
     \SystemRoot\System32\drivers\IndirectKmd.sys
     Indirect Displays 内核模式驱动程序: 实现了 Indirect Displays 框架的内核模式驱动程序。
     Microsoft Corporation
     10.0.18362.1
     c:\windows\system32\drivers\indirectkmd.sys
     1963/11/21 22:34
   IntcAzAudAddService
     \SystemRoot\system32\drivers\RTKVHD64.sys
     Service for Realtek HD Audio (WDM): Realtek(r) High Definition Audio Function Driver
     Realtek Semiconductor Corp.
     6.0.1.8591
     c:\windows\system32\drivers\rtkvhd64.sys
     2018/12/11 20:21
   intelide
     System32\drivers\intelide.sys
     intelide: Intel PCI IDE Driver
     Microsoft Corporation
     10.0.18362.693
     c:\windows\system32\drivers\intelide.sys
     1905/11/14 12:03
   intelpep
     System32\drivers\intelpep.sys
     Intel(R) Power Engine Plug-in Driver: Intel Power Engine Plugin
     Microsoft Corporation
     10.0.18362.693
     c:\windows\system32\drivers\intelpep.sys
     2003/9/21 10:51
   intelpmax
     \SystemRoot\System32\drivers\intelpmax.sys
     Intel 功率限制驱动程序: Intel Power Limit Driver
     Microsoft Corporation
     10.0.18362.1
     c:\windows\system32\drivers\intelpmax.sys
     2009/9/14 13:03
   intelppm
     \SystemRoot\System32\drivers\intelppm.sys
     Intel Processor Driver: Processor Device Driver
     Microsoft Corporation
     10.0.18362.693
     c:\windows\system32\drivers\intelppm.sys
     1934/2/10 11:57
   iorate
     system32\drivers\iorate.sys
     磁盘 I/O 速率筛选器驱动程序: 为磁盘 I/O 流量提供速率控制。
     Microsoft Corporation
     10.0.18362.1
     c:\windows\system32\drivers\iorate.sys
     1983/3/16 8:54
   IpFilterDriver
     system32\DRIVERS\ipfltdrv.sys
     IP 流量筛选器驱动程序: IP 流量筛选器驱动程序
     Microsoft Corporation
     10.0.18362.1
     c:\windows\system32\drivers\ipfltdrv.sys
     1961/9/18 1:59
   IPMIDRV
     \SystemRoot\System32\drivers\IPMIDrv.sys
     IPMIDRV: WMI IPMI 驱动程序
     Microsoft Corporation
     10.0.18362.1
     c:\windows\system32\drivers\ipmidrv.sys
     1939/1/22 16:15
   IPNAT
     System32\drivers\ipnat.sys
     IP Network Address Translator: IP Network Address Translator
     Microsoft Corporation
     10.0.18362.1
     c:\windows\system32\drivers\ipnat.sys
     2005/10/2 9:07
   IPT
     \SystemRoot\System32\drivers\ipt.sys
     IPT: IPT Driver
     Microsoft Corporation
     10.0.18362.1
     c:\windows\system32\drivers\ipt.sys
     1930/11/27 20:28
   isapnp
     System32\drivers\isapnp.sys
     isapnp: PNP ISA 总线驱动程序
     Microsoft Corporation
     10.0.18362.267
     c:\windows\system32\drivers\isapnp.sys
     1907/2/3 0:36
   iScsiPrt
     \SystemRoot\System32\drivers\msiscsi.sys
     iScsiPort 驱动程序: Microsoft iSCSI Initiator Driver
     Microsoft Corporation
     10.0.18362.449
     c:\windows\system32\drivers\msiscsi.sys
     1953/7/1 17:26
   ItSas35i
     System32\drivers\ItSas35i.sys
     ItSas35i: Avago SAS Gen3.5 Driver (StorPort)
     Avago Technologies
     2.60.59.80
     c:\windows\system32\drivers\itsas35i.sys
     2018/5/3 17:57
   IUFileFilter
     \??\C:\Program Files (x86)\IObit\IObit Uninstaller\drivers\win10_amd64\IUFileFilter.sys
     IUFileFilter: IUFileFilter
     IObit
     9.2.6.6
     c:\program files (x86)\iobit\iobit uninstaller\drivers\win10_amd64\iufilefilter.sys
     2019/11/6 16:52
   IUProcessFilter
     \??\C:\Program Files (x86)\IObit\IObit Uninstaller\drivers\win10_amd64\IUProcessFilter.sys
     IUProcessFilter: IUProcessFilter
     IObit
     9.0.6.6
     c:\program files (x86)\iobit\iobit uninstaller\drivers\win10_amd64\iuprocessfilter.sys
     2019/6/6 13:00
   IURegistryFilter
     \??\C:\Program Files (x86)\IObit\IObit Uninstaller\drivers\win10_amd64\IURegistryFilter.sys
     IURegistryFilter: IURegistryFilter
     IObit
     9.2.6.6
     c:\program files (x86)\iobit\iobit uninstaller\drivers\win10_amd64\iuregistryfilter.sys
     2019/11/6 16:55
   kbdclass
     \SystemRoot\System32\drivers\kbdclass.sys
     Keyboard Class Driver: 键盘类驱动程序
     Microsoft Corporation
     10.0.18362.1
     c:\windows\system32\drivers\kbdclass.sys
     1975/12/31 8:56
   kbdhid
     \SystemRoot\System32\drivers\kbdhid.sys
     Keyboard HID Driver: HID 键盘筛选器驱动程序
     Microsoft Corporation
     10.0.18362.1
     c:\windows\system32\drivers\kbdhid.sys
     2010/12/2 1:57
   kdnic
     \SystemRoot\System32\drivers\kdnic.sys
     Microsoft 内核调试网络微型端口(NDIS 6.20): Microsoft Kernel Debugger Network Miniport
     Microsoft Corporation
     6.1.0.0
     c:\windows\system32\drivers\kdnic.sys
     1986/12/29 12:11
   KSecDD
     System32\Drivers\ksecdd.sys
     KSecDD: Kernel Security Support Provider Interface
     Microsoft Corporation
     10.0.18362.113
     c:\windows\system32\drivers\ksecdd.sys
     1920/10/3 16:55
   KSecPkg
     System32\Drivers\ksecpkg.sys
     KSecPkg: Kernel Security Support Provider Interface Packages
     Microsoft Corporation
     10.0.18362.657
     c:\windows\system32\drivers\ksecpkg.sys
     1953/12/27 12:30
   ksthunk
     \SystemRoot\system32\drivers\ksthunk.sys
     Kernel Streaming Thunks: Kernel Streaming WOW Thunk Service
     Microsoft Corporation
     10.0.18362.1
     c:\windows\system32\drivers\ksthunk.sys
     1981/5/1 21:52
   LGBusEnum
     \SystemRoot\system32\drivers\LGBusEnum.sys
     Logitech Gaming Virtual Bus Enumerator Driver: Logitech WingMan Virtual Bus Enumerator Driver
     Logitech Inc.
     8.85.75.0
     c:\windows\system32\drivers\lgbusenum.sys
     2016/6/14 2:47
   LGJoyXlCore
     \SystemRoot\system32\drivers\LGJoyXlCore.sys
     Logitech Translation Layer Driver (LGS): Logitech Gaming Software Joystick Translation Driver
     Logitech Inc.
     8.85.75.0
     c:\windows\system32\drivers\lgjoyxlcore.sys
     2016/6/14 2:47
   lltdio
     system32\drivers\lltdio.sys
     链路层拓扑发现映射器 I/O 驱动程序: 链路层拓扑发现映射器 I/O 驱动程序
     Microsoft Corporation
     10.0.18362.1
     c:\windows\system32\drivers\lltdio.sys
     2029/10/22 14:02
   LSI_SAS
     System32\drivers\lsi_sas.sys
     LSI_SAS: LSI Fusion-MPT SAS Driver (StorPort)
     LSI Corporation
     1.34.3.83
     c:\windows\system32\drivers\lsi_sas.sys
     2015/3/26 3:36
   LSI_SAS2i
     System32\drivers\lsi_sas2i.sys
     LSI_SAS2i: LSI SAS Gen2 Driver (StorPort)
     LSI Corporation
     2.0.79.82
     c:\windows\system32\drivers\lsi_sas2i.sys
     2017/8/2 21:29
   LSI_SAS3i
     System32\drivers\lsi_sas3i.sys
     LSI_SAS3i: Avago SAS Gen3 Driver (StorPort)
     Avago Technologies
     2.51.24.80
     c:\windows\system32\drivers\lsi_sas3i.sys
     2018/5/2 17:40
   LSI_SSS
     System32\drivers\lsi_sss.sys
     LSI_SSS: LSI SSS PCIe/Flash Driver (StorPort)
     LSI Corporation
     2.10.61.81
     c:\windows\system32\drivers\lsi_sss.sys
     2013/3/16 7:39
   luafv
     \SystemRoot\system32\drivers\luafv.sys
     UAC File Virtualization: 虚拟化每个用户位置的文件写入失败。
     Microsoft Corporation
     10.0.18362.53
     c:\windows\system32\drivers\luafv.sys
     1974/8/9 21:33
   mausbhost
     \SystemRoot\System32\drivers\mausbhost.sys
     MA-USB 主机控制器驱动程序: MA-USB Host Controller Driver
     Microsoft Corporation
     10.0.18362.1
     c:\windows\system32\drivers\mausbhost.sys
     1989/11/6 9:59
   mausbip
     \SystemRoot\System32\drivers\mausbip.sys
     MA-USB IP 筛选器驱动程序: MA-USB IP Driver
     Microsoft Corporation
     10.0.18362.1
     c:\windows\system32\drivers\mausbip.sys
     1979/7/23 15:30
   MbbCx
     system32\drivers\MbbCx.sys
     MBB Network Adapter Class Extension: Windows Mobile Broadband Class Extension
     Microsoft Corporation
     10.0.18362.449
     c:\windows\system32\drivers\mbbcx.sys
     1972/6/16 11:56
   megasas
     System32\drivers\megasas.sys
     megasas: MEGASAS RAID Controller Driver for Windows
     Avago Technologies
     6.706.6.0
     c:\windows\system32\drivers\megasas.sys
     2015/3/5 10:36
   megasas2i
     System32\drivers\MegaSas2i.sys
     megasas2i: MEGASAS RAID Controller Driver for Windows
     Avago Technologies
     6.714.5.0
     c:\windows\system32\drivers\megasas2i.sys
     2017/7/24 17:46
   megasas35i
     System32\drivers\megasas35i.sys
     megasas35i: MEGASAS RAID Controller Driver for Windows
     Avago Technologies
     7.708.13.0
     c:\windows\system32\drivers\megasas35i.sys
     2018/12/7 1:45
   megasr
     System32\drivers\megasr.sys
     megasr: LSI MegaRAID Software RAID Driver
     LSI Corporation, Inc.
     15.2.2013.129
     c:\windows\system32\drivers\megasr.sys
     2013/6/4 6:02
   Microsoft_Bluetooth_AvrcpTransport
     \SystemRoot\System32\drivers\Microsoft.Bluetooth.AvrcpTransport.sys
     Microsoft 蓝牙 AVRCP 传输驱动程序: Microsoft 蓝牙 AVRCP 传输驱动程序
     Microsoft Corporation
     10.0.18362.1
     c:\windows\system32\drivers\microsoft.bluetooth.avrcptransport.sys
     2008/5/14 4:54
   mlx4_bus
     \SystemRoot\System32\drivers\mlx4_bus.sys
     Mellanox ConnectX 总线枚举器: MLX4 Bus Driver
     Mellanox
     5.50.14643.0
     c:\windows\system32\drivers\mlx4_bus.sys
     2018/4/26 0:29
   MMCSS
     \SystemRoot\system32\drivers\mmcss.sys
     Multimedia Class Scheduler: Enables relative prioritization of work based on system-wide task priorities. This is intended mainly for multimedia applications.  If this service is stopped, individual tasks resort to their default priority.
     Microsoft Corporation
     10.0.18362.1
     c:\windows\system32\drivers\mmcss.sys
     2003/6/9 12:56
   Modem
     system32\drivers\modem.sys
     Modem: 调制解调器设备驱动程序
     Microsoft Corporation
     10.0.18362.1
     c:\windows\system32\drivers\modem.sys
     2026/2/15 7:08
   monitor
     \SystemRoot\System32\drivers\monitor.sys
     Microsoft Monitor Class Function Driver Service: Monitor Driver
     Microsoft Corporation
     10.0.18362.693
     c:\windows\system32\drivers\monitor.sys
     2022/3/28 7:22
   mouclass
     \SystemRoot\System32\drivers\mouclass.sys
     Mouse Class Driver: 鼠标类驱动程序
     Microsoft Corporation
     10.0.18362.1
     c:\windows\system32\drivers\mouclass.sys
     2009/6/1 6:07
   mouhid
     \SystemRoot\System32\drivers\mouhid.sys
     Mouse HID Driver: HID 鼠标筛选器驱动程序
     Microsoft Corporation
     10.0.18362.1
     c:\windows\system32\drivers\mouhid.sys
     1919/8/19 6:45
   mountmgr
     System32\drivers\mountmgr.sys
     Mount Point Manager: 负责维护永久性驱动器号和卷名的驱动程序
     Microsoft Corporation
     10.0.18362.449
     c:\windows\system32\drivers\mountmgr.sys
     2023/1/27 22:42
   mpsdrv
     System32\drivers\mpsdrv.sys
     Windows Defender Firewall Authorization Driver: Windows Defender Firewall Authorization Driver is a kernel mode driver that provides deep inspection services on inbound and outbound network traffic.
     Microsoft Corporation
     10.0.18362.1
     c:\windows\system32\drivers\mpsdrv.sys
     2036/8/23 21:53
   MRxDAV
     \SystemRoot\system32\drivers\mrxdav.sys
     WebDav Client Redirector Driver: 为 WebClient 服务提供 WebDAV 文件访问权限的网络重定向程序
     Microsoft Corporation
     10.0.18362.387
     c:\windows\system32\drivers\mrxdav.sys
     2002/12/30 4:04
   mrxsmb
     system32\DRIVERS\mrxsmb.sys
     SMB MiniRedirector Wrapper and Engine: 执行 SMB 文件系统重定向程序的框架
     Microsoft Corporation
     10.0.18362.753
     c:\windows\system32\drivers\mrxsmb.sys
     1955/5/1 7:59
   mrxsmb20
     system32\DRIVERS\mrxsmb20.sys
     SMB 2.0 MiniRedirector: 执行 SMB 2.0 协议，该协议提供与 Windows Vista 以及更高版本的服务器上的网络资源的连接
     Microsoft Corporation
     10.0.18362.693
     c:\windows\system32\drivers\mrxsmb20.sys
     1941/10/23 3:10
   MsBridge
     System32\drivers\bridge.sys
     Microsoft MAC 桥: Microsoft MAC 桥
     Microsoft Corporation
     10.0.18362.1
     c:\windows\system32\drivers\bridge.sys
     1978/1/7 13:10
   Msfs
     Msfs
     Msfs: Mailslot driver
     Microsoft Corporation
     10.0.18362.267
     c:\windows\system32\drivers\msfs.sys
     1911/7/8 23:34
   msgpiowin32
     \SystemRoot\System32\drivers\msgpiowin32.sys
     用于按钮、停靠模式和笔记本电脑/平板电脑指示器的通用驱动程序: GPIO Button Driver
     Microsoft Corporation
     10.0.18362.1
     c:\windows\system32\drivers\msgpiowin32.sys
     2026/10/24 9:10
   mshidkmdf
     \SystemRoot\System32\drivers\mshidkmdf.sys
     Pass-through HID to KMDF Filter Driver: Device Filter to provide pass-through interface between HIDCLASS and KMDF
     Microsoft Corporation
     10.0.18362.1
     c:\windows\system32\drivers\mshidkmdf.sys
     1942/12/11 11:10
   mshidumdf
     \SystemRoot\System32\drivers\mshidumdf.sys
     Pass-through HID to UMDF Driver: 设备驱动程序在 HIDCLASS 和 UMDF 之间提供传递接口
     Microsoft Corporation
     10.0.18362.1
     c:\windows\system32\drivers\mshidumdf.sys
     1951/8/2 20:03
   msisadrv
     System32\drivers\msisadrv.sys
     msisadrv: ISA Driver
     Microsoft Corporation
     10.0.18362.267
     c:\windows\system32\drivers\msisadrv.sys
     2020/2/15 4:58
   MSKSSRV
     \SystemRoot\System32\drivers\MSKSSRV.sys
     Microsoft 流服务代理: MS KS Server
     Microsoft Corporation
     10.0.18362.207
     c:\windows\system32\drivers\mskssrv.sys
     1935/11/1 18:03
   MsLldp
     system32\drivers\mslldp.sys
     Microsoft 链路层发现协议驱动程序
     Microsoft Corporation
     10.0.18362.1
     c:\windows\system32\drivers\mslldp.sys
     1981/7/28 2:08
   MSPCLOCK
     \SystemRoot\System32\drivers\MSPCLOCK.sys
     Microsoft 流时钟代理: MS Proxy Clock
     Microsoft Corporation
     10.0.18362.1
     c:\windows\system32\drivers\mspclock.sys
     1982/12/3 16:54
   MSPQM
     \SystemRoot\System32\drivers\MSPQM.sys
     Microsoft 流质量管理器代理: MS Proxy Quality Manager
     Microsoft Corporation
     10.0.18362.1
     c:\windows\system32\drivers\mspqm.sys
     1981/9/2 17:30
   MsRPC
     MsRPC
     MsRPC: Kernel Remote Procedure Call Provider
     Microsoft Corporation
     10.0.18362.476
     c:\windows\system32\drivers\msrpc.sys
     2034/1/1 20:43
   MsSecFlt
     system32\drivers\mssecflt.sys
     Microsoft 安全事件组件微筛选器: Microsoft 安全事件组件文件系统筛选器驱动程序
     Microsoft Corporation
     10.0.18362.693
     c:\windows\system32\drivers\mssecflt.sys
     1908/7/8 16:48
   mssmbios
     \SystemRoot\System32\drivers\mssmbios.sys
     Microsoft System Management BIOS Driver: System Management BIOS Driver
     Microsoft Corporation
     10.0.18362.1
     c:\windows\system32\drivers\mssmbios.sys
     1956/8/20 18:02
   MSTEE
     \SystemRoot\System32\drivers\MSTEE.sys
     Microsoft 流 Tee/Sink-to-Sink 转换器: WDM Tee/Communication Transform Filter 
     Microsoft Corporation
     10.0.18362.1
     c:\windows\system32\drivers\mstee.sys
     2006/6/29 12:15
   MTConfig
     \SystemRoot\System32\drivers\MTConfig.sys
     Microsoft Input Configuration Driver: Microsoft 多点触控 HID 驱动程序
     Microsoft Corporation
     10.0.18362.1
     c:\windows\system32\drivers\mtconfig.sys
     1911/6/1 20:26
   Mup
     System32\Drivers\mup.sys
     Mup: 多个 UNC 提供程序驱动程序
     Microsoft Corporation
     10.0.18362.207
     c:\windows\system32\drivers\mup.sys
     2015/12/2 4:29
   mvumis
     System32\drivers\mvumis.sys
     mvumis: Marvell Flash Controller Driver
     Marvell Semiconductor, Inc.
     1.0.5.1016
     c:\windows\system32\drivers\mvumis.sys
     2014/5/24 4:39
   NativeWifiP
     system32\DRIVERS\nwifi.sys
     NativeWiFi 筛选器: NativeWiFi 微型端口驱动程序
     Microsoft Corporation
     10.0.18362.387
     c:\windows\system32\drivers\nwifi.sys
     1953/4/29 11:26
   ndfltr
     \SystemRoot\System32\drivers\ndfltr.sys
     NetworkDirect 服务: NetworkDirect Support Filter Driver
     Mellanox
     5.50.14643.0
     c:\windows\system32\drivers\ndfltr.sys
     2018/4/26 0:28
   NDIS
     system32\drivers\ndis.sys
     NDIS System Driver: NDIS 系统驱动程序
     Microsoft Corporation
     10.0.18362.693
     c:\windows\system32\drivers\ndis.sys
     2023/5/5 8:07
   NdisCap
     System32\drivers\ndiscap.sys
     Microsoft NDIS 捕获: Microsoft NDIS 捕获
     Microsoft Corporation
     10.0.18362.1
     c:\windows\system32\drivers\ndiscap.sys
     1991/4/13 7:02
   NdisImPlatform
     System32\drivers\NdisImPlatform.sys
     Microsoft 网络适配器多路传送器协议: Microsoft 网络适配器多路传送器协议
     Microsoft Corporation
     10.0.18362.693
     c:\windows\system32\drivers\ndisimplatform.sys
     1931/8/16 2:41
   NdisTapi
     System32\DRIVERS\ndistapi.sys
     远程访问 NDIS TAPI 驱动程序: 远程访问 NDIS TAPI 驱动程序
     Microsoft Corporation
     10.0.18362.387
     c:\windows\system32\drivers\ndistapi.sys
     2025/11/7 5:03
   Ndisuio
     system32\drivers\ndisuio.sys
     NDIS Usermode I/O Protocol: NDIS 用户模式 I/O 驱动程序
     Microsoft Corporation
     10.0.18362.1
     c:\windows\system32\drivers\ndisuio.sys
     2000/4/19 10:58
   NdisVirtualBus
     \SystemRoot\System32\drivers\NdisVirtualBus.sys
     Microsoft 虚拟网络适配器枚举器: Microsoft 虚拟网络适配器枚举器
     Microsoft Corporation
     10.0.18362.1
     c:\windows\system32\drivers\ndisvirtualbus.sys
     1945/8/5 15:47
   NdisWan
     \SystemRoot\System32\drivers\ndiswan.sys
     远程访问 NDIS WAN 驱动程序: 远程访问 NDIS WAN 驱动程序
     Microsoft Corporation
     10.0.18362.719
     c:\windows\system32\drivers\ndiswan.sys
     1983/2/7 9:15
   ndiswanlegacy
     System32\DRIVERS\ndiswan.sys
     远程访问旧版 NDIS WAN 驱动程序: 远程访问旧版 NDIS WAN 驱动程序
     Microsoft Corporation
     10.0.18362.719
     c:\windows\system32\drivers\ndiswan.sys
     1983/2/7 9:15
   NDKPing
     system32\drivers\NDKPing.sys
     NDKPing Driver: RDMA Sample Driver
     Microsoft Corporation
     10.0.18362.1
     c:\windows\system32\drivers\ndkping.sys
     2033/11/15 12:58
   ndproxy
     System32\DRIVERS\NDProxy.sys
     NDIS Proxy Driver: NDIS Proxy Driver
     Microsoft Corporation
     10.0.18362.387
     c:\windows\system32\drivers\ndproxy.sys
     1983/6/5 7:45
   Ndu
     system32\drivers\Ndu.sys
     Windows Network Data Usage Monitoring Driver: This service provides network data usage monitoring functionality
     Microsoft Corporation
     10.0.18362.1
     c:\windows\system32\drivers\ndu.sys
     1988/11/5 9:27
   NetAdapterCx
     system32\drivers\NetAdapterCx.sys
     Network Adapter Wdf Class Extension Library: Network Adapter Class Extension for WDF
     Microsoft Corporation
     10.0.18362.1
     c:\windows\system32\drivers\netadaptercx.sys
     2031/11/8 16:04
   NetBIOS
     system32\drivers\netbios.sys
     NetBIOS Interface: NetBIOS Interface
     Microsoft Corporation
     10.0.18362.1
     c:\windows\system32\drivers\netbios.sys
     1929/5/1 8:57
   NetBT
     System32\DRIVERS\netbt.sys
     NetBT: This service implements NetBios over TCP/IP.
     Microsoft Corporation
     10.0.18362.145
     c:\windows\system32\drivers\netbt.sys
     1979/3/2 19:12
   Netease_UU_TAP_0921
     \SystemRoot\System32\drivers\Netease_UU_TAP_0921.sys
     Netease UU TAP-Win32 Adapter V9.21: TAP-Windows Virtual Network Driver (NDIS 6.0)
     The OpenVPN Project
     9.0.0.21
     c:\windows\system32\drivers\netease_uu_tap_0921.sys
     2017/1/10 15:15
   netvsc
     \SystemRoot\System32\drivers\netvsc.sys
     netvsc: 虚拟 NDIS 微型端口
     Microsoft Corporation
     10.0.18362.1
     c:\windows\system32\drivers\netvsc.sys
     1927/1/31 10:03
   NPF
     system32\drivers\npf.sys
     NetGroup Packet Filter Driver: npf.sys (NT5/6 AMD64) Kernel Driver
     Riverbed Technology, Inc.
     4.1.0.2980
     c:\windows\system32\drivers\npf.sys
     2013/3/1 9:31
   Npfs
     Npfs
     Npfs: NPFS Driver
     Microsoft Corporation
     10.0.18362.267
     c:\windows\system32\drivers\npfs.sys
     1927/8/8 12:25
   npsvctrig
     \SystemRoot\System32\drivers\npsvctrig.sys
     Named pipe service trigger provider: Named pipe service triggers
     Microsoft Corporation
     10.0.18362.1
     c:\windows\system32\drivers\npsvctrig.sys
     1977/9/12 23:19
   nsiproxy
     system32\drivers\nsiproxy.sys
     NSI Proxy Service Driver: NSI Proxy Service
     Microsoft Corporation
     10.0.18362.449
     c:\windows\system32\drivers\nsiproxy.sys
     2013/11/21 14:00
   Ntfs
     Ntfs
     Ntfs: NT 文件系统驱动程序
     Microsoft Corporation
     10.0.18362.719
     c:\windows\system32\drivers\ntfs.sys
     1937/5/13 19:16
   Null
     Null
     Null: NULL Driver
     Microsoft Corporation
     10.0.18362.1
     c:\windows\system32\drivers\null.sys
     1957/4/24 19:26
   nvdimm
     \SystemRoot\System32\drivers\nvdimm.sys
     Microsoft NVDIMM 设备驱动程序: NVDIMM 设备驱动程序
     Microsoft Corporation
     10.0.18362.1
     c:\windows\system32\drivers\nvdimm.sys
     1961/5/4 11:45
   nvraid
     System32\drivers\nvraid.sys
     nvraid: NVIDIA® nForce(TM) RAID Driver
     NVIDIA Corporation
     10.6.0.23
     c:\windows\system32\drivers\nvraid.sys
     2014/4/22 2:28
   nvstor
     System32\drivers\nvstor.sys
     nvstor: NVIDIA® nForce(TM) Sata Performance Driver
     NVIDIA Corporation
     10.6.0.23
     c:\windows\system32\drivers\nvstor.sys
     2014/4/22 2:34
   Parport
     \SystemRoot\System32\drivers\parport.sys
     Parallel port driver: 并行端口驱动程序
     Microsoft Corporation
     10.0.18362.1
     c:\windows\system32\drivers\parport.sys
     1973/5/15 11:44
   partmgr
     System32\drivers\partmgr.sys
     Partition driver: 用于管理分区并向卷管理器拍卖分区的磁盘类筛选器驱动程序。
     Microsoft Corporation
     10.0.18362.752
     c:\windows\system32\drivers\partmgr.sys
     1903/12/11 16:58
   pci
     System32\drivers\pci.sys
     PCI 总线驱动程序: NT 即插即用 PCI 仿真程序
     Microsoft Corporation
     10.0.18362.752
     c:\windows\system32\drivers\pci.sys
     1985/8/13 1:17
   pciide
     System32\drivers\pciide.sys
     pciide: Generic PCI IDE Bus Driver
     Microsoft Corporation
     10.0.18362.693
     c:\windows\system32\drivers\pciide.sys
     2002/8/10 0:44
   pcmcia
     System32\drivers\pcmcia.sys
     pcmcia: PCMCIA 总线驱动程序
     Microsoft Corporation
     10.0.18362.1
     c:\windows\system32\drivers\pcmcia.sys
     2010/9/22 2:01
   pcw
     System32\drivers\pcw.sys
     Performance Counters for Windows Driver: Performance Counters for Windows Driver
     Microsoft Corporation
     10.0.18362.1
     c:\windows\system32\drivers\pcw.sys
     2027/2/15 23:09
   pdc
     system32\drivers\pdc.sys
     pdc: 电源相关性协调器驱动程序
     Microsoft Corporation
     10.0.18362.693
     c:\windows\system32\drivers\pdc.sys
     1999/7/7 13:35
   PEAUTH
     system32\drivers\peauth.sys
     PEAUTH: Protected Environment Authentication and Authorization Export Driver
     Microsoft Corporation
     10.0.18362.295
     c:\windows\system32\drivers\peauth.sys
     2015/1/12 9:52
   percsas2i
     System32\drivers\percsas2i.sys
     percsas2i: MEGASAS RAID Controller Driver for Windows
     Avago Technologies
     6.805.3.0
     c:\windows\system32\drivers\percsas2i.sys
     2016/3/15 8:50
   percsas3i
     System32\drivers\percsas3i.sys
     percsas3i: MEGASAS RAID Controller Driver for Windows
     Avago Technologies
     6.604.6.0
     c:\windows\system32\drivers\percsas3i.sys
     2018/6/2 5:47
   PktMon
     system32\drivers\PktMon.sys
     Packet Monitor Driver: 数据包监视驱动程序
     Microsoft Corporation
     10.0.18362.1
     c:\windows\system32\drivers\pktmon.sys
     1990/5/23 0:54
   pmem
     \SystemRoot\System32\drivers\pmem.sys
     Microsoft 持久性内存磁盘驱动程序: 持久性内存驱动程序
     Microsoft Corporation
     10.0.18362.1
     c:\windows\system32\drivers\pmem.sys
     2023/9/22 13:03
   PNPMEM
     \SystemRoot\System32\drivers\pnpmem.sys
     Microsoft Memory Module Driver: 即插即用内存驱动程序
     Microsoft Corporation
     10.0.18362.1
     c:\windows\system32\drivers\pnpmem.sys
     1912/2/14 1:46
   portcfg
     \SystemRoot\System32\drivers\portcfg.sys
     portcfg: Port Device Class Configuration Filter Driver
     Microsoft Corporation
     10.0.18362.1
     c:\windows\system32\drivers\portcfg.sys
     1932/9/10 8:06
   PptpMiniport
     \SystemRoot\System32\drivers\raspptp.sys
     WAN 微型端口(PPTP): WAN 微型端口(PPTP)
     Microsoft Corporation
     10.0.18362.1
     c:\windows\system32\drivers\raspptp.sys
     2014/12/11 14:11
   Processor
     \SystemRoot\System32\drivers\processr.sys
     处理器驱动程序: Processor Device Driver
     Microsoft Corporation
     10.0.18362.693
     c:\windows\system32\drivers\processr.sys
     1903/12/6 9:47
   Psched
     System32\drivers\pacer.sys
     QoS 数据包计划程序: QoS 数据包计划程序
     Microsoft Corporation
     10.0.18362.1
     c:\windows\system32\drivers\pacer.sys
     1956/10/16 17:11
   QQProtectX64
     \??\C:\WINDOWS\system32\drivers\QQProtectX64.sys
     QQProtect Driver For x64: QQProtect Driver for X64
     Tencent
     1.2.8.4
     c:\windows\system32\drivers\qqprotectx64.sys
     2019/11/20 16:08
   QWAVEdrv
     \SystemRoot\system32\drivers\qwavedrv.sys
     QWAVE driver: 质量 Windows 音频/视频体验组件驱动程序
     Microsoft Corporation
     10.0.18362.1
     c:\windows\system32\drivers\qwavedrv.sys
     2018/4/2 11:14
   Ramdisk
     system32\DRIVERS\ramdisk.sys
     Windows RAM Disk Driver: RAM Disk Driver
     Microsoft Corporation
     10.0.18362.1
     c:\windows\system32\drivers\ramdisk.sys
     1953/4/28 11:06
   RasAcd
     System32\DRIVERS\rasacd.sys
     Remote Access Auto Connection Driver: Remote Access Auto Connection Driver
     Microsoft Corporation
     10.0.18362.1
     c:\windows\system32\drivers\rasacd.sys
     1913/7/12 9:34
   RasAgileVpn
     \SystemRoot\System32\drivers\AgileVpn.sys
     WAN 微型端口(IKEv2): WAN 微型端口(IKEv2)
     Microsoft Corporation
     10.0.18362.719
     c:\windows\system32\drivers\agilevpn.sys
     1925/3/9 8:30
   Rasl2tp
     \SystemRoot\System32\drivers\rasl2tp.sys
     WAN 微型端口(L2TP): WAN 微型端口(L2TP)
     Microsoft Corporation
     10.0.18362.1
     c:\windows\system32\drivers\rasl2tp.sys
     1923/1/15 9:15
   RasPppoe
     System32\DRIVERS\raspppoe.sys
     远程访问 PPPOE 驱动程序: 远程访问 PPPOE 驱动程序
     Microsoft Corporation
     10.0.18362.1
     c:\windows\system32\drivers\raspppoe.sys
     1972/10/12 14:28
   RasSstp
     \SystemRoot\System32\drivers\rassstp.sys
     WAN 微型端口(SSTP): WAN 微型端口(SSTP)
     Microsoft Corporation
     10.0.18362.1
     c:\windows\system32\drivers\rassstp.sys
     2028/11/22 21:08
   rdbss
     system32\DRIVERS\rdbss.sys
     Redirected Buffering Sub System: 为网络微型重定向程序提供框架
     Microsoft Corporation
     10.0.18362.752
     c:\windows\system32\drivers\rdbss.sys
     1931/8/20 4:09
   rdpbus
     \SystemRoot\System32\drivers\rdpbus.sys
     远程桌面设备重定向程序总线驱动程序: Microsoft RDP Bus Device driver
     Microsoft Corporation
     10.0.18362.1
     c:\windows\system32\drivers\rdpbus.sys
     2011/10/15 4:22
   RDPDR
     System32\drivers\rdpdr.sys
     Remote Desktop Device Redirector Driver: 远程桌面设备重定向程序驱动程序
     Microsoft Corporation
     10.0.18362.267
     c:\windows\system32\drivers\rdpdr.sys
     2026/3/15 13:51
   RdpVideoMiniport
     System32\drivers\rdpvideominiport.sys
     Remote Desktop Video Miniport Driver: Microsoft RDP Video Miniport driver
     Microsoft Corporation
     10.0.18362.693
     c:\windows\system32\drivers\rdpvideominiport.sys
     1949/4/10 19:09
   rdyboost
     System32\drivers\rdyboost.sys
     ReadyBoost: ReadyBoost
     Microsoft Corporation
     10.0.18362.1
     c:\windows\system32\drivers\rdyboost.sys
     1963/10/16 11:00
   ReFS
     ReFS
     ReFS: NT ReFS FS 驱动程序
     Microsoft Corporation
     10.0.18362.693
     c:\windows\system32\drivers\refs.sys
     1905/1/23 8:17
   ReFSv1
     ReFSv1
     ReFSv1: NT ReFS FS 驱动程序
     Microsoft Corporation
     10.0.18362.535
     c:\windows\system32\drivers\refsv1.sys
     1907/3/4 11:11
   RFCOMM
     \SystemRoot\System32\drivers\rfcomm.sys
     Bluetooth Device (RFCOMM Protocol TDI): Bluetooth Device (RFCOMM Protocol TDI)
     Microsoft Corporation
     10.0.18362.1
     c:\windows\system32\drivers\rfcomm.sys
     1936/10/14 20:26
   rhproxy
     \SystemRoot\System32\drivers\rhproxy.sys
     资源中心代理驱动程序: ResourceHub Proxy Driver
     Microsoft Corporation
     10.0.18362.1
     c:\windows\system32\drivers\rhproxy.sys
     1936/7/18 21:05
   rspndr
     system32\drivers\rspndr.sys
     链路层拓扑发现响应程序: 链路层拓扑发现响应程序
     Microsoft Corporation
     10.0.18362.1
     c:\windows\system32\drivers\rspndr.sys
     1960/3/20 19:35
   rt640x64
     \SystemRoot\System32\drivers\rt640x64.sys
     Realtek RT640 NT Driver: Realtek 8125/8136/8168/8169 NDIS 6.40 64-bit Driver                                        
     Realtek                                        
     10.28.615.2018
     c:\windows\system32\drivers\rt640x64.sys
     2018/6/15 12:10
   s3cap
     \SystemRoot\System32\drivers\vms3cap.sys
     s3cap: Microsoft S3 Emulated Device Cap Driver
     Microsoft Corporation
     10.0.18362.1
     c:\windows\system32\drivers\vms3cap.sys
     1962/1/22 9:49
   SangforDnsDrv_7,5,0,1
     \??\C:\Program Files (x86)\Sangfor\SSL\DnsDriver2\SangforDnsDrv.sys
     SangforDnsDrv_7,5,0,1: Sangfor DnsDriver
     Sangfor Technologies Inc.
     7.5.0.1
     c:\program files (x86)\sangfor\ssl\dnsdriver2\sangfordnsdrv.sys
     2017/1/16 19:47
   SangforTcpDrv_7,5,0,1
     \??\C:\Program Files (x86)\Sangfor\SSL\TcpDriver2\SangforTcpDrv.sys
     SangforTcpDrv_7,5,0,1: Sangfor WfpDriver
     Sangfor Technologies Inc.
     7.5.0.1
     c:\program files (x86)\sangfor\ssl\tcpdriver2\sangfortcpdrv.sys
     2017/5/14 15:29
   SangforVnic
     \SystemRoot\System32\drivers\SangforVnic.sys
     Sangfor SSL VPN CS Support System VNIC: Sangfor SSL VPN CS Support System VNIC
     SANGFOR
     5.9.0.0
     c:\windows\system32\drivers\sangforvnic.sys
     2012/11/20 20:31
   sbp2port
     System32\drivers\sbp2port.sys
     SBP-2 传输/协议总线驱动程序: SBP-2 Protocol Driver
     Microsoft Corporation
     10.0.18362.1
     c:\windows\system32\drivers\sbp2port.sys
     2018/11/2 9:45
   scfilter
     System32\DRIVERS\scfilter.sys
     Smart card PnP Class Filter Driver: 启用智能卡 PnP 的智能卡读卡器筛选驱动程序。
     Microsoft Corporation
     10.0.18362.1
     c:\windows\system32\drivers\scfilter.sys
     1907/9/23 0:22
   scmbus
     System32\drivers\scmbus.sys
     Microsoft 存储类内存总线驱动程序: 存储类内存总线驱动程序
     Microsoft Corporation
     10.0.18362.752
     c:\windows\system32\drivers\scmbus.sys
     2003/6/15 13:28
   sdbus
     \SystemRoot\System32\drivers\sdbus.sys
     sdbus: SecureDigital 总线驱动程序
     Microsoft Corporation
     10.0.18362.752
     c:\windows\system32\drivers\sdbus.sys
     2024/3/6 1:35
   SDFRd
     \SystemRoot\System32\drivers\SDFRd.sys
     SDF 反射器: SDF Reflector
     Microsoft Corporation
     10.0.18362.1
     c:\windows\system32\drivers\sdfrd.sys
     1956/3/19 21:32
   sdstor
     \SystemRoot\System32\drivers\sdstor.sys
     SD 存储端口驱动程序: SD 存储类驱动程序
     Microsoft Corporation
     10.0.18362.1
     c:\windows\system32\drivers\sdstor.sys
     2028/6/25 21:03
   SerCx
     system32\drivers\SerCx.sys
     Serial UART Support Library: Serial Class Extension
     Microsoft Corporation
     10.0.18362.1
     c:\windows\system32\drivers\sercx.sys
     2019/5/27 19:15
   SerCx2
     system32\drivers\SerCx2.sys
     Serial UART Support Library: Serial Class Extension V2
     Microsoft Corporation
     10.0.18362.1
     c:\windows\system32\drivers\sercx2.sys
     1995/3/16 21:25
   Serenum
     \SystemRoot\System32\drivers\serenum.sys
     Serenum Filter Driver: Serial Port Enumerator
     Microsoft Corporation
     10.0.18362.1
     c:\windows\system32\drivers\serenum.sys
     1976/2/20 20:14
   Serial
     \SystemRoot\System32\drivers\serial.sys
     串行端口驱动程序: 串行设备驱动程序
     Microsoft Corporation
     10.0.18362.1
     c:\windows\system32\drivers\serial.sys
     1930/11/2 3:12
   sermouse
     \SystemRoot\System32\drivers\sermouse.sys
     串行鼠标驱动程序: 串行鼠标筛选器驱动程序
     Microsoft Corporation
     10.0.18362.1
     c:\windows\system32\drivers\sermouse.sys
     1983/5/18 11:46
   sfloppy
     \SystemRoot\System32\drivers\sfloppy.sys
     大容量软盘驱动器: SCSI Floppy Driver
     Microsoft Corporation
     10.0.18362.752
     c:\windows\system32\drivers\sfloppy.sys
     1932/5/16 2:19
   SgrmAgent
     system32\drivers\SgrmAgent.sys
     System Guard Runtime Monitor Agent: System Guard Runtime Monitor Agent Driver
     Microsoft Corporation
     10.0.18362.1
     c:\windows\system32\drivers\sgrmagent.sys
     1965/12/1 19:20
   SiSRaid2
     System32\drivers\SiSRaid2.sys
     SiSRaid2: SiS RAID Stor Miniport Driver
     Silicon Integrated Systems Corp.
     5.1.1039.2600
     c:\windows\system32\drivers\sisraid2.sys
     2008/9/25 2:28
   SiSRaid4
     System32\drivers\sisraid4.sys
     SiSRaid4: SiS AHCI Stor-Miniport Driver
     Silicon Integrated Systems
     5.1.1039.3600
     c:\windows\system32\drivers\sisraid4.sys
     2008/10/2 5:56
   SmartSAMD
     System32\drivers\SmartSAMD.sys
     SmartSAMD: Storport Miniport Driver for SmartRAID/SmartHBA Controllers
     Microsemi Corportation
     1.50.0.0
     c:\windows\system32\drivers\smartsamd.sys
     2018/4/17 23:29
   spaceport
     System32\drivers\spaceport.sys
     存储空间驱动程序: Storage Spaces Driver
     Microsoft Corporation
     10.0.18362.449
     c:\windows\system32\drivers\spaceport.sys
     1922/9/19 15:48
   SpatialGraphFilter
     System32\drivers\SpatialGraphFilter.sys
     Holographic Spatial Graph Filter: Holographic Spatial Graph Filter
     Microsoft Corporation
     10.0.18362.1
     c:\windows\system32\drivers\spatialgraphfilter.sys
     2000/3/26 3:44
   SpbCx
     system32\drivers\SpbCx.sys
     Simple Peripheral Bus Support Library: SPB Class Extension
     Microsoft Corporation
     10.0.18362.1
     c:\windows\system32\drivers\spbcx.sys
     1988/1/30 21:05
   srv2
     System32\DRIVERS\srv2.sys
     Server SMB 2.xxx Driver: 支持与 Windows Vista 以及更高版本的客户端的连接
     Microsoft Corporation
     10.0.18362.753
     c:\windows\system32\drivers\srv2.sys
     1956/8/8 12:55
   srvnet
     System32\DRIVERS\srvnet.sys
     srvnet: Server Network driver
     Microsoft Corporation
     10.0.18362.693
     c:\windows\system32\drivers\srvnet.sys
     1994/11/5 12:13
   stexstor
     System32\drivers\stexstor.sys
     stexstor: Promise SuperTrak EX Series Driver for Windows x64
     Promise Technology, Inc.
     5.1.0.10
     c:\windows\system32\drivers\stexstor.sys
     2012/11/27 8:02
   storahci
     System32\drivers\storahci.sys
     Microsoft 标准 SATA AHCI 驱动程序: MS AHCI Storport Miniport Driver
     Microsoft Corporation
     10.0.18362.693
     c:\windows\system32\drivers\storahci.sys
     1979/8/28 14:45
   storflt
     System32\drivers\vmstorfl.sys
     Microsoft Hyper-V 存储加速器: 虚拟存储筛选器驱动程序
     Microsoft Corporation
     10.0.18362.387
     c:\windows\system32\drivers\vmstorfl.sys
     1977/6/23 21:32
   stornvme
     System32\drivers\stornvme.sys
     Microsoft Standard NVM Express Driver: Microsoft NVM Express Storport Miniport Driver
     Microsoft Corporation
     10.0.18362.693
     c:\windows\system32\drivers\stornvme.sys
     1963/5/5 6:30
   storqosflt
     system32\drivers\storqosflt.sys
     Storage QoS Filter Driver: 为存储 I/O 通信提供服务质量。
     Microsoft Corporation
     10.0.18362.1
     c:\windows\system32\drivers\storqosflt.sys
     1948/6/18 7:01
   storufs
     System32\drivers\storufs.sys
     Microsoft 通用闪存(UFS)驱动程序: MS UFS Storport Miniport Driver
     Microsoft Corporation
     10.0.18362.752
     c:\windows\system32\drivers\storufs.sys
     1968/8/12 5:06
   storvsc
     System32\drivers\storvsc.sys
     storvsc: Storage VSC Driver
     Microsoft Corporation
     10.0.18362.387
     c:\windows\system32\drivers\storvsc.sys
     1989/3/29 14:01
   swenum
     \SystemRoot\System32\DriverStore\FileRepository\swenum.inf_amd64_1c567926e5b29133\swenum.sys
     软件总线驱动程序: Plug and Play Software Device Enumerator
     Microsoft Corporation
     10.0.18362.329
     c:\windows\system32\driverstore\filerepository\swenum.inf_amd64_1c567926e5b29133\swenum.sys
     1938/7/20 17:28
   Synth3dVsc
     \SystemRoot\System32\drivers\Synth3dVsc.sys
     Synth3dVsc: Microsoft RemoteFX Synth3D Video VSC
     Microsoft Corporation
     10.0.18362.1
     c:\windows\system32\drivers\synth3dvsc.sys
     2014/4/16 20:35
   Tcpip
     System32\drivers\tcpip.sys
     TCP/IP Protocol Driver: TCP/IP 协议驱动程序
     Microsoft Corporation
     10.0.18362.752
     c:\windows\system32\drivers\tcpip.sys
     2003/11/15 21:34
   Tcpip6
     System32\drivers\tcpip.sys
     @todo.dll,-100;Microsoft IPv6 Protocol Driver: @todo.dll,-100;Microsoft IPv6 Protocol Driver
     Microsoft Corporation
     10.0.18362.752
     c:\windows\system32\drivers\tcpip.sys
     2003/11/15 21:34
   tcpipreg
     System32\drivers\tcpipreg.sys
     TCP/IP Registry Compatibility: Provides compatibility for legacy applications which interact with TCP/IP through the registry. If this service is stopped, certain applications may have impaired functionality.
     Microsoft Corporation
     10.0.18362.1
     c:\windows\system32\drivers\tcpipreg.sys
     1997/10/25 17:04
   tdx
     \SystemRoot\system32\DRIVERS\tdx.sys
     NetIO 旧 TDI 支持驱动程序: NetIO 旧 TDI 支持驱动程序
     Microsoft Corporation
     10.0.18362.1
     c:\windows\system32\drivers\tdx.sys
     1975/5/20 20:06
   terminpt
     \SystemRoot\System32\drivers\terminpt.sys
     Microsoft 远程桌面输入驱动程序: Terminal Server Input Driver
     Microsoft Corporation
     10.0.18362.1
     c:\windows\system32\drivers\terminpt.sys
     2032/5/16 5:18
   TPM
     \SystemRoot\System32\drivers\tpm.sys
     TPM: TPM 驱动程序
     Microsoft Corporation
     10.0.18362.693
     c:\windows\system32\drivers\tpm.sys
     1935/5/14 11:02
   TsUsbFlt
     system32\drivers\tsusbflt.sys
     Remote Desktop USB Hub Class Filter Driver: Remote Desktop USB Hub Class Filter Driver
     Microsoft Corporation
     10.0.18362.1
     c:\windows\system32\drivers\tsusbflt.sys
     1906/3/14 12:47
   TsUsbGD
     \SystemRoot\System32\drivers\TsUsbGD.sys
     远程桌面通用 USB 设备: Remote Desktop Generic USB Driver
     Microsoft Corporation
     10.0.18362.1
     c:\windows\system32\drivers\tsusbgd.sys
     2010/3/26 10:12
   tsusbhub
     \SystemRoot\System32\drivers\tsusbhub.sys
     Remote Desktop USB Hub: 远程桌面 USB 集线器
     Microsoft Corporation
     10.0.18362.592
     c:\windows\system32\drivers\tsusbhub.sys
     1984/8/31 11:23
   tunnel
     System32\drivers\tunnel.sys
     Microsoft Tunnel Miniport 适配器驱动程序: Microsoft 隧道接口驱动程序
     Microsoft Corporation
     10.0.18362.476
     c:\windows\system32\drivers\tunnel.sys
     1915/12/29 8:31
   UASPStor
     \SystemRoot\System32\drivers\uaspstor.sys
     USB Attached SCSI (UAS) 驱动程序: Microsoft Uasp Driver
     Microsoft Corporation
     10.0.18362.387
     c:\windows\system32\drivers\uaspstor.sys
     1931/10/30 7:01
   UcmCx0101
     System32\Drivers\UcmCx.sys
     USB Connector Manager KMDF Class Extension: USB Connector Manager KMDF Class Extension
     Microsoft Corporation
     10.0.18362.1
     c:\windows\system32\drivers\ucmcx.sys
     1957/8/5 19:03
   UcmTcpciCx0101
     System32\Drivers\UcmTcpciCx.sys
     UCM-TCPCI KMDF Class Extension: UCM-TCPCI KMDF Class Extension
     Microsoft Corporation
     10.0.18362.1
     c:\windows\system32\drivers\ucmtcpcicx.sys
     1955/5/27 18:52
   UcmUcsiAcpiClient
     \SystemRoot\System32\drivers\UcmUcsiAcpiClient.sys
     UCM-UCSI ACPI 客户端: UCM-UCSI ACPI Client Driver
     Microsoft Corporation
     10.0.18362.1
     c:\windows\system32\drivers\ucmucsiacpiclient.sys
     1954/2/27 20:25
   UcmUcsiCx0101
     System32\Drivers\UcmUcsiCx.sys
     UCM-UCSI KMDF Class Extension: UCM-UCSI KMDF Class Extension
     Microsoft Corporation
     10.0.18362.1
     c:\windows\system32\drivers\ucmucsicx.sys
     1988/1/17 22:35
   Ucx01000
     system32\drivers\ucx01000.sys
     USB Host Support Library: USB Controller Extension
     Microsoft Corporation
     10.0.18362.1
     c:\windows\system32\drivers\ucx01000.sys
     1972/3/17 6:35
   UdeCx
     system32\drivers\udecx.sys
     USB Device Emulation Support Library: "udecx.DRIVER"
     Microsoft Corporation
     10.0.18362.1
     c:\windows\system32\drivers\udecx.sys
     2003/4/19 10:26
   UEFI
     \SystemRoot\System32\DriverStore\FileRepository\uefi.inf_amd64_4fcaf0fc6eaf7533\UEFI.sys
     Microsoft UEFI 驱动程序: UEFI Driver for NT
     Microsoft Corporation
     10.0.18362.329
     c:\windows\system32\driverstore\filerepository\uefi.inf_amd64_4fcaf0fc6eaf7533\uefi.sys
     2021/6/5 11:01
   Ufx01000
     system32\drivers\ufx01000.sys
     USB Function Class Extension: USB Function Driver Class Extension
     Microsoft Corporation
     10.0.18362.1
     c:\windows\system32\drivers\ufx01000.sys
     1937/1/18 10:02
   UfxChipidea
     \SystemRoot\System32\DriverStore\FileRepository\ufxchipidea.inf_amd64_624eef84faf426d6\UfxChipidea.sys
     USB Chipidea 控制器: UFX Chipidea Client Driver
     Microsoft Corporation
     10.0.18362.329
     c:\windows\system32\driverstore\filerepository\ufxchipidea.inf_amd64_624eef84faf426d6\ufxchipidea.sys
     2019/4/27 22:01
   ufxsynopsys
     \SystemRoot\System32\drivers\ufxsynopsys.sys
     USB Synopsys 控制器: UFX Synopsys Client Driver
     Microsoft Corporation
     10.0.18362.1
     c:\windows\system32\drivers\ufxsynopsys.sys
     2030/8/17 15:08
   umbus
     \SystemRoot\System32\DriverStore\FileRepository\umbus.inf_amd64_e566af5dd9858a0e\umbus.sys
     UMBus Enumerator Driver: User-Mode Bus Enumerator
     Microsoft Corporation
     10.0.18362.329
     c:\windows\system32\driverstore\filerepository\umbus.inf_amd64_e566af5dd9858a0e\umbus.sys
     1996/1/23 17:04
   UmPass
     \SystemRoot\System32\drivers\umpass.sys
     Microsoft UMPass 驱动程序: Generic pass-through driver
     Microsoft Corporation
     10.0.18362.1
     c:\windows\system32\drivers\umpass.sys
     2010/5/12 15:53
   UrsChipidea
     \SystemRoot\System32\DriverStore\FileRepository\urschipidea.inf_amd64_86da23c455846f41\urschipidea.sys
     Chipidea USB 角色切换驱动程序: USB Role-Switch Driver for Chipidea Core
     Microsoft Corporation
     10.0.18362.329
     c:\windows\system32\driverstore\filerepository\urschipidea.inf_amd64_86da23c455846f41\urschipidea.sys
     1923/10/3 22:17
   UrsCx01000
     system32\drivers\urscx01000.sys
     USB Role-Switch Support Library: USB Role-Switch Class Extension
     Microsoft Corporation
     10.0.18362.1
     c:\windows\system32\drivers\urscx01000.sys
     1954/4/5 16:23
   UrsSynopsys
     \SystemRoot\System32\DriverStore\FileRepository\urssynopsys.inf_amd64_7302ce5d1420ed71\urssynopsys.sys
     Synopsys USB 角色切换驱动程序: USB Role-Switch Driver for Synopsys Core
     Microsoft Corporation
     10.0.18362.329
     c:\windows\system32\driverstore\filerepository\urssynopsys.inf_amd64_7302ce5d1420ed71\urssynopsys.sys
     1908/4/10 20:12
   usbaudio
     \SystemRoot\system32\drivers\usbaudio.sys
     USB Audio Driver (WDM): USB Audio Class Driver
     Microsoft Corporation
     10.0.18362.1
     c:\windows\system32\drivers\usbaudio.sys
     2019/6/23 2:37
   usbaudio2
     \SystemRoot\System32\drivers\usbaudio2.sys
     USB 音频 2.0 服务: Microsoft USB Audio Class 2.0 Driver
     Microsoft Corporation
     10.0.18362.207
     c:\windows\system32\drivers\usbaudio2.sys
     1944/6/13 4:07
   usbccgp
     \SystemRoot\System32\drivers\usbccgp.sys
     Microsoft USB 通用父驱动程序: USB Common Class Generic Parent Driver
     Microsoft Corporation
     10.0.18362.693
     c:\windows\system32\drivers\usbccgp.sys
     2000/1/2 7:21
   usbcir
     \SystemRoot\System32\drivers\usbcir.sys
     eHome Infrared Receiver (USBCIR): USB Consumer IR Driver for eHome
     Microsoft Corporation
     10.0.18362.1
     c:\windows\system32\drivers\usbcir.sys
     2034/2/20 11:15
   usbehci
     \SystemRoot\System32\drivers\usbehci.sys
     Microsoft USB 2.0 Enhanced Host Controller Miniport Driver: EHCI eUSB Miniport Driver
     Microsoft Corporation
     10.0.18362.1
     c:\windows\system32\drivers\usbehci.sys
     2036/2/17 1:09
   usbhub
     \SystemRoot\System32\drivers\usbhub.sys
     Microsoft USB 标准集线器驱动程序: USB 的默认集线器驱动程序
     Microsoft Corporation
     10.0.18362.1
     c:\windows\system32\drivers\usbhub.sys
     1902/8/10 5:29
   USBHUB3
     \SystemRoot\System32\drivers\UsbHub3.sys
     SuperSpeed 集线器: USB3 集线器驱动程序
     Microsoft Corporation
     10.0.18362.1
     c:\windows\system32\drivers\usbhub3.sys
     1946/9/9 13:49
   usbohci
     \SystemRoot\System32\drivers\usbohci.sys
     Microsoft USB Open Host Controller Miniport Driver: OHCI USB Miniport Driver
     Microsoft Corporation
     10.0.18362.1
     c:\windows\system32\drivers\usbohci.sys
     1996/4/11 1:48
   usbprint
     \SystemRoot\System32\drivers\usbprint.sys
     Microsoft USB PRINTER Class: USB Printer driver
     Microsoft Corporation
     10.0.18362.1
     c:\windows\system32\drivers\usbprint.sys
     1926/1/26 8:54
   usbser
     \SystemRoot\System32\drivers\usbser.sys
     Microsoft USB 串行驱动程序: USB Serial Driver
     Microsoft Corporation
     10.0.18362.1
     c:\windows\system32\drivers\usbser.sys
     2004/12/7 1:10
   USBSTOR
     \SystemRoot\System32\drivers\USBSTOR.SYS
     USB 大容量存储驱动程序: USB 大容量存储类驱动程序
     Microsoft Corporation
     10.0.18362.1
     c:\windows\system32\drivers\usbstor.sys
     1917/5/10 21:52
   usbuhci
     \SystemRoot\System32\drivers\usbuhci.sys
     Microsoft USB Universal Host Controller Miniport Driver: UHCI USB Miniport Driver
     Microsoft Corporation
     10.0.18362.1
     c:\windows\system32\drivers\usbuhci.sys
     1946/3/20 2:10
   USBXHCI
     \SystemRoot\System32\drivers\USBXHCI.SYS
     符合 USB xHCI 的主机控制器: USB XHCI 驱动程序
     Microsoft Corporation
     10.0.18362.693
     c:\windows\system32\drivers\usbxhci.sys
     1902/6/5 8:17
   VBoxNetAdp
     \SystemRoot\system32\DRIVERS\VBoxNetAdp6.sys
     VirtualBox NDIS 6.0 Miniport Service: VirtualBox NDIS 6.0 Host-Only Network Adapter Driver
     Oracle Corporation
     5.2.26.28414
     c:\windows\system32\drivers\vboxnetadp6.sys
     2019/1/26 2:59
   vdrvroot
     System32\drivers\vdrvroot.sys
     Microsoft 虚拟驱动器枚举器: Virtual Drive Root Enumerator
     Microsoft Corporation
     10.0.18362.1
     c:\windows\system32\drivers\vdrvroot.sys
     1970/7/15 19:57
   vhdmp
     \SystemRoot\System32\drivers\vhdmp.sys
     vhdmp: VHD Miniport Driver
     Microsoft Corporation
     10.0.18362.657
     c:\windows\system32\drivers\vhdmp.sys
     2017/1/29 5:20
   vhf
     \SystemRoot\System32\drivers\vhf.sys
     虚拟 HID 框架(VHF)驱动程序: 实现虚拟 HID 框架(VHF)的内核模式驱动程序
     Microsoft Corporation
     10.0.18362.1
     c:\windows\system32\drivers\vhf.sys
     1927/4/11 9:42
   Vid
     \SystemRoot\System32\drivers\Vid.sys
     Vid: Microsoft Hyper-V Virtualization Infrastructure Driver
     Microsoft Corporation
     10.0.18362.476
     c:\windows\system32\drivers\vid.sys
     2015/12/31 15:26
   vmbus
     System32\drivers\vmbus.sys
     虚拟机总线: Microsoft Hyper-V 虚拟机总线子驱动程序
     Microsoft Corporation
     10.0.18362.693
     c:\windows\system32\drivers\vmbus.sys
     1980/1/4 0:34
   VMBusHID
     \SystemRoot\System32\drivers\VMBusHID.sys
     VMBusHID: Microsoft VMBus HID Miniport
     Microsoft Corporation
     10.0.18362.1
     c:\windows\system32\drivers\vmbushid.sys
     2030/12/9 20:55
   vmci
     System32\drivers\vmci.sys
     VMware VMCI Bus Driver: VMware PCI VMCI Bus Device
     VMware, Inc.
     9.8.7.0
     c:\windows\system32\drivers\vmci.sys
     2019/4/23 8:19
   vmgid
     \SystemRoot\System32\drivers\vmgid.sys
     Microsoft Hyper-V 来宾基础结构驱动程序: Virtual Machine Guest Infrastructure Driver
     Microsoft Corporation
     10.0.18362.1
     c:\windows\system32\drivers\vmgid.sys
     1919/7/2 22:23
   VMnetAdapter
     \SystemRoot\system32\DRIVERS\vmnetadapter.sys
     VMware Virtual Ethernet Adapter Driver: Driver for VMware's Virtual Ethernet Adapters Ver. 2
     VMware, Inc.
     14.0.0.2
     c:\windows\system32\drivers\vmnetadapter.sys
     2018/12/17 14:37
   VMnetBridge
     \SystemRoot\system32\DRIVERS\vmnetbridge.sys
     VMware Bridge Protocol: VMware Bridge Protocol
     VMware, Inc.
     14.0.0.2
     c:\windows\system32\drivers\vmnetbridge.sys
     2018/12/17 14:37
   VMnetuserif
     \SystemRoot\system32\DRIVERS\vmnetuserif.sys
     VMware Virtual Ethernet Userif for VMnet: VMware Virtual Ethernet Userif for VMnet
     VMware, Inc.
     14.0.0.2
     c:\windows\system32\drivers\vmnetuserif.sys
     2018/12/17 14:37
   vmparport
     \SystemRoot\system32\DRIVERS\vmparport.sys
     VMware vmparport: VMware vmparport driver
     VMware, Inc.
     12.5.1.13360
     c:\windows\system32\drivers\vmparport.sys
     2016/11/5 11:30
   vmusb
     \SystemRoot\System32\drivers\vmusb.sys
     VMware USB Client Driver: VMware USB driver
     VMware, Inc.
     4.2.0.0
     c:\windows\system32\drivers\vmusb.sys
     2016/7/26 10:53
   vmx86
     \SystemRoot\system32\DRIVERS\vmx86.sys
     VMware vmx86: VMware vmx86 driver
     VMware, Inc.
     15.0.0.48
     c:\windows\system32\drivers\vmx86.sys
     2019/3/30 8:31
   volmgr
     System32\drivers\volmgr.sys
     卷管理器驱动程序: 卷管理器驱动程序
     Microsoft Corporation
     10.0.18362.752
     c:\windows\system32\drivers\volmgr.sys
     2016/5/6 4:14
   volmgrx
     System32\drivers\volmgrx.sys
     Dynamic Volume Manager: 管理动态磁盘上软件 RAID 卷(跨区卷、带区卷、镜像卷、RAID-5)的卷管理器驱动程序扩展
     Microsoft Corporation
     10.0.18362.1
     c:\windows\system32\drivers\volmgrx.sys
     1948/3/6 8:47
   volsnap
     System32\drivers\volsnap.sys
     卷映像复制驱动程序: 用于撷取和管理快照的卷类别筛选器驱动程序。
     Microsoft Corporation
     10.0.18362.693
     c:\windows\system32\drivers\volsnap.sys
     1913/4/16 22:52
   volume
     System32\drivers\volume.sys
     卷驱动程序: Volume driver
     Microsoft Corporation
     10.0.18362.1
     c:\windows\system32\drivers\volume.sys
     1921/7/30 4:37
   vpci
     \SystemRoot\System32\drivers\vpci.sys
     Microsoft Hyper-V 虚拟 PCI 总线: Virtual PCI Bus
     Microsoft Corporation
     10.0.18362.1
     c:\windows\system32\drivers\vpci.sys
     1947/4/11 15:09
   vsmraid
     System32\drivers\vsmraid.sys
     vsmraid: VIA RAID DRIVER FOR AMD-X86-64
     VIA Technologies Inc.,Ltd
     7.0.9600.6352
     c:\windows\system32\drivers\vsmraid.sys
     2014/4/23 3:21
   vsock
     system32\DRIVERS\vsock.sys
     vSockets Virtual Machine Communication Interface Sockets driver: vSockets Driver
     VMware, Inc.
     9.8.12.0
     c:\windows\system32\drivers\vsock.sys
     2018/5/16 16:19
   vstor2-mntapi20-shared
     SysWOW64\drivers\vstor2-x64.sys
     Vstor2 MntApi 2.0 Driver (shared): VMware Virtual Storage Volume Driver
     VMware, Inc.
     6.1.2.439
     c:\windows\syswow64\drivers\vstor2-x64.sys
     2017/8/15 15:45
   VSTXRAID
     System32\drivers\vstxraid.sys
     VIA StorX Storage RAID Controller Windows Driver: VIA StorX RAID Controller Driver
     VIA Corporation
     8.0.9200.8110
     c:\windows\system32\drivers\vstxraid.sys
     2013/1/22 3:00
   vwifibus
     \SystemRoot\System32\drivers\vwifibus.sys
     Virtual Wireless Bus Driver: Implements bus functionality for Virtual Wireless
     Microsoft Corporation
     10.0.18362.1
     c:\windows\system32\drivers\vwifibus.sys
     2012/2/15 10:47
   vwififlt
     System32\drivers\vwififlt.sys
     Virtual WiFi Filter Driver: Virtual WiFi Filter Driver
     Microsoft Corporation
     10.0.18362.1
     c:\windows\system32\drivers\vwififlt.sys
     2000/6/4 3:54
   WacomPen
     \SystemRoot\System32\drivers\wacompen.sys
     Wacom Serial Pen HID Driver: Wacom 串行笔平板电脑 HID 驱动器
     Microsoft Corporation
     10.0.18362.1
     c:\windows\system32\drivers\wacompen.sys
     1944/7/22 19:53
   wanarp
     System32\DRIVERS\wanarp.sys
     远程访问 IP ARP 驱动程序: 远程访问 IP ARP 驱动程序
     Microsoft Corporation
     10.0.18362.387
     c:\windows\system32\drivers\wanarp.sys
     1982/6/11 11:50
   wanarpv6
     System32\DRIVERS\wanarp.sys
     远程访问 IPv6 ARP 驱动程序: 远程访问 IPv6 ARP 驱动程序
     Microsoft Corporation
     10.0.18362.387
     c:\windows\system32\drivers\wanarp.sys
     1982/6/11 11:50
   wcifs
     \SystemRoot\system32\drivers\wcifs.sys
     Windows Container Isolation: Provides a virtual filesystem view for processes running within Windows Containers
     Microsoft Corporation
     10.0.18362.693
     c:\windows\system32\drivers\wcifs.sys
     2011/8/26 6:27
   wcnfs
     \SystemRoot\system32\drivers\wcnfs.sys
     Windows Container Name Virtualization: Virtualizes file system names for processes running within Windows Containers
     Microsoft Corporation
     10.0.18362.1
     c:\windows\system32\drivers\wcnfs.sys
     1985/2/10 21:51
   WdBoot
     \SystemRoot\system32\drivers\WdBoot.sys
     Windows Defender Antivirus Boot Driver: Windows Defender 防病毒启动驱动程序
     Microsoft Corporation
     4.18.1902.5
     c:\windows\system32\drivers\wdboot.sys
     1994/12/18 11:42
   Wdf01000
     system32\drivers\Wdf01000.sys
     Kernel Mode Driver Frameworks service: 内核模式驱动程序框架运行时
     Microsoft Corporation
     1.29.18362.1
     c:\windows\system32\drivers\wdf01000.sys
     1979/4/6 2:38
   WdFilter
     \SystemRoot\system32\drivers\WdFilter.sys
     Windows Defender Antivirus Mini-Filter Driver: Windows Defender 防病毒访问恶意软件防护微筛选器驱动程序
     Microsoft Corporation
     4.18.1902.5
     c:\windows\system32\drivers\wdfilter.sys
     1937/9/7 10:54
   wdiwifi
     system32\DRIVERS\wdiwifi.sys
     WDI Driver Framework: WDI Driver Framework Driver
     Microsoft Corporation
     10.0.18362.387
     c:\windows\system32\drivers\wdiwifi.sys
     1966/12/3 0:26
   WdmCompanionFilter
     system32\drivers\WdmCompanionFilter.sys
     WdmCompanionFilter: WDM Companion Filter
     Microsoft Corporation
     10.0.18362.1
     c:\windows\system32\drivers\wdmcompanionfilter.sys
     1906/4/9 9:11
   WdNisDrv
     system32\Drivers\WdNisDrv.sys
     Windows Defender Antivirus Network Inspection System Driver: 帮助防止针对网络协议中的已知和新发现的漏洞发起的入侵企图
     Microsoft Corporation
     4.18.1902.5
     c:\windows\system32\drivers\wdnisdrv.sys
     1916/10/4 12:06
   WeGameProcService
     \??\C:\WINDOWS\System32\drivers\WeGameDriver764.sys
     WeGameProcService: QMTclsDriver
     Tencent Technology(Shenzhen) Company Limited
     1.0.0.1
     c:\windows\system32\drivers\wegamedriver764.sys
     2017/11/30 9:57
   WFPLWFS
     System32\drivers\wfplwfs.sys
     Microsoft Windows 筛选平台: Microsoft Windows 筛选平台
     Microsoft Corporation
     10.0.18362.207
     c:\windows\system32\drivers\wfplwfs.sys
     2021/5/4 1:02
   WIMMount
     system32\drivers\wimmount.sys
     WIMMount: WIM Image mount service driver
     Microsoft Corporation
     10.0.18362.657
     c:\windows\system32\drivers\wimmount.sys
     2011/9/7 0:41
   WindowsTrustedRT
     system32\drivers\WindowsTrustedRT.sys
     Windows Trusted Execution Environment Class Extension: Windows Trusted Runtime Interface Driver
     Microsoft Corporation
     10.0.18362.1
     c:\windows\system32\drivers\windowstrustedrt.sys
     1942/2/19 9:13
   WindowsTrustedRTProxy
     System32\drivers\WindowsTrustedRTProxy.sys
     Microsoft Windows 可信运行时安全服务: Windows Trusted Runtime Service Proxy Driver
     Microsoft Corporation
     10.0.18362.1
     c:\windows\system32\drivers\windowstrustedrtproxy.sys
     2013/3/24 6:43
   WinMad
     \SystemRoot\System32\drivers\winmad.sys
     WinMad 服务: Kernel WinMad
     Mellanox
     5.50.14643.0
     c:\windows\system32\drivers\winmad.sys
     2018/4/26 0:27
   WinNat
     system32\drivers\winnat.sys
     Windows NAT Driver: 此服务提供网络地址转换功能
     Microsoft Corporation
     10.0.18362.752
     c:\windows\system32\drivers\winnat.sys
     2011/12/5 19:06
   WinQuic
     system32\drivers\winquic.sys
     WinQuic: Windows QUIC Driver
     Microsoft Corporation
     10.0.18362.145
     c:\windows\system32\drivers\winquic.sys
     1947/9/15 11:26
   WINUSB
     \SystemRoot\System32\drivers\WinUSB.SYS
     WinUsb 驱动程序: USB 设备的通用驱动程序
     Microsoft Corporation
     10.0.18362.1
     c:\windows\system32\drivers\winusb.sys
     1918/11/10 11:53
   WinVerbs
     \SystemRoot\System32\drivers\winverbs.sys
     WinVerbs 服务: Kernel WinVerbs
     Mellanox
     5.50.14643.0
     c:\windows\system32\drivers\winverbs.sys
     2018/4/26 0:28
   WmiAcpi
     \SystemRoot\System32\drivers\wmiacpi.sys
     Microsoft Windows Management Interface for ACPI: Windows Management Interface for ACPI
     Microsoft Corporation
     10.0.18362.1
     c:\windows\system32\drivers\wmiacpi.sys
     1927/3/16 0:23
   Wof
     Wof
     Windows Overlay File System Filter Driver: Windows 覆盖筛选器
     Microsoft Corporation
     10.0.18362.418
     c:\windows\system32\drivers\wof.sys
     1960/9/21 14:56
   WpdUpFltr
     System32\drivers\WpdUpFltr.sys
     WPD Upper Class Filter Driver: WPD Upper Class Filter Driver
     Microsoft Corporation
     10.0.18362.1
     c:\windows\system32\drivers\wpdupfltr.sys
     1918/9/3 9:12
   WudfPf
     system32\drivers\WudfPf.sys
     User Mode Driver Frameworks Platform Driver: A kernel mode driver that uses message-based interprocess communication mechanism to communicate with the driver manager and secure host process to facilitate secure companions
     Microsoft Corporation
     10.0.18362.1
     c:\windows\system32\drivers\wudfpf.sys
     1953/7/5 18:05
   WUDFRd
     \SystemRoot\System32\drivers\WUDFRd.sys
     Windows Driver Foundation - User-mode Driver Framework Reflector: A kernel mode driver that uses message-based interprocess communication mechanism to communicate with the driver manager and host process to facilitate UMDF drivers
     Microsoft Corporation
     10.0.18362.1
     c:\windows\system32\drivers\wudfrd.sys
     1992/6/19 4:42
   WUDFWpdFs
     \SystemRoot\system32\DRIVERS\WUDFRd.sys
     WPD 文件系统驱动程序: 允许通过 WPD 接口与可移动存储设备通信的用户模式驱动程序
     Microsoft Corporation
     10.0.18362.1
     c:\windows\system32\drivers\wudfrd.sys
     1992/6/19 4:42
   WUDFWpdMtp
     \SystemRoot\system32\DRIVERS\WUDFRd.sys
     WUDFWpdMtp: Windows Driver Foundation - User-mode Driver Framework Reflector
     Microsoft Corporation
     10.0.18362.1
     c:\windows\system32\drivers\wudfrd.sys
     1992/6/19 4:42
   xboxgip
     \SystemRoot\System32\drivers\xboxgip.sys
     Xbox 游戏输入协议驱动程序: Xbox 游戏输入协议驱动程序
     Microsoft Corporation
     10.0.18362.267
     c:\windows\system32\drivers\xboxgip.sys
     2016/2/9 11:09
   xinputhid
     \SystemRoot\System32\drivers\xinputhid.sys
     XINPUT HID 筛选器驱动程序: XINPUT filter driver for HID
     Microsoft Corporation
     10.0.18362.1
     c:\windows\system32\drivers\xinputhid.sys
     1930/12/12 10:08
   XLGuard
     system32\drivers\XLGuard.sys
     XLGuard Driver: XLGuard.sys
     深圳市迅雷网络技术有限公司
     1.0.0.1
     c:\windows\system32\drivers\xlguard.sys
     2015/10/20 15:43
   XLWFP
     system32\drivers\xlwfp.sys
     Xunlei WFP Driver: xlwfp.sys
     深圳市迅雷网络技术有限公司
     1.0.0.8
     c:\windows\system32\drivers\xlwfp.sys
     2016/1/12 17:10

HKLM\SOFTWARE\Microsoft\Windows NT\CurrentVersion\Font Drivers
   Adobe Type Manager
     atmfd.dll
     File not found: atmfd.dll
     

Windows IP 配置

   主机名  . . . . . . . . . . . . . : DESKTOP-SUAN5I5
   主 DNS 后缀 . . . . . . . . . . . : 
   节点类型  . . . . . . . . . . . . : 混合
   IP 路由已启用 . . . . . . . . . . : 否
   WINS 代理已启用 . . . . . . . . . : 否

以太网适配器 以太网 2:

   媒体状态  . . . . . . . . . . . . : 媒体已断开连接
   连接特定的 DNS 后缀 . . . . . . . : 
   描述. . . . . . . . . . . . . . . : Sangfor SSL VPN CS Support System VNIC
   物理地址. . . . . . . . . . . . . : 00-FF-B1-73-AE-DF
   DHCP 已启用 . . . . . . . . . . . : 否
   自动配置已启用. . . . . . . . . . : 是

以太网适配器 以太网:

   连接特定的 DNS 后缀 . . . . . . . : 
   描述. . . . . . . . . . . . . . . : Realtek PCIe GbE Family Controller
   物理地址. . . . . . . . . . . . . : 30-9C-23-0A-DA-27
   DHCP 已启用 . . . . . . . . . . . : 是
   自动配置已启用. . . . . . . . . . : 是
   本地链接 IPv6 地址. . . . . . . . : fe80::3ce0:d9e9:d708:cbc6%15(首选) 
   IPv4 地址 . . . . . . . . . . . . : 192.168.31.178(首选) 
   子网掩码  . . . . . . . . . . . . : 255.255.255.0
   获得租约的时间  . . . . . . . . . : 2020年4月28日 9:49:51
   租约过期的时间  . . . . . . . . . : 2020年4月28日 21:49:50
   默认网关. . . . . . . . . . . . . : 192.168.31.1
   DHCP 服务器 . . . . . . . . . . . : 192.168.31.1
   DHCPv6 IAID . . . . . . . . . . . : 154180643
   DHCPv6 客户端 DUID  . . . . . . . : 00-01-00-01-20-F8-88-69-30-9C-23-0A-DA-27
   DNS 服务器  . . . . . . . . . . . : 114.114.114.114
                                       114.114.114.115
   TCPIP 上的 NetBIOS  . . . . . . . : 已启用

以太网适配器 VMware Network Adapter VMnet1:

   连接特定的 DNS 后缀 . . . . . . . : 
   描述. . . . . . . . . . . . . . . : VMware Virtual Ethernet Adapter for VMnet1
   物理地址. . . . . . . . . . . . . : 00-50-56-C0-00-01
   DHCP 已启用 . . . . . . . . . . . : 否
   自动配置已启用. . . . . . . . . . : 是
   本地链接 IPv6 地址. . . . . . . . : fe80::680e:81dd:df14:1e3b%18(首选) 
   IPv4 地址 . . . . . . . . . . . . : 192.168.186.1(首选) 
   子网掩码  . . . . . . . . . . . . : 255.255.255.0
   默认网关. . . . . . . . . . . . . : 
   DHCPv6 IAID . . . . . . . . . . . : 151015510
   DHCPv6 客户端 DUID  . . . . . . . : 00-01-00-01-20-F8-88-69-30-9C-23-0A-DA-27
   DNS 服务器  . . . . . . . . . . . : fec0:0:0:ffff::1%1
                                       fec0:0:0:ffff::2%1
                                       fec0:0:0:ffff::3%1
   TCPIP 上的 NetBIOS  . . . . . . . : 已启用

以太网适配器 VMware Network Adapter VMnet8:

   连接特定的 DNS 后缀 . . . . . . . : 
   描述. . . . . . . . . . . . . . . : VMware Virtual Ethernet Adapter for VMnet8
   物理地址. . . . . . . . . . . . . : 00-50-56-C0-00-08
   DHCP 已启用 . . . . . . . . . . . : 否
   自动配置已启用. . . . . . . . . . : 是
   本地链接 IPv6 地址. . . . . . . . : fe80::158d:2c5d:9b9c:b210%4(首选) 
   IPv4 地址 . . . . . . . . . . . . : 192.168.202.1(首选) 
   子网掩码  . . . . . . . . . . . . : 255.255.255.0
   默认网关. . . . . . . . . . . . . : 
   DHCPv6 IAID . . . . . . . . . . . : 201347158
   DHCPv6 客户端 DUID  . . . . . . . : 00-01-00-01-20-F8-88-69-30-9C-23-0A-DA-27
   DNS 服务器  . . . . . . . . . . . : fec0:0:0:ffff::1%1
                                       fec0:0:0:ffff::2%1
                                       fec0:0:0:ffff::3%1
   TCPIP 上的 NetBIOS  . . . . . . . : 已启用

===========================================================================
接口列表
 14...00 ff b1 73 ae df ......Sangfor SSL VPN CS Support System VNIC
 15...30 9c 23 0a da 27 ......Realtek PCIe GbE Family Controller
 18...00 50 56 c0 00 01 ......VMware Virtual Ethernet Adapter for VMnet1
  4...00 50 56 c0 00 08 ......VMware Virtual Ethernet Adapter for VMnet8
  1...........................Software Loopback Interface 1
===========================================================================

IPv4 路由表
===========================================================================
活动路由:
网络目标        网络掩码          网关       接口   跃点数
          0.0.0.0          0.0.0.0     192.168.31.1   192.168.31.178     35
        127.0.0.0        255.0.0.0            在链路上         127.0.0.1    331
        127.0.0.1  255.255.255.255            在链路上         127.0.0.1    331
  127.255.255.255  255.255.255.255            在链路上         127.0.0.1    331
     192.168.31.0    255.255.255.0            在链路上    192.168.31.178    291
   192.168.31.178  255.255.255.255            在链路上    192.168.31.178    291
   192.168.31.255  255.255.255.255            在链路上    192.168.31.178    291
    192.168.186.0    255.255.255.0            在链路上     192.168.186.1    291
    192.168.186.1  255.255.255.255            在链路上     192.168.186.1    291
  192.168.186.255  255.255.255.255            在链路上     192.168.186.1    291
    192.168.202.0    255.255.255.0            在链路上     192.168.202.1    291
    192.168.202.1  255.255.255.255            在链路上     192.168.202.1    291
  192.168.202.255  255.255.255.255            在链路上     192.168.202.1    291
        224.0.0.0        240.0.0.0            在链路上         127.0.0.1    331
        224.0.0.0        240.0.0.0            在链路上     192.168.186.1    291
        224.0.0.0        240.0.0.0            在链路上     192.168.202.1    291
        224.0.0.0        240.0.0.0            在链路上    192.168.31.178    291
  255.255.255.255  255.255.255.255            在链路上         127.0.0.1    331
  255.255.255.255  255.255.255.255            在链路上     192.168.186.1    291
  255.255.255.255  255.255.255.255            在链路上     192.168.202.1    291
  255.255.255.255  255.255.255.255            在链路上    192.168.31.178    291
===========================================================================
永久路由:
  无

IPv6 路由表
===========================================================================
活动路由:
 接口跃点数网络目标                网关
  1    331 ::1/128                  在链路上
 18    291 fe80::/64                在链路上
  4    291 fe80::/64                在链路上
 15    291 fe80::/64                在链路上
  4    291 fe80::158d:2c5d:9b9c:b210/128
                                    在链路上
 15    291 fe80::3ce0:d9e9:d708:cbc6/128
                                    在链路上
 18    291 fe80::680e:81dd:df14:1e3b/128
                                    在链路上
  1    331 ff00::/8                 在链路上
 18    291 ff00::/8                 在链路上
  4    291 ff00::/8                 在链路上
 15    291 ff00::/8                 在链路上
===========================================================================
永久路由:
  无


接口: 192.168.202.1 --- 0x4
  Internet 地址         物理地址              类型
  192.168.202.255       ff-ff-ff-ff-ff-ff     静态        
  224.0.0.22            01-00-5e-00-00-16     静态        
  224.0.0.251           01-00-5e-00-00-fb     静态        
  224.0.0.252           01-00-5e-00-00-fc     静态        
  239.255.255.250       01-00-5e-7f-ff-fa     静态        

接口: 192.168.31.178 --- 0xf
  Internet 地址         物理地址              类型
  192.168.31.1          f0-b4-29-71-e3-38     动态        
  192.168.31.255        ff-ff-ff-ff-ff-ff     静态        
  224.0.0.22            01-00-5e-00-00-16     静态        
  224.0.0.251           01-00-5e-00-00-fb     静态        
  224.0.0.252           01-00-5e-00-00-fc     静态        
  239.255.255.250       01-00-5e-7f-ff-fa     静态        
  255.255.255.255       ff-ff-ff-ff-ff-ff     静态        

接口: 192.168.186.1 --- 0x12
  Internet 地址         物理地址              类型
  192.168.186.255       ff-ff-ff-ff-ff-ff     静态        
  224.0.0.22            01-00-5e-00-00-16     静态        
  224.0.0.251           01-00-5e-00-00-fb     静态        
  224.0.0.252           01-00-5e-00-00-fc     静态        
  239.255.255.250       01-00-5e-7f-ff-fa     静态        

Process information for DESKTOP-SUAN5I5:

Name                Pid Pri Thd  Hnd   Priv        CPU Time    Elapsed Time 
Idle                  0   0  12    0     60    19:18:15.703     1:39:29.165
System                4   8 224 6649    200     0:03:07.687     1:39:29.165
Registry            144   8   4    0  13112     0:00:00.781     1:39:33.127
smss                536  11   3   53   1188     0:00:00.218     1:39:29.159
csrss               724  13  23  761   2628     0:00:02.234     1:39:26.780
wininit             832  13   2  156   1524     0:00:00.093     1:39:24.313
csrss               840  13  14  719   9428     0:00:28.468     1:39:24.308
services            904   9  12  712   5596     0:00:05.203     1:39:24.231
lsass               924   9  10 1809   9440     0:00:24.625     1:39:24.197
winlogon           1000  13   6  269   3212     0:00:00.203     1:39:24.051
svchost             708   8   2   86    960     0:00:00.015     1:39:24.022
svchost             828   8  20 1159  10316     0:00:02.734     1:39:24.009
fontdrvhost         952   8   6   32   2616     0:00:00.031     1:39:24.003
fontdrvhost        1020   8   6   32   6192     0:00:03.625     1:39:24.003
svchost            1112   8  11 1211   7284     0:00:05.265     1:39:23.907
svchost            1160   8   5  331   2900     0:00:00.828     1:39:23.880
dwm                1232  13  14 1022 101752     0:01:43.937     1:39:23.800
svchost            1312   8  14  395   3824     0:00:00.609     1:39:23.754
svchost            1360   8   4  167   1712     0:00:00.015     1:39:23.743
svchost            1420   8   2  223   2320     0:00:00.093     1:39:23.732
svchost            1428   8   3  164   2184     0:00:00.093     1:39:23.731
svchost            1528   8  11  396   6392     0:00:03.046     1:39:23.716
svchost            1572   8   3  163   1536     0:00:00.125     1:39:23.711
svchost            1616   8   3  224   3312     0:00:00.765     1:39:23.701
svchost            1628   8   7  139   1632     0:00:00.015     1:39:23.699
svchost            1732   8   8  408  13156     0:00:00.625     1:39:23.677
svchost            1840   8   6  258   2772     0:00:00.515     1:39:23.659
svchost            1912   8   4  158   5352     0:00:00.234     1:39:23.636
svchost            1936   8   3  177   1712     0:00:00.015     1:39:23.632
svchost            2032   8   2  127   1532     0:00:00.031     1:39:23.616
svchost            2040   8   5  236   2484     0:00:00.765     1:39:23.615
atiesrxx           2124   8   5  182   1436     0:00:00.062     1:39:23.594
svchost            2212   8   6  367   4236     0:00:06.296     1:39:23.570
svchost            2220   8   5  192   1652     0:00:00.015     1:39:23.569
svchost            2260   8  10  274  20236     0:00:07.718     1:39:23.563
svchost            2368   8   5  188   2032     0:00:00.062     1:39:23.523
svchost            2416   8   6  414   2708     0:00:00.531     1:39:23.511
svchost            2484   8   6  222   2308     0:00:00.046     1:39:23.490
svchost            2600   8   6  211   2864     0:00:02.265     1:39:23.434
svchost            2824   8   3  217   1316     0:00:00.109     1:39:23.267
svchost            2832   8   5  224   2508     0:00:08.703     1:39:23.267
svchost            2840   8   5  175   1960     0:00:00.062     1:39:23.266
wsc_proxy          2844   8   8  238   4276     0:00:00.093     1:39:23.266
atieclxx           2856   8   8  278   2992     0:00:10.843     1:39:23.266
Memory Compression  2952   8  42    0     88     0:00:00.078     1:39:23.244
svchost            2996   8   2  225   2176     0:00:00.093     1:39:23.239
svchost            3052   8   3  302   2268     0:00:01.140     1:39:23.156
svchost            3060   8   6  162   1796     0:00:00.156     1:39:23.156
svchost            3108   8  10  487   4012     0:00:01.453     1:39:22.141
svchost            3192   8   6  181   7072     0:00:05.437     1:39:22.041
svchost            3216   8   4  128   1712     0:00:00.078     1:39:22.021
svchost            3224   8   7  355   2592     0:00:00.171     1:39:22.021
svchost            3268   8   4  255   2816     0:00:00.203     1:39:21.999
AvastSvc           3276   8 190 5193 110556     0:00:33.968     1:39:21.999
svchost            3384   8  16  446  16728     0:00:05.859     1:39:21.981
svchost            3720   8  12  473   8864     0:00:03.015     1:39:21.857
spoolsv            3848   8   9  438   6024     0:00:00.250     1:39:21.686
aswEngSrv          4064   8  35  750  66488     0:00:07.843     1:39:20.471
SearchIndexer      3640   8  35  897  32060     0:00:08.296     1:39:20.291
svchost            4380   8   9  573   6104     0:00:00.609     1:39:19.695
afwServ            4396   8  43  683  17248     0:00:04.531     1:39:19.694
svchost            4788   8   2  141   1408     0:00:00.046     1:39:19.558
armsvc             4796   8   3  156   1520     0:00:00.015     1:39:19.557
svchost            4804   8  11  370   4452     0:00:00.453     1:39:19.556
svchost            4916   8  14  665  19300     0:00:06.578     1:39:19.554
svchost            4924   8   5  264   2636     0:00:00.046     1:39:19.553
IpOverUsbSvc       4944   8   7  314  10412     0:00:00.203     1:39:19.551
QQProtect          4952   8  20  396  18760     0:00:00.578     1:39:19.551
FlashHelperService  4964   8  56 1047  13356     0:00:00.593     1:39:19.549
sqlwriter          4972   8   3  141   1808     0:00:00.046     1:39:19.548
svchost            4980   8   3  152   1312     0:00:00.062     1:39:19.548
svchost            4988   8   5  181   1936     0:00:00.140     1:39:19.548
svchost            4996   8   2  135   1632     0:00:00.031     1:39:19.547
sqlservr           5004   8  55  548  58536     0:00:00.593     1:39:19.547
vmware-authd       5016   8   7  316   9148     0:00:11.968     1:39:19.545
OfficeClickToRun   5028   8  19  685  33988     0:00:03.125     1:39:19.545
vmnat              5036   8   5  195   4932     0:00:00.046     1:39:19.545
svchost            5044   8  17  355  27912     0:00:03.265     1:39:19.545
SetTimerResolutionService  5052   8   4  194  12572     0:00:00.203     1:39:19.544
vmware-usbarbitrator64  5060   8   7  285   4848     0:00:00.343     1:39:19.544
vmnetdhcp          5068   8   3   87   7888     0:00:00.031     1:39:19.544
svchost            5076   8   4  274   6032     0:00:00.187     1:39:19.544
SangforPromoteService  5164   8  14  419   6748     0:00:02.718     1:39:19.527
svchost            5220   8   7  394   4536     0:00:00.125     1:39:19.509
svchost            5312   8   6  210   2424     0:00:00.062     1:39:19.477
svchost            5476   8   3  109   1328     0:00:00.015     1:39:19.440
svchost            5704   8  14  382   3560     0:00:00.375     1:39:19.403
dasHost            5840   8   3  127   1240     0:00:00.046     1:39:19.363
svchost            5908   8   8  306   3388     0:00:00.156     1:39:19.346
svchost            6912   8   4  162   1724     0:00:00.015     1:39:18.999
aswidsagent        6972   8  22  817  75168     0:00:46.015     1:39:18.968
svchost            7136   8   7  239   2064     0:00:00.093     1:39:18.695
vmware-hostd       7392   8  21  489  37860     0:00:02.265     1:39:18.294
svchost            7844   8   7  453   4340     0:00:00.406     1:39:17.639
unsecapp            944   8   3  132   1480     0:00:00.031     1:39:16.906
sihost             8284   8   8  553   6752     0:00:02.250     1:39:13.307
svchost            8292   8   9  401   8828     0:00:08.359     1:39:13.296
svchost            8304   8   7  487   7620     0:00:00.859     1:39:13.262
taskhostw          8404   8   8  311   7676     0:00:00.796     1:39:13.215
svchost            8440   8   5  245   3560     0:00:00.515     1:39:13.197
svchost            8540   8   5  213   2472     0:00:00.062     1:39:13.164
ctfmon             8616  13  13  686  11256     0:00:07.109     1:39:13.122
svchost            8744   8   8  377   4764     0:00:00.234     1:39:12.896
rundll32           9064   8   2  140   1972     0:00:00.015     1:39:12.529
CheckUpdate        8112   8   3  199   4888     0:00:00.140     1:39:11.500
ChsIME             8080   8   3  149   1864     0:00:00.015     1:39:11.468
explorer           8056   8  86 3123  96896     0:01:16.812     1:39:11.408
svchost            8828   8   5  266   3504     0:00:00.140     1:39:11.063
StartMenuExperienceHost  9268   8  13  641  29772     0:00:01.031     1:39:10.526
RuntimeBroker      9400   8   3  333   6248     0:00:00.421     1:39:10.361
SearchUI           9492   8  36 1208  80396     0:00:03.421     1:39:10.161
RuntimeBroker      9688   8   5  446   6740     0:00:01.640     1:39:09.873
svchost            9800   8   5  171   2428     0:00:00.062     1:39:09.795
YourPhone          9952   8  13  418  14840     0:00:00.234     1:39:09.694
svchost            9968   8   4  353   8036     0:00:00.718     1:39:09.683
SettingSyncHost   10040   6   3  321   4744     0:00:00.500     1:39:09.627
dllhost            3084   8   5  198   3284     0:00:00.062     1:39:09.202
WindowsInternal.ComposableShell.Experiences.TextInput.InputApp  1212   8  19  716  14296     0:00:01.968     1:39:09.198
ECAgent            6016   8  16  465   9240     0:00:02.281     1:39:09.090
RuntimeBroker     10864   8   2  207   2844     0:00:00.078     1:39:08.615
RuntimeBroker     10284   8   2  306   4108     0:00:03.109     1:39:03.996
svchost           10740   8   3  232   3056     0:00:02.062     1:39:03.697
svchost           10968   8   9  312   4404     0:00:00.531     1:39:03.565
svchost           11088   8   8  246   4304     0:00:00.093     1:39:02.248
TIM               11284   8  73 1409 164336     0:01:42.046     1:39:01.479
RtkNGUI64         11672   8   7  401   4780     0:00:00.250     1:38:59.491
AvastUI           11864   8  44 1968  54172     0:01:30.343     1:38:58.645
OneDrive          11988   8  30  847  49220     0:00:36.890     1:38:58.227
ShellExperienceHost 12068   8  15  582  13280     0:00:00.453     1:38:57.895
SecurityHealthService 11792   8   8  286   3388     0:00:00.109     1:38:54.611
RadeonSoftware    11484   8  46 2409 238160     0:00:09.046     1:38:52.790
svchost           11220   8   2  116   1552     0:00:00.078     1:38:51.548
Integrator        11416   8   3  330  13888     0:00:00.906     1:38:51.385
AMDRSServ          1340   8  28 5732 210948     0:00:00.937     1:38:50.304
amdow              2060   8  26  157   2564     0:00:00.031     1:38:50.057
ApplicationFrameHost 12388   8   4  388  18740     0:00:00.296     1:38:31.559
Microsoft.Msn.Weather 12412   8  27  679  28632     0:00:00.609     1:38:31.552
RuntimeBroker     12620   8   2  104   1480     0:00:00.015     1:38:30.686
svchost           13188   8   6  615   6856     0:00:00.640     1:38:22.812
dllhost            3492   8   3  130   2140     0:00:00.031     1:37:31.712
HxOutlook         13868   8  33  851  36852     0:00:00.734     1:37:31.549
RuntimeBroker     14076   8   3  242   3344     0:00:00.078     1:37:31.069
HxTsr             10252   8  15  633  12892     0:00:00.484     1:37:31.001
SgrmBroker         1172   8   5   89   3160     0:00:00.125     1:37:17.812
svchost           13128   8   8  260   4780     0:00:00.343     1:37:17.377
UninstallMonitor  12672   8  24  469  27108     0:01:00.031     1:37:08.175
SogouCloud        13008   8  18  401  12996     0:00:15.156     1:19:09.345
chrome            12736   8  39 1636 145896     0:00:28.234     1:02:54.368
chrome            13280   8   7  177   2108     0:00:00.015     1:02:54.341
chrome             9880   8   3  138   2424     0:00:00.015     1:02:54.255
chrome            16904  10  25  733 175008     0:00:17.578     1:02:54.188
chrome            16892   8  12  455  38856     0:00:02.625     1:02:54.176
chrome            17440   8  16  235  16536     0:00:00.156     1:02:54.031
chrome            17548   8  16  241  58312     0:00:05.718     1:02:54.001
chrome            17716   8  17  249  32192     0:00:00.812     1:02:53.981
chrome            17788   8  16  238  22432     0:00:01.015     1:02:53.964
PreMalScn         19796   8   3  156   5344     0:00:33.625     0:54:12.172
v2rayN            17592   8  18  530  38460     0:00:02.937     0:45:26.654
wv2ray            12224   8  20  203  17484     0:00:00.718     0:45:25.826
v2ray_privoxy     13080   8   3  177   3996     0:00:00.203     0:45:25.735
AvastUI            5984   8  12  484  19940     0:00:00.218     0:45:25.681
chrome            10048   8  10  211  14424     0:00:00.343     0:45:25.451
pacjsworker       14264   8   6  111  13368     0:00:00.171     0:45:24.290
chrome             8428   4  16  277  55760     0:00:03.875     0:44:56.276
PDFelement        12324   8  43 1329 179912     0:10:00.328     0:41:11.710
WSHelper          16792   8   6  389  10128     0:00:00.156     0:41:07.529
cmd               16984   8   2   75   3788     0:00:00.109     0:40:34.246
conhost           17048   8   7  356  16464     0:00:01.218     0:40:34.238
PotPlayerMini     19540  10  79 2135 240868     0:00:51.625     0:36:27.222
audiodg           20336   8  11  579 120656     0:00:07.750     0:36:25.177
chrome            10568   4  16  223  11956     0:00:00.093     0:24:49.321
svchost           10996   8   4  116   1624     0:00:00.015     0:24:44.369
svchost           20968   8   5  172   2668     0:00:00.046     0:24:35.228
chrome             3932   8   9  276   7272     0:00:00.265     0:23:33.253
SearchProtocolHost  8324   4   6  265   2092     0:00:00.031     0:14:52.259
AvastUI           19756   8  12  641  14588     0:00:00.359     0:11:04.619
SearchProtocolHost 21148   4   6  380   3104     0:00:00.109     0:06:58.701
SearchFilterHost  14728   4   5  204   2604     0:00:00.046     0:01:38.135
svchost           15316   8   5  130   1960     0:00:00.093     0:01:01.156
svchost           15224   8  11  363   4576     0:00:00.062     0:01:00.611
pslist            15824  13   4  246   3308     0:00:00.343     0:00:00.178
